Archive member included to satisfy reference by file (symbol)

C:/Program Files/SEGGER/SEGGER Embedded Studio for ARM 4.52a/lib/libc_v7em_fpv4_sp_d16_hard_t_le_eabi.a(libc_asm.o)
                              Output/spi_pca10040 Release/Obj/bsp.o (__aeabi_uldivmod)
C:/Program Files/SEGGER/SEGGER Embedded Studio for ARM 4.52a/lib/libc_v7em_fpv4_sp_d16_hard_t_le_eabi.a(libc2.o)
                              Output/spi_pca10040 Release/Obj/SEGGER_RTT_Syscalls_SES.o (vsnprintf)
C:/Program Files/SEGGER/SEGGER Embedded Studio for ARM 4.52a/lib/libc_v7em_fpv4_sp_d16_hard_t_le_eabi.a(libc2_asm.o)
                              Output/spi_pca10040 Release/Obj/app_scheduler.o (memcpy)
C:/Program Files/SEGGER/SEGGER Embedded Studio for ARM 4.52a/lib/libc_v7em_fpv4_sp_d16_hard_t_le_eabi.a(libc.o)
                              C:/Program Files/SEGGER/SEGGER Embedded Studio for ARM 4.52a/lib/libc_v7em_fpv4_sp_d16_hard_t_le_eabi.a(libc2.o) (__heap_lock)
C:/Program Files/SEGGER/SEGGER Embedded Studio for ARM 4.52a/lib/libdebugio_v7em_fpv4_sp_d16_hard_t_le_eabi.a(libdebugio.o)
                              Output/spi_pca10040 Release/Obj/thumb_crt0.o (debug_fopen)
C:/Program Files/SEGGER/SEGGER Embedded Studio for ARM 4.52a/lib/libdebugio_mempoll_v7em_fpv4_sp_d16_hard_t_le_eabi.a(mempoll_debug_operations.o)
                              C:/Program Files/SEGGER/SEGGER Embedded Studio for ARM 4.52a/lib/libdebugio_v7em_fpv4_sp_d16_hard_t_le_eabi.a(libdebugio.o) (__do_debug_operation)
C:/Program Files/SEGGER/SEGGER Embedded Studio for ARM 4.52a/lib/libdebugio_mempoll_v7em_fpv4_sp_d16_hard_t_le_eabi.a(do_nv_debug_operation.o)
                              C:/Program Files/SEGGER/SEGGER Embedded Studio for ARM 4.52a/lib/libdebugio_v7em_fpv4_sp_d16_hard_t_le_eabi.a(libdebugio.o) (__do_nvdebug_operation)
C:/Program Files/SEGGER/SEGGER Embedded Studio for ARM 4.52a/lib/libm_v7em_fpv4_sp_d16_hard_t_le_eabi.a(libm_asm.o)
                              C:/Program Files/SEGGER/SEGGER Embedded Studio for ARM 4.52a/lib/libc_v7em_fpv4_sp_d16_hard_t_le_eabi.a(libc2.o) (__aeabi_dadd)
C:/Program Files/SEGGER/SEGGER Embedded Studio for ARM 4.52a/lib/libm_v7em_fpv4_sp_d16_hard_t_le_eabi.a(libm2.o)
                              C:/Program Files/SEGGER/SEGGER Embedded Studio for ARM 4.52a/lib/libvfprintf_v7em_fpv4_sp_d16_hard_t_le_eabi.o (frexp)

Discarded input sections

 .text          0x0000000000000000        0x0 Output/spi_pca10040 Release/Obj/thumb_crt0.o
 .data          0x0000000000000000        0x0 Output/spi_pca10040 Release/Obj/thumb_crt0.o
 .bss           0x0000000000000000        0x0 Output/spi_pca10040 Release/Obj/thumb_crt0.o
 .text.__aeabi_read_tp
                0x0000000000000000        0x8 Output/spi_pca10040 Release/Obj/thumb_crt0.o
 .text.abort    0x0000000000000000        0x2 Output/spi_pca10040 Release/Obj/thumb_crt0.o
 .text.__assert
                0x0000000000000000        0x2 Output/spi_pca10040 Release/Obj/thumb_crt0.o
 .text.__aeabi_assert
                0x0000000000000000        0x2 Output/spi_pca10040 Release/Obj/thumb_crt0.o
 .text.__sync_synchronize
                0x0000000000000000        0x2 Output/spi_pca10040 Release/Obj/thumb_crt0.o
 .text.__getchar
                0x0000000000000000        0x4 Output/spi_pca10040 Release/Obj/thumb_crt0.o
 .text.__putchar
                0x0000000000000000        0x4 Output/spi_pca10040 Release/Obj/thumb_crt0.o
 .text.__open   0x0000000000000000        0x4 Output/spi_pca10040 Release/Obj/thumb_crt0.o
 .text.__close  0x0000000000000000        0x4 Output/spi_pca10040 Release/Obj/thumb_crt0.o
 .text.__write  0x0000000000000000        0xa Output/spi_pca10040 Release/Obj/thumb_crt0.o
 .text.__read   0x0000000000000000        0xa Output/spi_pca10040 Release/Obj/thumb_crt0.o
 .text.__seek   0x0000000000000000       0x1a Output/spi_pca10040 Release/Obj/thumb_crt0.o
 .bss.__user_locale_name_buffer
                0x0000000000000000        0x4 Output/spi_pca10040 Release/Obj/thumb_crt0.o
 .stack         0x0000000000000000        0x0 Output/spi_pca10040 Release/Obj/thumb_crt0.o
 .stack_process
                0x0000000000000000        0x0 Output/spi_pca10040 Release/Obj/thumb_crt0.o
 .heap          0x0000000000000000        0x0 Output/spi_pca10040 Release/Obj/thumb_crt0.o
 .group         0x0000000000000000        0xc Output/spi_pca10040 Release/Obj/nrf_log_backend_rtt.o
 .group         0x0000000000000000        0xc Output/spi_pca10040 Release/Obj/nrf_log_backend_rtt.o
 .group         0x0000000000000000        0xc Output/spi_pca10040 Release/Obj/nrf_log_backend_rtt.o
 .group         0x0000000000000000        0xc Output/spi_pca10040 Release/Obj/nrf_log_backend_rtt.o
 .group         0x0000000000000000        0xc Output/spi_pca10040 Release/Obj/nrf_log_backend_rtt.o
 .group         0x0000000000000000        0xc Output/spi_pca10040 Release/Obj/nrf_log_backend_rtt.o
 .group         0x0000000000000000        0xc Output/spi_pca10040 Release/Obj/nrf_log_backend_rtt.o
[...]
Memory Configuration

Name             Origin             Length             Attributes
UNPLACED_SECTIONS 0x0000000100000000 0x0000000000000000 xw
RAM              0x0000000020000000 0x0000000000010000 xw
FLASH            0x0000000000000000 0x0000000000080000 xw
*default*        0x0000000000000000 0xffffffffffffffff

Linker script and memory map

                0x0000000000000000                __vfprintf = __vfprintf_long
                0x0000000000000000                __vfscanf = __vfscanf_long
                0x0000000020000000                __RAM_segment_start__ = 0x20000000
                0x0000000020010000                __RAM_segment_end__ = 0x20010000
                0x0000000000010000                __RAM_segment_size__ = 0x10000
                0x0000000000000000                __FLASH_segment_start__ = 0x0
                0x0000000000080000                __FLASH_segment_end__ = 0x80000
                0x0000000000080000                __FLASH_segment_size__ = 0x80000
                0x0000000000002000                __HEAPSIZE__ = 0x2000
                0x0000000000000000                __STACKSIZE_PROCESS__ = 0x0
                0x0000000000002000                __STACKSIZE__ = 0x2000
                0x0000000020000000                __vectors_ram_load_start__ = 0x20000000

.vectors_ram    0x0000000020000000        0x0
                0x0000000020000000                __vectors_ram_start__ = .
                0x0000000020000000                __app_ram_start__ = __vectors_ram_start__
 *(.vectors_ram .vectors_ram.*)
                0x0000000020000000                __vectors_ram_end__ = (__vectors_ram_start__ + SIZEOF (.vectors_ram))
                0x0000000000000000                __vectors_ram_size__ = SIZEOF (.vectors_ram)
                0x0000000020000000                __vectors_ram_load_end__ = __vectors_ram_end__
                0x0000000000000001                . = ASSERT (((__vectors_ram_start__ == __vectors_ram_end__) || ((__vectors_ram_end__ - __RAM_segment_start__) <= __RAM_segment_size__)), error: .vectors_ram is too large to fit in RAM memory segment)
                0x0000000020000000                __nrf_sections_run_load_start__ = ALIGN (__vectors_ram_end__, 0x4)

.nrf_sections_run
                0x0000000020000000        0x0
                0x0000000020000000                __nrf_sections_run_start__ = .
                0x0000000020000000                __start_nrf_sections_run = __nrf_sections_run_start__
 *(.nrf_sections_run .nrf_sections_run.*)
                0x0000000020000000                __nrf_sections_run_end__ = (__nrf_sections_run_start__ + SIZEOF (.nrf_sections_run))
                0x0000000000000000                __nrf_sections_run_size__ = SIZEOF (.nrf_sections_run)
                0x0000000020000000                __nrf_sections_run_load_end__ = __nrf_sections_run_end__
                0x0000000000000001                . = ASSERT (((__nrf_sections_run_start__ == __nrf_sections_run_end__) || ((__nrf_sections_run_end__ - __RAM_segment_start__) <= __RAM_segment_size__)), error: .nrf_sections_run is too large to fit in RAM memory segment)
                0x0000000000000000                __vectors_load_start__ = 0x0

.vectors        0x0000000000000000      0x200
                0x0000000000000000                __vectors_start__ = .
 *(.vectors .vectors.*)
 .vectors       0x0000000000000000      0x200 Output/spi_pca10040 Release/Obj/ses_startup_nrf52.o
                0x0000000000000000                _vectors
                0x0000000000000200                __vectors_end__ = (__vectors_start__ + SIZEOF (.vectors))
                0x0000000000000200                __vectors_size__ = SIZEOF (.vectors)
                0x0000000000000200                __vectors_load_end__ = __vectors_end__
                0x0000000000000001                . = ASSERT (((__vectors_start__ == __vectors_end__) || ((__vectors_end__ - __FLASH_segment_start__) <= __FLASH_segment_size__)), error: .vectors is too large to fit in FLASH memory segment)
                0x0000000000000200                __init_load_start__ = ALIGN (__vectors_end__, 0x4)

.init           0x0000000000000200      0x1d0
                0x0000000000000200                __init_start__ = .
 *(.init .init.*)
 .init          0x0000000000000200      0x15c Output/spi_pca10040 Release/Obj/thumb_crt0.o
                0x0000000000000200                _start
                0x00000000000002b4                exit
 .init          0x000000000000035c       0x18 Output/spi_pca10040 Release/Obj/ses_startup_nrf52.o
                0x000000000000035c                NMI_Handler
                0x000000000000035e                HardFault_Handler
                0x0000000000000360                MemoryManagement_Handler
                0x0000000000000362                BusFault_Handler
                0x0000000000000364                UsageFault_Handler
                0x0000000000000366                SVC_Handler
                0x0000000000000368                DebugMon_Handler
                0x000000000000036a                PendSV_Handler
                0x000000000000036c                SysTick_Handler
                0x000000000000036e                SWI2_EGU2_IRQHandler
                0x000000000000036e                POWER_CLOCK_IRQHandler
                0x000000000000036e                RADIO_IRQHandler
                0x000000000000036e                PWM1_IRQHandler
                0x000000000000036e                TEMP_IRQHandler
                0x000000000000036e                QDEC_IRQHandler
                0x000000000000036e                SWI0_EGU0_IRQHandler
                0x000000000000036e                FPU_IRQHandler
                0x000000000000036e                PDM_IRQHandler
                0x000000000000036e                TIMER4_IRQHandler
                0x000000000000036e                I2S_IRQHandler
                0x000000000000036e                SWI4_EGU4_IRQHandler
                0x000000000000036e                TIMER0_IRQHandler
                0x000000000000036e                Dummy_Handler
                0x000000000000036e                TIMER1_IRQHandler
                0x000000000000036e                PWM2_IRQHandler
                0x000000000000036e                ECB_IRQHandler
                0x000000000000036e                SPIM1_SPIS1_TWIM1_TWIS1_SPI1_TWI1_IRQHandler
                0x000000000000036e                SAADC_IRQHandler
                0x000000000000036e                CCM_AAR_IRQHandler
                0x000000000000036e                WDT_IRQHandler
                0x000000000000036e                TIMER3_IRQHandler
                0x000000000000036e                SWI5_EGU5_IRQHandler
                0x000000000000036e                RNG_IRQHandler
                0x000000000000036e                RTC2_IRQHandler
                0x000000000000036e                PWM0_IRQHandler
                0x000000000000036e                SWI3_EGU3_IRQHandler
                0x000000000000036e                SWI1_EGU1_IRQHandler
                0x000000000000036e                SPIM2_SPIS2_SPI2_IRQHandler
                0x000000000000036e                NFCT_IRQHandler
                0x000000000000036e                TIMER2_IRQHandler
                0x000000000000036e                MWU_IRQHandler
                0x000000000000036e                COMP_LPCOMP_IRQHandler
                0x0000000000000370                nRFInitialize
 .init          0x0000000000000374       0x5c Output/spi_pca10040 Release/Obj/ses_startup_nrf_common.o
                0x0000000000000374                Reset_Handler
                0x0000000000000378                afterInitialize
                0x000000000000039c                InitializeUserMemorySections
                0x00000000000003d0                __init_end__ = (__init_start__ + SIZEOF (.init))
                0x00000000000001d0                __init_size__ = SIZEOF (.init)
                0x00000000000003d0                __init_load_end__ = __init_end__
                0x0000000000000001                . = ASSERT (((__init_start__ == __init_end__) || ((__init_end__ - __FLASH_segment_start__) <= __FLASH_segment_size__)), error: .init is too large to fit in FLASH memory segment)
                0x00000000000003d0                __init_rodata_load_start__ = ALIGN (__init_end__, 0x4)

.init_rodata    0x00000000000003d0        0x0
                0x00000000000003d0                __init_rodata_start__ = .
 *(.init_rodata .init_rodata.*)
                0x00000000000003d0                __init_rodata_end__ = (__init_rodata_start__ + SIZEOF (.init_rodata))
                0x0000000000000000                __init_rodata_size__ = SIZEOF (.init_rodata)
                0x00000000000003d0                __init_rodata_load_end__ = __init_rodata_end__
                0x0000000000000001                . = ASSERT (((__init_rodata_start__ == __init_rodata_end__) || ((__init_rodata_end__ - __FLASH_segment_start__) <= __FLASH_segment_size__)), error: .init_rodata is too large to fit in FLASH memory segment)
                0x00000000000003d0                __text_load_start__ = ALIGN (__init_rodata_end__, 0x4)

.text           0x00000000000003d0      0xa6a
                0x00000000000003d0                __text_start__ = .
 *(.text .text.* .glue_7t .glue_7 .gnu.linkonce.t.* .gcc_except_table .ARM.extab* .gnu.linkonce.armextab.*)
 .glue_7        0x00000000000003d0        0x0 linker stubs
 .glue_7t       0x00000000000003d0        0x0 linker stubs
 .text.app_error_handler_bare
                0x00000000000003d0       0x1a Output/spi_pca10040 Release/Obj/app_error.o
                0x00000000000003d0                app_error_handler_bare
 *fill*         0x00000000000003ea        0x2 
 .text.app_error_fault_handler
                0x00000000000003ec       0x34 Output/spi_pca10040 Release/Obj/app_error_weak.o
                0x00000000000003ec                app_error_fault_handler
 .text.app_util_disable_irq
                0x0000000000000420       0x10 Output/spi_pca10040 Release/Obj/app_util_platform.o
                0x0000000000000420                app_util_disable_irq
 .text.app_util_enable_irq
                0x0000000000000430       0x14 Output/spi_pca10040 Release/Obj/app_util_platform.o
                0x0000000000000430                app_util_enable_irq
 .text.app_util_critical_region_enter
                0x0000000000000444        0x4 Output/spi_pca10040 Release/Obj/app_util_platform.o
                0x0000000000000444                app_util_critical_region_enter
 .text.app_util_critical_region_exit
                0x0000000000000448        0x4 Output/spi_pca10040 Release/Obj/app_util_platform.o
                0x0000000000000448                app_util_critical_region_exit
 .text.RTC1_IRQHandler
                0x000000000000044c       0x14 Output/spi_pca10040 Release/Obj/drv_rtc.o
                0x000000000000044c                RTC1_IRQHandler
 .text.spim_evt_handler
                0x0000000000000460       0x3c Output/spi_pca10040 Release/Obj/nrf_drv_spi.o
 .text.nrf_drv_spi_init
                0x000000000000049c       0x64 Output/spi_pca10040 Release/Obj/nrf_drv_spi.o
                0x000000000000049c                nrf_drv_spi_init
 .text.nrf_gpiote_event_clear
                0x0000000000000500       0x18 Output/spi_pca10040 Release/Obj/nrfx_gpiote.o
 .text.nrf_gpio_cfg_sense_set
                0x0000000000000518       0x20 Output/spi_pca10040 Release/Obj/nrfx_gpiote.o
 .text.GPIOTE_IRQHandler
                0x0000000000000538      0x150 Output/spi_pca10040 Release/Obj/nrfx_gpiote.o
                0x0000000000000538                GPIOTE_IRQHandler
 .text.UARTE0_UART0_IRQHandler
                0x0000000000000688        0xc Output/spi_pca10040 Release/Obj/nrfx_prs.o
                0x0000000000000688                UARTE0_UART0_IRQHandler
 .text.nrfx_prs_acquire
                0x0000000000000694       0x38 Output/spi_pca10040 Release/Obj/nrfx_prs.o
                0x0000000000000694                nrfx_prs_acquire
 .text.SPIM0_SPIS0_TWIM0_TWIS0_SPI0_TWI0_IRQHandler
                0x00000000000006cc       0x58 Output/spi_pca10040 Release/Obj/nrfx_spim.o
                0x00000000000006cc                SPIM0_SPIS0_TWIM0_TWIS0_SPI0_TWI0_IRQHandler
 .text.nrfx_spim_init
                0x0000000000000724      0x1a8 Output/spi_pca10040 Release/Obj/nrfx_spim.o
                0x0000000000000724                nrfx_spim_init
 .text.nrfx_spim_xfer
                0x00000000000008cc      0x128 Output/spi_pca10040 Release/Obj/nrfx_spim.o
                0x00000000000008cc                nrfx_spim_xfer
 .text.spi_event_handler
                0x00000000000009f4        0xc Output/spi_pca10040 Release/Obj/main.o
                0x00000000000009f4                spi_event_handler
 .text.RTC0_IRQHandler
                0x0000000000000a00       0x70 Output/spi_pca10040 Release/Obj/main.o
                0x0000000000000a00                RTC0_IRQHandler
 .text.init_rtc
                0x0000000000000a70       0x4c Output/spi_pca10040 Release/Obj/main.o
                0x0000000000000a70                init_rtc
 .text.startup.main
                0x0000000000000abc       0x38 Output/spi_pca10040 Release/Obj/main.o
                0x0000000000000abc                main
 .text.nrf52_errata_12
                0x0000000000000af4       0x40 Output/spi_pca10040 Release/Obj/system_nrf52.o
 .text.nrf52_errata_16
                0x0000000000000b34       0x2c Output/spi_pca10040 Release/Obj/system_nrf52.o
 .text.SystemInit
                0x0000000000000b60      0x274 Output/spi_pca10040 Release/Obj/system_nrf52.o
                0x0000000000000b60                SystemInit
 .text.libc.memset
                0x0000000000000dd4       0x66 C:/Program Files/SEGGER/SEGGER Embedded Studio for ARM 4.52a/lib/libc_v7em_fpv4_sp_d16_hard_t_le_eabi.a(libc2_asm.o)
                0x0000000000000dd4                memset
                0x0000000000000e3a                __text_end__ = (__text_start__ + SIZEOF (.text))
                0x0000000000000a6a                __text_size__ = SIZEOF (.text)
                0x0000000000000e3a                __text_load_end__ = __text_end__

.vfp11_veneer   0x0000000100000000        0x0
 .vfp11_veneer  0x0000000100000000        0x0 linker stubs

.v4_bx          0x0000000100000000        0x0
 .v4_bx         0x0000000100000000        0x0 linker stubs

.iplt           0x0000000100000000        0x0
 .iplt          0x0000000100000000        0x0 Output/spi_pca10040 Release/Obj/thumb_crt0.o
                0x0000000000000001                . = ASSERT (((__text_start__ == __text_end__) || ((__text_end__ - __FLASH_segment_start__) <= __FLASH_segment_size__)), error: .text is too large to fit in FLASH memory segment)
                0x0000000000000e3c                __log_const_data_load_start__ = ALIGN (__text_end__, 0x4)

.log_const_data
                0x0000000000000e3c        0x0
                0x0000000000000e3c                __log_const_data_start__ = .
                0x0000000000000e3c                __start_log_const_data = __log_const_data_start__
 *(SORT_BY_NAME(.log_const_data*))
                0x0000000000000e3c                __log_const_data_end__ = (__log_const_data_start__ + SIZEOF (.log_const_data))
                0x0000000000000000                __log_const_data_size__ = SIZEOF (.log_const_data)
                0x0000000000000e3c                __stop_log_const_data = __log_const_data_end__
                0x0000000000000e3c                __log_const_data_load_end__ = __log_const_data_end__
                0x0000000000000001                . = ASSERT (((__log_const_data_start__ == __log_const_data_end__) || ((__log_const_data_end__ - __FLASH_segment_start__) <= __FLASH_segment_size__)), error: .log_const_data is too large to fit in FLASH memory segment)
                0x0000000000000e3c                __log_backends_load_start__ = ALIGN (__log_const_data_end__, 0x4)

.log_backends   0x0000000000000e3c        0x0
                0x0000000000000e3c                __log_backends_start__ = .
                0x0000000000000e3c                __start_log_backends = __log_backends_start__
 *(SORT_BY_NAME(.log_backends*))
                0x0000000000000e3c                __log_backends_end__ = (__log_backends_start__ + SIZEOF (.log_backends))
                0x0000000000000000                __log_backends_size__ = SIZEOF (.log_backends)
                0x0000000000000e3c                __stop_log_backends = __log_backends_end__
                0x0000000000000e3c                __log_backends_load_end__ = __log_backends_end__
                0x0000000000000001                . = ASSERT (((__log_backends_start__ == __log_backends_end__) || ((__log_backends_end__ - __FLASH_segment_start__) <= __FLASH_segment_size__)), error: .log_backends is too large to fit in FLASH memory segment)
                0x0000000000000e3c                __nrf_balloc_load_start__ = ALIGN (__log_backends_end__, 0x4)

.nrf_balloc     0x0000000000000e3c        0x0
                0x0000000000000e3c                __nrf_balloc_start__ = .
                0x0000000000000e3c                __start_nrf_balloc = __nrf_balloc_start__
 *(.nrf_balloc*)
                0x0000000000000e3c                __nrf_balloc_end__ = (__nrf_balloc_start__ + SIZEOF (.nrf_balloc))
                0x0000000000000000                __nrf_balloc_size__ = SIZEOF (.nrf_balloc)
                0x0000000000000e3c                __stop_nrf_balloc = __nrf_balloc_end__
                0x0000000000000e3c                __nrf_balloc_load_end__ = __nrf_balloc_end__
                0x0000000000000001                . = ASSERT (((__nrf_balloc_start__ == __nrf_balloc_end__) || ((__nrf_balloc_end__ - __FLASH_segment_start__) <= __FLASH_segment_size__)), error: .nrf_balloc is too large to fit in FLASH memory segment)
                0x0000000000000e3c                __nrf_sections_load_start__ = ALIGN (__nrf_balloc_end__, 0x4)

.nrf_sections   0x0000000000000e3c        0x0
                0x0000000000000e3c                __nrf_sections_start__ = .
                0x0000000000000e3c                __start_nrf_sections = __nrf_sections_start__
 *(.nrf_sections .nrf_sections.*)
                0x0000000000000e3c                __nrf_sections_end__ = (__nrf_sections_start__ + SIZEOF (.nrf_sections))
                0x0000000000000000                __nrf_sections_size__ = SIZEOF (.nrf_sections)
                0x0000000000000e3c                __nrf_sections_load_end__ = __nrf_sections_end__
                0x0000000000000001                . = ASSERT (((__nrf_sections_start__ == __nrf_sections_end__) || ((__nrf_sections_end__ - __FLASH_segment_start__) <= __FLASH_segment_size__)), error: .nrf_sections is too large to fit in FLASH memory segment)
                0x0000000000000e3c                __log_dynamic_data_load_start__ = ALIGN (__nrf_sections_end__, 0x4)

.log_dynamic_data
                0x0000000020000000        0x0 load address 0x0000000000000e3c
                0x0000000020000000                __log_dynamic_data_start__ = .
 *(SORT_BY_NAME(.log_dynamic_data*))
                0x0000000020000000                __log_dynamic_data_end__ = (__log_dynamic_data_start__ + SIZEOF (.log_dynamic_data))
                0x0000000000000000                __log_dynamic_data_size__ = SIZEOF (.log_dynamic_data)
                0x0000000000000e3c                __log_dynamic_data_load_end__ = (__log_dynamic_data_load_start__ + SIZEOF (.log_dynamic_data))
                0x0000000000000001                . = ASSERT (((__log_dynamic_data_load_start__ == __log_dynamic_data_load_end__) || ((__log_dynamic_data_load_end__ - __FLASH_segment_start__) <= __FLASH_segment_size__)), error: .log_dynamic_data is too large to fit in FLASH memory segment)

.log_dynamic_data_run
                0x0000000020000000        0x0
                0x0000000020000000                __log_dynamic_data_run_start__ = .
                0x0000000020000000                __start_log_dynamic_data = __log_dynamic_data_run_start__
                0x0000000020000000                . = MAX ((__log_dynamic_data_run_start__ + SIZEOF (.log_dynamic_data)), .)
                0x0000000020000000                __log_dynamic_data_run_end__ = (__log_dynamic_data_run_start__ + SIZEOF (.log_dynamic_data_run))
                0x0000000000000000                __log_dynamic_data_run_size__ = SIZEOF (.log_dynamic_data_run)
                0x0000000020000000                __stop_log_dynamic_data = __log_dynamic_data_run_end__
                0x0000000020000000                __log_dynamic_data_run_load_end__ = __log_dynamic_data_run_end__
                0x0000000000000001                . = ASSERT (((__log_dynamic_data_run_start__ == __log_dynamic_data_run_end__) || ((__log_dynamic_data_run_end__ - __RAM_segment_start__) <= __RAM_segment_size__)), error: .log_dynamic_data_run is too large to fit in RAM memory segment)
                0x0000000000000e3c                __log_filter_data_load_start__ = ALIGN ((__log_dynamic_data_load_start__ + SIZEOF (.log_dynamic_data)), 0x4)

.log_filter_data
                0x0000000020000000        0x0 load address 0x0000000000000e3c
                0x0000000020000000                __log_filter_data_start__ = .
 *(SORT_BY_NAME(.log_filter_data*))
                0x0000000020000000                __log_filter_data_end__ = (__log_filter_data_start__ + SIZEOF (.log_filter_data))
                0x0000000000000000                __log_filter_data_size__ = SIZEOF (.log_filter_data)
                0x0000000000000e3c                __log_filter_data_load_end__ = (__log_filter_data_load_start__ + SIZEOF (.log_filter_data))
                0x0000000000000001                . = ASSERT (((__log_filter_data_load_start__ == __log_filter_data_load_end__) || ((__log_filter_data_load_end__ - __FLASH_segment_start__) <= __FLASH_segment_size__)), error: .log_filter_data is too large to fit in FLASH memory segment)

.log_filter_data_run
                0x0000000020000000        0x0
                0x0000000020000000                __log_filter_data_run_start__ = .
                0x0000000020000000                __start_log_filter_data = __log_filter_data_run_start__
                0x0000000020000000                . = MAX ((__log_filter_data_run_start__ + SIZEOF (.log_filter_data)), .)
                0x0000000020000000                __log_filter_data_run_end__ = (__log_filter_data_run_start__ + SIZEOF (.log_filter_data_run))
                0x0000000000000000                __log_filter_data_run_size__ = SIZEOF (.log_filter_data_run)
                0x0000000020000000                __stop_log_filter_data = __log_filter_data_run_end__
                0x0000000020000000                __log_filter_data_run_load_end__ = __log_filter_data_run_end__
                0x0000000000000001                . = ASSERT (((__log_filter_data_run_start__ == __log_filter_data_run_end__) || ((__log_filter_data_run_end__ - __RAM_segment_start__) <= __RAM_segment_size__)), error: .log_filter_data_run is too large to fit in RAM memory segment)
                0x0000000020000000                __nrf_sections_run_end_load_start__ = ALIGN (__log_filter_data_run_end__, 0x4)

.nrf_sections_run_end
                0x0000000020000000        0x0
                0x0000000020000000                __nrf_sections_run_end_start__ = .
                0x0000000020000000                __end_nrf_sections_run = __nrf_sections_run_end_start__
 *(.nrf_sections_run_end .nrf_sections_run_end.*)
                0x0000000020000000                __nrf_sections_run_end_end__ = (__nrf_sections_run_end_start__ + SIZEOF (.nrf_sections_run_end))
                0x0000000000000000                __nrf_sections_run_end_size__ = SIZEOF (.nrf_sections_run_end)
                0x0000000020000000                __nrf_sections_run_end_load_end__ = __nrf_sections_run_end_end__
                0x0000000000000001                . = ASSERT (((__nrf_sections_run_end_start__ == __nrf_sections_run_end_end__) || ((__nrf_sections_run_end_end__ - __RAM_segment_start__) <= __RAM_segment_size__)), error: .nrf_sections_run_end is too large to fit in RAM memory segment)
                0x0000000000000e3c                __dtors_load_start__ = ALIGN ((__log_filter_data_load_start__ + SIZEOF (.log_filter_data)), 0x4)

.dtors          0x0000000000000e3c        0x0
                0x0000000000000e3c                __dtors_start__ = .
 *(SORT_BY_NAME(.dtors.*))
 *(.dtors)
 *(.fini_array)
 *(SORT_BY_NAME(.fini_array.*))
                0x0000000000000e3c                __dtors_end__ = (__dtors_start__ + SIZEOF (.dtors))
                0x0000000000000000                __dtors_size__ = SIZEOF (.dtors)
                0x0000000000000e3c                __dtors_load_end__ = __dtors_end__
                0x0000000000000001                . = ASSERT (((__dtors_start__ == __dtors_end__) || ((__dtors_end__ - __FLASH_segment_start__) <= __FLASH_segment_size__)), error: .dtors is too large to fit in FLASH memory segment)
                0x0000000000000e3c                __ctors_load_start__ = ALIGN (__dtors_end__, 0x4)

.ctors          0x0000000000000e3c        0x0
                0x0000000000000e3c                __ctors_start__ = .
 *(SORT_BY_NAME(.ctors.*))
 *(.ctors)
 *(.init_array)
 *(SORT_BY_NAME(.init_array.*))
                0x0000000000000e3c                __ctors_end__ = (__ctors_start__ + SIZEOF (.ctors))
                0x0000000000000000                __ctors_size__ = SIZEOF (.ctors)
                0x0000000000000e3c                __ctors_load_end__ = __ctors_end__
                0x0000000000000001                . = ASSERT (((__ctors_start__ == __ctors_end__) || ((__ctors_end__ - __FLASH_segment_start__) <= __FLASH_segment_size__)), error: .ctors is too large to fit in FLASH memory segment)
                0x0000000000000e3c                __rodata_load_start__ = ALIGN (__ctors_end__, 0x4)

.rodata         0x0000000000000e3c       0x3c
                0x0000000000000e3c                __rodata_start__ = .
 *(.rodata .rodata.* .gnu.linkonce.r.*)
 .rodata        0x0000000000000e3c       0x10 Output/spi_pca10040 Release/Obj/nrf_drv_spi.o
 .rodata        0x0000000000000e4c       0x10 Output/spi_pca10040 Release/Obj/main.o
 .rodata.spi    0x0000000000000e5c       0x10 Output/spi_pca10040 Release/Obj/main.o
 .rodata.CSWTCH.15
                0x0000000000000e6c        0x4 Output/spi_pca10040 Release/Obj/system_nrf52.o
 .rodata.CSWTCH.19
                0x0000000000000e70        0x4 Output/spi_pca10040 Release/Obj/system_nrf52.o
 .rodata.CSWTCH.5
                0x0000000000000e74        0x4 Output/spi_pca10040 Release/Obj/system_nrf52.o
                0x0000000000000e78                __rodata_end__ = (__rodata_start__ + SIZEOF (.rodata))
                0x000000000000003c                __rodata_size__ = SIZEOF (.rodata)
                0x0000000000000e78                __rodata_load_end__ = __rodata_end__

.rel.dyn        0x0000000000000e78        0x0
 .rel.iplt      0x0000000000000e78        0x0 Output/spi_pca10040 Release/Obj/thumb_crt0.o
                0x0000000000000001                . = ASSERT (((__rodata_start__ == __rodata_end__) || ((__rodata_end__ - __FLASH_segment_start__) <= __FLASH_segment_size__)), error: .rodata is too large to fit in FLASH memory segment)
                0x0000000000000e78                __ARM.exidx_load_start__ = ALIGN (__rodata_end__, 0x4)

.ARM.exidx      0x0000000000000e78        0x0
                0x0000000000000e78                __ARM.exidx_start__ = .
                0x0000000000000e78                __exidx_start = __ARM.exidx_start__
 *(.ARM.exidx .ARM.exidx.*)
                0x0000000000000e78                __ARM.exidx_end__ = (__ARM.exidx_start__ + SIZEOF (.ARM.exidx))
                0x0000000000000000                __ARM.exidx_size__ = SIZEOF (.ARM.exidx)
                0x0000000000000e78                __exidx_end = __ARM.exidx_end__
                0x0000000000000e78                __ARM.exidx_load_end__ = __ARM.exidx_end__
                0x0000000000000001                . = ASSERT (((__ARM.exidx_start__ == __ARM.exidx_end__) || ((__ARM.exidx_end__ - __FLASH_segment_start__) <= __FLASH_segment_size__)), error: .ARM.exidx is too large to fit in FLASH memory segment)
                0x0000000000000e78                __fast_load_start__ = ALIGN (__ARM.exidx_end__, 0x4)

.fast           0x0000000020000000        0x0 load address 0x0000000000000e78
                0x0000000020000000                __fast_start__ = .
 *(.fast .fast.*)
                0x0000000020000000                __fast_end__ = (__fast_start__ + SIZEOF (.fast))
                0x0000000000000000                __fast_size__ = SIZEOF (.fast)
                0x0000000000000e78                __fast_load_end__ = (__fast_load_start__ + SIZEOF (.fast))
                0x0000000000000001                . = ASSERT (((__fast_load_start__ == __fast_load_end__) || ((__fast_load_end__ - __FLASH_segment_start__) <= __FLASH_segment_size__)), error: .fast is too large to fit in FLASH memory segment)

.fast_run       0x0000000020000000        0x0
                0x0000000020000000                __fast_run_start__ = .
                0x0000000020000000                . = MAX ((__fast_run_start__ + SIZEOF (.fast)), .)
                0x0000000020000000                __fast_run_end__ = (__fast_run_start__ + SIZEOF (.fast_run))
                0x0000000000000000                __fast_run_size__ = SIZEOF (.fast_run)
                0x0000000020000000                __fast_run_load_end__ = __fast_run_end__
                0x0000000000000001                . = ASSERT (((__fast_run_start__ == __fast_run_end__) || ((__fast_run_end__ - __RAM_segment_start__) <= __RAM_segment_size__)), error: .fast_run is too large to fit in RAM memory segment)
                0x0000000000000e78                __data_load_start__ = ALIGN ((__fast_load_start__ + SIZEOF (.fast)), 0x4)

.data           0x0000000020000000        0xc load address 0x0000000000000e78
                0x0000000020000000                __data_start__ = .
 *(.data .data.* .gnu.linkonce.d.*)
 .data.m_tx_buf
                0x0000000020000000        0x7 Output/spi_pca10040 Release/Obj/main.o
 *fill*         0x0000000020000007        0x1 
 .data.SystemCoreClock
                0x0000000020000008        0x4 Output/spi_pca10040 Release/Obj/system_nrf52.o
                0x0000000020000008                SystemCoreClock
                0x000000002000000c                __data_end__ = (__data_start__ + SIZEOF (.data))
                0x000000000000000c                __data_size__ = SIZEOF (.data)
                0x0000000000000e84                __data_load_end__ = (__data_load_start__ + SIZEOF (.data))

.igot.plt       0x0000000100000000        0x0
 .igot.plt      0x0000000100000000        0x0 Output/spi_pca10040 Release/Obj/thumb_crt0.o
                0x0000000000000001                . = ASSERT (((__data_load_start__ == __data_load_end__) || ((__data_load_end__ - __FLASH_segment_start__) <= __FLASH_segment_size__)), error: .data is too large to fit in FLASH memory segment)

.data_run       0x0000000020000000        0xc load address 0x0000000000000e78
                0x0000000020000000                __data_run_start__ = .
                0x000000002000000c                . = MAX ((__data_run_start__ + SIZEOF (.data)), .)
 *fill*         0x0000000020000000        0xc 
                0x000000002000000c                __data_run_end__ = (__data_run_start__ + SIZEOF (.data_run))
                0x000000000000000c                __data_run_size__ = SIZEOF (.data_run)
                0x000000002000000c                __data_run_load_end__ = __data_run_end__
                0x0000000000000001                . = ASSERT (((__data_run_start__ == __data_run_end__) || ((__data_run_end__ - __RAM_segment_start__) <= __RAM_segment_size__)), error: .data_run is too large to fit in RAM memory segment)
                0x0000000000000e84                __tdata_load_start__ = ALIGN ((__data_load_start__ + SIZEOF (.data)), 0x4)

.tdata          0x000000002000000c        0x0 load address 0x0000000000000e84
                0x000000002000000c                __tdata_start__ = .
 *(.tdata .tdata.*)
                0x000000002000000c                __tdata_end__ = (__tdata_start__ + SIZEOF (.tdata))
                0x0000000000000000                __tdata_size__ = SIZEOF (.tdata)
                0x0000000000000e84                __tdata_load_end__ = (__tdata_load_start__ + SIZEOF (.tdata))
                0x0000000000000e84                __FLASH_segment_used_end__ = (ALIGN ((__data_load_start__ + SIZEOF (.data)), 0x4) + SIZEOF (.tdata))
                0x0000000000000e84                __FLASH_segment_used_size__ = (__FLASH_segment_used_end__ - __FLASH_segment_start__)
                0x0000000000000001                . = ASSERT (((__tdata_load_start__ == __tdata_load_end__) || ((__tdata_load_end__ - __FLASH_segment_start__) <= __FLASH_segment_size__)), error: .tdata is too large to fit in FLASH memory segment)

.tdata_run      0x000000002000000c        0x0
                0x000000002000000c                __tdata_run_start__ = .
                0x000000002000000c                . = MAX ((__tdata_run_start__ + SIZEOF (.tdata)), .)
                0x000000002000000c                __tdata_run_end__ = (__tdata_run_start__ + SIZEOF (.tdata_run))
                0x0000000000000000                __tdata_run_size__ = SIZEOF (.tdata_run)
                0x000000002000000c                __tdata_run_load_end__ = __tdata_run_end__
                0x0000000000000001                . = ASSERT (((__tdata_run_start__ == __tdata_run_end__) || ((__tdata_run_end__ - __RAM_segment_start__) <= __RAM_segment_size__)), error: .tdata_run is too large to fit in RAM memory segment)
                0x000000002000000c                __bss_load_start__ = ALIGN (__tdata_run_end__, 0x4)

.bss            0x000000002000000c       0xb9
                0x000000002000000c                __bss_start__ = .
 *(.bss .bss.* .gnu.linkonce.b.*)
 .bss.m_in_critical_region
                0x000000002000000c        0x4 Output/spi_pca10040 Release/Obj/app_util_platform.o
 .bss.m_cb      0x0000000020000010        0x8 Output/spi_pca10040 Release/Obj/drv_rtc.o
 .bss.m_handlers
                0x0000000020000018        0x4 Output/spi_pca10040 Release/Obj/drv_rtc.o
 .bss.m_contexts
                0x000000002000001c        0xc Output/spi_pca10040 Release/Obj/nrf_drv_spi.o
 .bss.m_handlers
                0x0000000020000028        0xc Output/spi_pca10040 Release/Obj/nrf_drv_spi.o
 .bss.m_cb      0x0000000020000034       0x5c Output/spi_pca10040 Release/Obj/nrfx_gpiote.o
 .bss.m_prs_box_4
                0x0000000020000090        0x8 Output/spi_pca10040 Release/Obj/nrfx_prs.o
 .bss.m_cb      0x0000000020000098       0x24 Output/spi_pca10040 Release/Obj/nrfx_spim.o
 .bss.m_rx_buf  0x00000000200000bc        0x8 Output/spi_pca10040 Release/Obj/main.o
 .bss.spi_xfer_done
                0x00000000200000c4        0x1 Output/spi_pca10040 Release/Obj/main.o
 *(COMMON)
                0x00000000200000c5                __bss_end__ = (__bss_start__ + SIZEOF (.bss))
                0x00000000000000b9                __bss_size__ = SIZEOF (.bss)
                0x00000000200000c5                __bss_load_end__ = __bss_end__
                0x0000000000000001                . = ASSERT (((__bss_start__ == __bss_end__) || ((__bss_end__ - __RAM_segment_start__) <= __RAM_segment_size__)), error: .bss is too large to fit in RAM memory segment)
                0x00000000200000c8                __tbss_load_start__ = ALIGN (__bss_end__, 0x4)

.tbss           0x00000000200000c8        0x0
                0x00000000200000c8                __tbss_start__ = .
 *(.tbss .tbss.*)
                0x00000000200000c8                __tbss_end__ = (__tbss_start__ + SIZEOF (.tbss))
                0x0000000000000000                __tbss_size__ = SIZEOF (.tbss)
                0x00000000200000c8                __tbss_load_end__ = __tbss_end__
                0x0000000000000001                . = ASSERT (((__tbss_start__ == __tbss_end__) || ((__tbss_end__ - __RAM_segment_start__) <= __RAM_segment_size__)), error: .tbss is too large to fit in RAM memory segment)
                0x00000000200000c8                __non_init_load_start__ = ALIGN (__tbss_end__, 0x4)

.non_init       0x00000000200000c8        0x0
                0x00000000200000c8                __non_init_start__ = .
 *(.non_init .non_init.*)
                0x00000000200000c8                __non_init_end__ = (__non_init_start__ + SIZEOF (.non_init))
                0x0000000000000000                __non_init_size__ = SIZEOF (.non_init)
                0x00000000200000c8                __non_init_load_end__ = __non_init_end__
                0x0000000000000001                . = ASSERT (((__non_init_start__ == __non_init_end__) || ((__non_init_end__ - __RAM_segment_start__) <= __RAM_segment_size__)), error: .non_init is too large to fit in RAM memory segment)
                0x00000000200000c8                __heap_load_start__ = ALIGN (__non_init_end__, 0x4)

.heap           0x00000000200000c8     0x2000
                0x00000000200000c8                __heap_start__ = .
 *(.heap .heap.*)
                0x00000000200020c8                . = ALIGN (MAX ((__heap_start__ + __HEAPSIZE__), .), 0x4)
 *fill*         0x00000000200000c8     0x2000 
                0x00000000200020c8                __heap_end__ = (__heap_start__ + SIZEOF (.heap))
                0x0000000000002000                __heap_size__ = SIZEOF (.heap)
                0x00000000200020c8                __heap_load_end__ = __heap_end__
                0x0000000000000001                . = ASSERT (((__heap_start__ == __heap_end__) || ((__heap_end__ - __RAM_segment_start__) <= __RAM_segment_size__)), error: .heap is too large to fit in RAM memory segment)
                0x000000002000e000                __stack_load_start__ = (__RAM_segment_start__ + (__RAM_segment_size__ - 0x2000))

.stack          0x000000002000e000     0x2000
                0x000000002000e000                __stack_start__ = .
                0x000000002000e000                __StackLimit = __stack_start__
 *(.stack .stack.*)
                0x0000000020010000                . = ALIGN (MAX ((__stack_start__ + __STACKSIZE__), .), 0x8)
 *fill*         0x000000002000e000     0x2000 
                0x0000000020010000                __stack_end__ = (__stack_start__ + SIZEOF (.stack))
                0x0000000000002000                __stack_size__ = SIZEOF (.stack)
                0x0000000020010000                __StackTop = __stack_end__
                0x0000000020010000                __stack_load_end__ = __stack_end__
                0x0000000000000001                . = ASSERT (((__stack_start__ == __stack_end__) || ((__stack_end__ - __RAM_segment_start__) <= __RAM_segment_size__)), error: .stack is too large to fit in RAM memory segment)
                0x0000000000000001                . = ASSERT ((__heap_end__ <= __stack_start__), error: section .heap overlaps absolute placed section .stack)
                0x0000000020010000                __stack_process_load_start__ = ALIGN (__stack_end__, 0x8)

.stack_process  0x0000000020010000        0x0
                0x0000000020010000                __stack_process_start__ = .
 *(.stack_process .stack_process.*)
                0x0000000020010000                . = ALIGN (MAX ((__stack_process_start__ + __STACKSIZE_PROCESS__), .), 0x8)
                0x0000000020010000                __stack_process_end__ = (__stack_process_start__ + SIZEOF (.stack_process))
                0x0000000000000000                __stack_process_size__ = SIZEOF (.stack_process)
                0x0000000020010000                __stack_process_load_end__ = __stack_process_end__
                0x0000000020010000                __RAM_segment_used_end__ = (ALIGN (__stack_end__, 0x8) + SIZEOF (.stack_process))
                0x0000000000010000                __RAM_segment_used_size__ = (__RAM_segment_used_end__ - __RAM_segment_start__)
                0x0000000000000001                . = ASSERT (((__stack_process_start__ == __stack_process_end__) || ((__stack_process_end__ - __RAM_segment_start__) <= __RAM_segment_size__)), error: .stack_process is too large to fit in RAM memory segment)
START GROUP
LOAD Output/spi_pca10040 Release/Obj/thumb_crt0.o
LOAD Output/spi_pca10040 Release/Obj/nrf_log_backend_rtt.o
LOAD Output/spi_pca10040 Release/Obj/nrf_log_backend_serial.o
LOAD Output/spi_pca10040 Release/Obj/nrf_log_backend_uart.o
LOAD Output/spi_pca10040 Release/Obj/nrf_log_default_backends.o
LOAD Output/spi_pca10040 Release/Obj/nrf_log_frontend.o
LOAD Output/spi_pca10040 Release/Obj/nrf_log_str_formatter.o
LOAD Output/spi_pca10040 Release/Obj/boards.o
LOAD Output/spi_pca10040 Release/Obj/app_button.o
LOAD Output/spi_pca10040 Release/Obj/app_error.o
LOAD Output/spi_pca10040 Release/Obj/app_error_handler_gcc.o
LOAD Output/spi_pca10040 Release/Obj/app_error_weak.o
LOAD Output/spi_pca10040 Release/Obj/app_scheduler.o
LOAD Output/spi_pca10040 Release/Obj/app_timer2.o
LOAD Output/spi_pca10040 Release/Obj/app_util_platform.o
LOAD Output/spi_pca10040 Release/Obj/drv_rtc.o
LOAD Output/spi_pca10040 Release/Obj/nrf_assert.o
LOAD Output/spi_pca10040 Release/Obj/nrf_atfifo.o
LOAD Output/spi_pca10040 Release/Obj/nrf_atomic.o
LOAD Output/spi_pca10040 Release/Obj/nrf_balloc.o
LOAD Output/spi_pca10040 Release/Obj/nrf_fprintf.o
LOAD Output/spi_pca10040 Release/Obj/nrf_fprintf_format.o
LOAD Output/spi_pca10040 Release/Obj/nrf_memobj.o
LOAD Output/spi_pca10040 Release/Obj/nrf_ringbuf.o
LOAD Output/spi_pca10040 Release/Obj/nrf_sortlist.o
LOAD Output/spi_pca10040 Release/Obj/nrf_strerror.o
LOAD Output/spi_pca10040 Release/Obj/nrf_drv_spi.o
LOAD Output/spi_pca10040 Release/Obj/nrf_drv_uart.o
LOAD Output/spi_pca10040 Release/Obj/nrfx_atomic.o
LOAD Output/spi_pca10040 Release/Obj/nrfx_gpiote.o
LOAD Output/spi_pca10040 Release/Obj/nrfx_prs.o
LOAD Output/spi_pca10040 Release/Obj/nrfx_spi.o
LOAD Output/spi_pca10040 Release/Obj/nrfx_spim.o
LOAD Output/spi_pca10040 Release/Obj/nrfx_uart.o
LOAD Output/spi_pca10040 Release/Obj/nrfx_uarte.o
LOAD Output/spi_pca10040 Release/Obj/bsp.o
LOAD Output/spi_pca10040 Release/Obj/main.o
LOAD Output/spi_pca10040 Release/Obj/SEGGER_RTT.o
LOAD Output/spi_pca10040 Release/Obj/SEGGER_RTT_Syscalls_SES.o
LOAD Output/spi_pca10040 Release/Obj/SEGGER_RTT_printf.o
LOAD Output/spi_pca10040 Release/Obj/ses_startup_nrf52.o
LOAD Output/spi_pca10040 Release/Obj/ses_startup_nrf_common.o
LOAD Output/spi_pca10040 Release/Obj/system_nrf52.o
LOAD C:/Program Files/SEGGER/SEGGER Embedded Studio for ARM 4.52a/lib/libdebugio_mempoll_v7em_fpv4_sp_d16_hard_t_le_eabi.a
LOAD C:/Program Files/SEGGER/SEGGER Embedded Studio for ARM 4.52a/lib/libm_v7em_fpv4_sp_d16_hard_t_le_eabi.a
LOAD C:/Program Files/SEGGER/SEGGER Embedded Studio for ARM 4.52a/lib/libc_v7em_fpv4_sp_d16_hard_t_le_eabi.a
LOAD C:/Program Files/SEGGER/SEGGER Embedded Studio for ARM 4.52a/lib/libcpp_v7em_fpv4_sp_d16_hard_t_le_eabi.a
LOAD C:/Program Files/SEGGER/SEGGER Embedded Studio for ARM 4.52a/lib/libdebugio_v7em_fpv4_sp_d16_hard_t_le_eabi.a
LOAD C:/Program Files/SEGGER/SEGGER Embedded Studio for ARM 4.52a/lib/libvfprintf_v7em_fpv4_sp_d16_hard_t_le_eabi.o
LOAD C:/Program Files/SEGGER/SEGGER Embedded Studio for ARM 4.52a/lib/libvfscanf_v7em_fpv4_sp_d16_hard_t_le_eabi.o
END GROUP
OUTPUT(Output/Release/Exe/spi_pca10040.elf elf32-littlearm)

.ARM.attributes
                0x0000000000000000       0x35
 .ARM.attributes
                0x0000000000000000       0x25 Output/spi_pca10040 Release/Obj/thumb_crt0.o
 .ARM.attributes
                0x0000000000000025       0x39 Output/spi_pca10040 Release/Obj/app_error.o
 .ARM.attributes
                0x000000000000005e       0x39 Output/spi_pca10040 Release/Obj/app_error_weak.o
 .ARM.attributes
                0x0000000000000097       0x39 Output/spi_pca10040 Release/Obj/app_util_platform.o
 .ARM.attributes
                0x00000000000000d0       0x39 Output/spi_pca10040 Release/Obj/drv_rtc.o
 .ARM.attributes
                0x0000000000000109       0x39 Output/spi_pca10040 Release/Obj/nrf_drv_spi.o
 .ARM.attributes
                0x0000000000000142       0x39 Output/spi_pca10040 Release/Obj/nrfx_gpiote.o
 .ARM.attributes
                0x000000000000017b       0x39 Output/spi_pca10040 Release/Obj/nrfx_prs.o
 .ARM.attributes
                0x00000000000001b4       0x39 Output/spi_pca10040 Release/Obj/nrfx_spim.o
 .ARM.attributes
                0x00000000000001ed       0x39 Output/spi_pca10040 Release/Obj/main.o
 .ARM.attributes
                0x0000000000000226       0x25 Output/spi_pca10040 Release/Obj/ses_startup_nrf52.o
 .ARM.attributes
                0x000000000000024b       0x25 Output/spi_pca10040 Release/Obj/ses_startup_nrf_common.o
 .ARM.attributes
                0x0000000000000270       0x39 Output/spi_pca10040 Release/Obj/system_nrf52.o
 .ARM.attributes
                0x00000000000002a9       0x20 C:/Program Files/SEGGER/SEGGER Embedded Studio for ARM 4.52a/lib/libc_v7em_fpv4_sp_d16_hard_t_le_eabi.a(libc2_asm.o)

.comment        0x0000000000000000       0x47
 .comment       0x0000000000000000       0x47 Output/spi_pca10040 Release/Obj/app_error.o
                                         0x48 (size before relaxing)
 .comment       0x0000000000000047       0x48 Output/spi_pca10040 Release/Obj/app_error_weak.o
 .comment       0x0000000000000047       0x48 Output/spi_pca10040 Release/Obj/app_util_platform.o
 .comment       0x0000000000000047       0x48 Output/spi_pca10040 Release/Obj/drv_rtc.o
 .comment       0x0000000000000047       0x48 Output/spi_pca10040 Release/Obj/nrf_drv_spi.o
 .comment       0x0000000000000047       0x48 Output/spi_pca10040 Release/Obj/nrfx_gpiote.o
 .comment       0x0000000000000047       0x48 Output/spi_pca10040 Release/Obj/nrfx_prs.o
 .comment       0x0000000000000047       0x48 Output/spi_pca10040 Release/Obj/nrfx_spim.o
 .comment       0x0000000000000047       0x48 Output/spi_pca10040 Release/Obj/main.o
 .comment       0x0000000000000047       0x48 Output/spi_pca10040 Release/Obj/system_nrf52.o

.debug_line     0x0000000000000000     0x6e55
 .debug_line    0x0000000000000000      0x1ee Output/spi_pca10040 Release/Obj/thumb_crt0.o
 .debug_line    0x00000000000001ee      0x3cd Output/spi_pca10040 Release/Obj/app_error.o
 .debug_line    0x00000000000005bb      0x61e Output/spi_pca10040 Release/Obj/app_error_weak.o
 .debug_line    0x0000000000000bd9      0x45b Output/spi_pca10040 Release/Obj/app_util_platform.o
 .debug_line    0x0000000000001034     0x111f Output/spi_pca10040 Release/Obj/drv_rtc.o
 .debug_line    0x0000000000002153      0x656 Output/spi_pca10040 Release/Obj/nrf_drv_spi.o
 .debug_line    0x00000000000027a9     0x1bd6 Output/spi_pca10040 Release/Obj/nrfx_gpiote.o
 .debug_line    0x000000000000437f      0x706 Output/spi_pca10040 Release/Obj/nrfx_prs.o
 .debug_line    0x0000000000004a85     0x1288 Output/spi_pca10040 Release/Obj/nrfx_spim.o
 .debug_line    0x0000000000005d0d      0x925 Output/spi_pca10040 Release/Obj/main.o
 .debug_line    0x0000000000006632       0xa9 Output/spi_pca10040 Release/Obj/ses_startup_nrf52.o
 .debug_line    0x00000000000066db       0xcb Output/spi_pca10040 Release/Obj/ses_startup_nrf_common.o
 .debug_line    0x00000000000067a6      0x6af Output/spi_pca10040 Release/Obj/system_nrf52.o

.debug_info     0x0000000000000000     0x8ec5
 .debug_info    0x0000000000000000       0x22 Output/spi_pca10040 Release/Obj/thumb_crt0.o
 .debug_info    0x0000000000000022      0x45e Output/spi_pca10040 Release/Obj/app_error.o
 .debug_info    0x0000000000000480      0x47a Output/spi_pca10040 Release/Obj/app_error_weak.o
 .debug_info    0x00000000000008fa      0x537 Output/spi_pca10040 Release/Obj/app_util_platform.o
 .debug_info    0x0000000000000e31     0x1b12 Output/spi_pca10040 Release/Obj/drv_rtc.o
 .debug_info    0x0000000000002943      0x554 Output/spi_pca10040 Release/Obj/nrf_drv_spi.o
 .debug_info    0x0000000000002e97     0x2e6a Output/spi_pca10040 Release/Obj/nrfx_gpiote.o
 .debug_info    0x0000000000005d01      0x577 Output/spi_pca10040 Release/Obj/nrfx_prs.o
 .debug_info    0x0000000000006278     0x1ef0 Output/spi_pca10040 Release/Obj/nrfx_spim.o
 .debug_info    0x0000000000008168      0x837 Output/spi_pca10040 Release/Obj/main.o
 .debug_info    0x000000000000899f       0x26 Output/spi_pca10040 Release/Obj/ses_startup_nrf52.o
 .debug_info    0x00000000000089c5       0x26 Output/spi_pca10040 Release/Obj/ses_startup_nrf_common.o
 .debug_info    0x00000000000089eb      0x4da Output/spi_pca10040 Release/Obj/system_nrf52.o

.debug_abbrev   0x0000000000000000     0x25a4
 .debug_abbrev  0x0000000000000000       0x12 Output/spi_pca10040 Release/Obj/thumb_crt0.o
 .debug_abbrev  0x0000000000000012      0x21b Output/spi_pca10040 Release/Obj/app_error.o
 .debug_abbrev  0x000000000000022d      0x28a Output/spi_pca10040 Release/Obj/app_error_weak.o
 .debug_abbrev  0x00000000000004b7      0x307 Output/spi_pca10040 Release/Obj/app_util_platform.o
 .debug_abbrev  0x00000000000007be      0x588 Output/spi_pca10040 Release/Obj/drv_rtc.o
 .debug_abbrev  0x0000000000000d46      0x325 Output/spi_pca10040 Release/Obj/nrf_drv_spi.o
 .debug_abbrev  0x000000000000106b      0x622 Output/spi_pca10040 Release/Obj/nrfx_gpiote.o
 .debug_abbrev  0x000000000000168d      0x32b Output/spi_pca10040 Release/Obj/nrfx_prs.o
 .debug_abbrev  0x00000000000019b8      0x4cc Output/spi_pca10040 Release/Obj/nrfx_spim.o
 .debug_abbrev  0x0000000000001e84      0x456 Output/spi_pca10040 Release/Obj/main.o
 .debug_abbrev  0x00000000000022da       0x14 Output/spi_pca10040 Release/Obj/ses_startup_nrf52.o
 .debug_abbrev  0x00000000000022ee       0x14 Output/spi_pca10040 Release/Obj/ses_startup_nrf_common.o
 .debug_abbrev  0x0000000000002302      0x2a2 Output/spi_pca10040 Release/Obj/system_nrf52.o

.debug_aranges  0x0000000000000000      0x438
 .debug_aranges
                0x0000000000000000       0x80 Output/spi_pca10040 Release/Obj/thumb_crt0.o
 .debug_aranges
                0x0000000000000080       0x28 Output/spi_pca10040 Release/Obj/app_error.o
 .debug_aranges
                0x00000000000000a8       0x20 Output/spi_pca10040 Release/Obj/app_error_weak.o
 .debug_aranges
                0x00000000000000c8       0x48 Output/spi_pca10040 Release/Obj/app_util_platform.o
 .debug_aranges
                0x0000000000000110       0xb8 Output/spi_pca10040 Release/Obj/drv_rtc.o
 .debug_aranges
                0x00000000000001c8       0x28 Output/spi_pca10040 Release/Obj/nrf_drv_spi.o
 .debug_aranges
                0x00000000000001f0      0x118 Output/spi_pca10040 Release/Obj/nrfx_gpiote.o
 .debug_aranges
                0x0000000000000308       0x30 Output/spi_pca10040 Release/Obj/nrfx_prs.o
 .debug_aranges
                0x0000000000000338       0x50 Output/spi_pca10040 Release/Obj/nrfx_spim.o
 .debug_aranges
                0x0000000000000388       0x38 Output/spi_pca10040 Release/Obj/main.o
 .debug_aranges
                0x00000000000003c0       0x20 Output/spi_pca10040 Release/Obj/ses_startup_nrf52.o
 .debug_aranges
                0x00000000000003e0       0x20 Output/spi_pca10040 Release/Obj/ses_startup_nrf_common.o
 .debug_aranges
                0x0000000000000400       0x38 Output/spi_pca10040 Release/Obj/system_nrf52.o

.debug_str      0x0000000000000000    0x75a55
 .debug_str     0x0000000000000000       0xd1 Output/spi_pca10040 Release/Obj/thumb_crt0.o
 .debug_str     0x00000000000000d1    0x5e353 Output/spi_pca10040 Release/Obj/app_error.o
                                      0x5ee21 (size before relaxing)
 .debug_str     0x000000000005e424     0xd64a Output/spi_pca10040 Release/Obj/app_error_weak.o
                                      0x6c713 (size before relaxing)
 .debug_str     0x000000000006ba6e      0x472 Output/spi_pca10040 Release/Obj/app_util_platform.o
                                      0x5f62e (size before relaxing)
 .debug_str     0x000000000006bee0     0x41c7 Output/spi_pca10040 Release/Obj/drv_rtc.o
                                      0x70671 (size before relaxing)
 .debug_str     0x00000000000700a7     0x164c Output/spi_pca10040 Release/Obj/nrf_drv_spi.o
                                      0x6ded6 (size before relaxing)
 .debug_str     0x00000000000716f3     0x200c Output/spi_pca10040 Release/Obj/nrfx_gpiote.o
                                      0x71927 (size before relaxing)
 .debug_str     0x00000000000736ff      0x4ac Output/spi_pca10040 Release/Obj/nrfx_prs.o
                                      0x6fd1e (size before relaxing)
 .debug_str     0x0000000000073bab      0x784 Output/spi_pca10040 Release/Obj/nrfx_spim.o
                                      0x711eb (size before relaxing)
 .debug_str     0x000000000007432f     0x1246 Output/spi_pca10040 Release/Obj/main.o
                                      0x72126 (size before relaxing)
 .debug_str     0x0000000000075575       0x6c Output/spi_pca10040 Release/Obj/ses_startup_nrf52.o
                                         0xec (size before relaxing)
 .debug_str     0x00000000000755e1       0x71 Output/spi_pca10040 Release/Obj/ses_startup_nrf_common.o
                                         0xf1 (size before relaxing)
 .debug_str     0x0000000000075652      0x403 Output/spi_pca10040 Release/Obj/system_nrf52.o
                                      0x5d7f6 (size before relaxing)

.debug_ranges   0x0000000000000000     0x1208
 .debug_ranges  0x0000000000000000       0x78 Output/spi_pca10040 Release/Obj/thumb_crt0.o
 .debug_ranges  0x0000000000000078       0x18 Output/spi_pca10040 Release/Obj/app_error.o
 .debug_ranges  0x0000000000000090       0x10 Output/spi_pca10040 Release/Obj/app_error_weak.o
 .debug_ranges  0x00000000000000a0       0x38 Output/spi_pca10040 Release/Obj/app_util_platform.o
 .debug_ranges  0x00000000000000d8      0x358 Output/spi_pca10040 Release/Obj/drv_rtc.o
 .debug_ranges  0x0000000000000430       0x38 Output/spi_pca10040 Release/Obj/nrf_drv_spi.o
 .debug_ranges  0x0000000000000468      0x8e0 Output/spi_pca10040 Release/Obj/nrfx_gpiote.o
 .debug_ranges  0x0000000000000d48       0x40 Output/spi_pca10040 Release/Obj/nrfx_prs.o
 .debug_ranges  0x0000000000000d88      0x400 Output/spi_pca10040 Release/Obj/nrfx_spim.o
 .debug_ranges  0x0000000000001188       0x58 Output/spi_pca10040 Release/Obj/main.o
 .debug_ranges  0x00000000000011e0       0x28 Output/spi_pca10040 Release/Obj/system_nrf52.o

.debug_frame    0x0000000000000000      0x814
 .debug_frame   0x0000000000000000       0x58 Output/spi_pca10040 Release/Obj/app_error.o
 .debug_frame   0x0000000000000058       0x20 Output/spi_pca10040 Release/Obj/app_error_weak.o
 .debug_frame   0x0000000000000078       0x70 Output/spi_pca10040 Release/Obj/app_util_platform.o
 .debug_frame   0x00000000000000e8      0x1c4 Output/spi_pca10040 Release/Obj/drv_rtc.o
 .debug_frame   0x00000000000002ac       0x60 Output/spi_pca10040 Release/Obj/nrf_drv_spi.o
 .debug_frame   0x000000000000030c      0x2ec Output/spi_pca10040 Release/Obj/nrfx_gpiote.o
 .debug_frame   0x00000000000005f8       0x50 Output/spi_pca10040 Release/Obj/nrfx_prs.o
 .debug_frame   0x0000000000000648       0xf8 Output/spi_pca10040 Release/Obj/nrfx_spim.o
 .debug_frame   0x0000000000000740       0x78 Output/spi_pca10040 Release/Obj/main.o
 .debug_frame   0x00000000000007b8       0x5c Output/spi_pca10040 Release/Obj/system_nrf52.o

.debug_types    0x0000000000000000     0x3114
 .debug_types   0x0000000000000000       0x73 Output/spi_pca10040 Release/Obj/app_error.o
 .debug_types   0x0000000000000073       0x80 Output/spi_pca10040 Release/Obj/app_error.o
 .debug_types   0x00000000000000f3       0x83 Output/spi_pca10040 Release/Obj/app_error_weak.o
 .debug_types   0x0000000000000176       0x9f Output/spi_pca10040 Release/Obj/app_error_weak.o
 .debug_types   0x0000000000000215       0xa0 Output/spi_pca10040 Release/Obj/app_error_weak.o
 .debug_types   0x00000000000002b5       0x79 Output/spi_pca10040 Release/Obj/app_error_weak.o
 .debug_types   0x000000000000032e      0x1fc Output/spi_pca10040 Release/Obj/app_error_weak.o
 .debug_types   0x000000000000052a       0x40 Output/spi_pca10040 Release/Obj/app_util_platform.o
 .debug_types   0x000000000000056a       0x5e Output/spi_pca10040 Release/Obj/app_util_platform.o
 .debug_types   0x00000000000005c8      0x173 Output/spi_pca10040 Release/Obj/app_util_platform.o
 .debug_types   0x000000000000073b       0x6d Output/spi_pca10040 Release/Obj/drv_rtc.o
 .debug_types   0x00000000000007a8       0x64 Output/spi_pca10040 Release/Obj/drv_rtc.o
 .debug_types   0x000000000000080c       0x5e Output/spi_pca10040 Release/Obj/drv_rtc.o
 .debug_types   0x000000000000086a       0x4c Output/spi_pca10040 Release/Obj/drv_rtc.o
 .debug_types   0x00000000000008b6       0x46 Output/spi_pca10040 Release/Obj/drv_rtc.o
 .debug_types   0x00000000000008fc       0x5a Output/spi_pca10040 Release/Obj/nrf_drv_spi.o
 .debug_types   0x0000000000000956       0x46 Output/spi_pca10040 Release/Obj/nrf_drv_spi.o
 .debug_types   0x000000000000099c       0x3b Output/spi_pca10040 Release/Obj/nrf_drv_spi.o
 .debug_types   0x00000000000009d7       0x80 Output/spi_pca10040 Release/Obj/nrf_drv_spi.o
 .debug_types   0x0000000000000a57       0xe0 Output/spi_pca10040 Release/Obj/nrf_drv_spi.o
 .debug_types   0x0000000000000b37       0x40 Output/spi_pca10040 Release/Obj/nrf_drv_spi.o
 .debug_types   0x0000000000000b77       0x4c Output/spi_pca10040 Release/Obj/nrf_drv_spi.o
 .debug_types   0x0000000000000bc3       0x74 Output/spi_pca10040 Release/Obj/nrf_drv_spi.o
 .debug_types   0x0000000000000c37       0x6b Output/spi_pca10040 Release/Obj/nrf_drv_spi.o
 .debug_types   0x0000000000000ca2       0x60 Output/spi_pca10040 Release/Obj/nrf_drv_spi.o
 .debug_types   0x0000000000000d02       0xe0 Output/spi_pca10040 Release/Obj/nrf_drv_spi.o
 .debug_types   0x0000000000000de2       0x6c Output/spi_pca10040 Release/Obj/nrf_drv_spi.o
 .debug_types   0x0000000000000e4e       0x40 Output/spi_pca10040 Release/Obj/nrf_drv_spi.o
 .debug_types   0x0000000000000e8e       0x4c Output/spi_pca10040 Release/Obj/nrf_drv_spi.o
 .debug_types   0x0000000000000eda       0x74 Output/spi_pca10040 Release/Obj/nrf_drv_spi.o
 .debug_types   0x0000000000000f4e       0x62 Output/spi_pca10040 Release/Obj/nrf_drv_spi.o
 .debug_types   0x0000000000000fb0       0x3a Output/spi_pca10040 Release/Obj/nrf_drv_spi.o
 .debug_types   0x0000000000000fea       0x93 Output/spi_pca10040 Release/Obj/nrf_drv_spi.o
 .debug_types   0x000000000000107d       0xf4 Output/spi_pca10040 Release/Obj/nrf_drv_spi.o
 .debug_types   0x0000000000001171       0x6c Output/spi_pca10040 Release/Obj/nrf_drv_spi.o
 .debug_types   0x00000000000011dd       0x40 Output/spi_pca10040 Release/Obj/nrf_drv_spi.o
 .debug_types   0x000000000000121d       0x4c Output/spi_pca10040 Release/Obj/nrf_drv_spi.o
 .debug_types   0x0000000000001269       0x74 Output/spi_pca10040 Release/Obj/nrf_drv_spi.o
 .debug_types   0x00000000000012dd      0x1b5 Output/spi_pca10040 Release/Obj/nrf_drv_spi.o
 .debug_types   0x0000000000001492      0x361 Output/spi_pca10040 Release/Obj/nrf_drv_spi.o
 .debug_types   0x00000000000017f3       0x6b Output/spi_pca10040 Release/Obj/nrf_drv_spi.o
 .debug_types   0x000000000000185e       0x83 Output/spi_pca10040 Release/Obj/nrf_drv_spi.o
 .debug_types   0x00000000000018e1      0x130 Output/spi_pca10040 Release/Obj/nrfx_gpiote.o
 .debug_types   0x0000000000001a11       0x76 Output/spi_pca10040 Release/Obj/nrfx_gpiote.o
 .debug_types   0x0000000000001a87       0x6e Output/spi_pca10040 Release/Obj/nrfx_gpiote.o
 .debug_types   0x0000000000001af5       0x73 Output/spi_pca10040 Release/Obj/nrfx_gpiote.o
 .debug_types   0x0000000000001b68       0xc4 Output/spi_pca10040 Release/Obj/nrfx_gpiote.o
 .debug_types   0x0000000000001c2c       0x40 Output/spi_pca10040 Release/Obj/nrfx_gpiote.o
 .debug_types   0x0000000000001c6c      0x1b4 Output/spi_pca10040 Release/Obj/nrfx_gpiote.o
 .debug_types   0x0000000000001e20       0x5c Output/spi_pca10040 Release/Obj/nrfx_prs.o
 .debug_types   0x0000000000001e7c      0x10b Output/spi_pca10040 Release/Obj/nrfx_spim.o
 .debug_types   0x0000000000001f87       0x40 Output/spi_pca10040 Release/Obj/nrfx_spim.o
 .debug_types   0x0000000000001fc7       0x5f Output/spi_pca10040 Release/Obj/nrfx_spim.o
 .debug_types   0x0000000000002026       0x57 Output/spi_pca10040 Release/Obj/nrfx_spim.o
 .debug_types   0x000000000000207d       0x4c Output/spi_pca10040 Release/Obj/nrfx_spim.o
 .debug_types   0x00000000000020c9      0x28f Output/spi_pca10040 Release/Obj/main.o
 .debug_types   0x0000000000002358      0x154 Output/spi_pca10040 Release/Obj/system_nrf52.o
 .debug_types   0x00000000000024ac       0x5b Output/spi_pca10040 Release/Obj/system_nrf52.o
 .debug_types   0x0000000000002507      0x28f Output/spi_pca10040 Release/Obj/system_nrf52.o
 .debug_types   0x0000000000002796      0x349 Output/spi_pca10040 Release/Obj/system_nrf52.o
 .debug_types   0x0000000000002adf      0x162 Output/spi_pca10040 Release/Obj/system_nrf52.o
 .debug_types   0x0000000000002c41      0x219 Output/spi_pca10040 Release/Obj/system_nrf52.o
 .debug_types   0x0000000000002e5a       0x83 Output/spi_pca10040 Release/Obj/system_nrf52.o
 .debug_types   0x0000000000002edd       0x79 Output/spi_pca10040 Release/Obj/system_nrf52.o
 .debug_types   0x0000000000002f56      0x111 Output/spi_pca10040 Release/Obj/system_nrf52.o
 .debug_types   0x0000000000003067       0xad Output/spi_pca10040 Release/Obj/system_nrf52.o

.debug_loc      0x0000000000000000     0x4c8c
 .debug_loc     0x0000000000000000       0xcd Output/spi_pca10040 Release/Obj/app_error.o
 .debug_loc     0x00000000000000cd       0x4a Output/spi_pca10040 Release/Obj/app_error_weak.o
 .debug_loc     0x0000000000000117       0xda Output/spi_pca10040 Release/Obj/app_util_platform.o
 .debug_loc     0x00000000000001f1     0x1188 Output/spi_pca10040 Release/Obj/drv_rtc.o
 .debug_loc     0x0000000000001379      0x18d Output/spi_pca10040 Release/Obj/nrf_drv_spi.o
 .debug_loc     0x0000000000001506     0x2142 Output/spi_pca10040 Release/Obj/nrfx_gpiote.o
 .debug_loc     0x0000000000003648       0xff Output/spi_pca10040 Release/Obj/nrfx_prs.o
 .debug_loc     0x0000000000003747     0x128b Output/spi_pca10040 Release/Obj/nrfx_spim.o
 .debug_loc     0x00000000000049d2      0x109 Output/spi_pca10040 Release/Obj/main.o
 .debug_loc     0x0000000000004adb      0x1b1 Output/spi_pca10040 Release/Obj/system_nrf52.o

.debug_pubnames
                0x0000000000000000     0x32ea
 .debug_pubnames
                0x0000000000000000       0x6c Output/spi_pca10040 Release/Obj/app_error.o
 .debug_pubnames
                0x000000000000006c      0x106 Output/spi_pca10040 Release/Obj/app_error_weak.o
 .debug_pubnames
                0x0000000000000172      0x223 Output/spi_pca10040 Release/Obj/app_util_platform.o
 .debug_pubnames
                0x0000000000000395      0x711 Output/spi_pca10040 Release/Obj/drv_rtc.o
 .debug_pubnames
                0x0000000000000aa6      0x2c1 Output/spi_pca10040 Release/Obj/nrf_drv_spi.o
 .debug_pubnames
                0x0000000000000d67     0x1175 Output/spi_pca10040 Release/Obj/nrfx_gpiote.o
 .debug_pubnames
                0x0000000000001edc      0x11d Output/spi_pca10040 Release/Obj/nrfx_prs.o
 .debug_pubnames
                0x0000000000001ff9      0x9f4 Output/spi_pca10040 Release/Obj/nrfx_spim.o
 .debug_pubnames
                0x00000000000029ed      0x7a4 Output/spi_pca10040 Release/Obj/main.o
 .debug_pubnames
                0x0000000000003191      0x159 Output/spi_pca10040 Release/Obj/system_nrf52.o

.debug_pubtypes
                0x0000000000000000     0x1855
 .debug_pubtypes
                0x0000000000000000      0x1a0 Output/spi_pca10040 Release/Obj/app_error.o
 .debug_pubtypes
                0x00000000000001a0      0x211 Output/spi_pca10040 Release/Obj/app_error_weak.o
 .debug_pubtypes
                0x00000000000003b1      0x19a Output/spi_pca10040 Release/Obj/app_util_platform.o
 .debug_pubtypes
                0x000000000000054b      0x2aa Output/spi_pca10040 Release/Obj/drv_rtc.o
 .debug_pubtypes
                0x00000000000007f5      0x272 Output/spi_pca10040 Release/Obj/nrf_drv_spi.o
 .debug_pubtypes
                0x0000000000000a67      0x3ba Output/spi_pca10040 Release/Obj/nrfx_gpiote.o
 .debug_pubtypes
                0x0000000000000e21      0x234 Output/spi_pca10040 Release/Obj/nrfx_prs.o
 .debug_pubtypes
                0x0000000000001055      0x3de Output/spi_pca10040 Release/Obj/nrfx_spim.o
 .debug_pubtypes
                0x0000000000001433      0x2d2 Output/spi_pca10040 Release/Obj/main.o
 .debug_pubtypes
                0x0000000000001705      0x150 Output/spi_pca10040 Release/Obj/system_nrf52.o

.debug_macro    0x0000000000000000     0x1a17
 .debug_macro   0x0000000000000000      0x103 Output/spi_pca10040 Release/Obj/app_error.o
 .debug_macro   0x0000000000000103       0x78 Output/spi_pca10040 Release/Obj/app_error.o
 .debug_macro   0x000000000000017b      0x202 Output/spi_pca10040 Release/Obj/app_error_weak.o
 .debug_macro   0x000000000000037d       0x31 Output/spi_pca10040 Release/Obj/app_error_weak.o
 .debug_macro   0x00000000000003ae       0x16 Output/spi_pca10040 Release/Obj/app_error_weak.o
 .debug_macro   0x00000000000003c4      0x17f Output/spi_pca10040 Release/Obj/app_error_weak.o
 .debug_macro   0x0000000000000543       0x28 Output/spi_pca10040 Release/Obj/app_error_weak.o
 .debug_macro   0x000000000000056b       0x23 Output/spi_pca10040 Release/Obj/app_error_weak.o
 .debug_macro   0x000000000000058e       0x1c Output/spi_pca10040 Release/Obj/app_error_weak.o
 .debug_macro   0x00000000000005aa      0x11f Output/spi_pca10040 Release/Obj/app_util_platform.o
 .debug_macro   0x00000000000006c9      0x2c3 Output/spi_pca10040 Release/Obj/drv_rtc.o
 .debug_macro   0x000000000000098c       0x10 Output/spi_pca10040 Release/Obj/drv_rtc.o
 .debug_macro   0x000000000000099c      0x243 Output/spi_pca10040 Release/Obj/nrf_drv_spi.o
 .debug_macro   0x0000000000000bdf       0x16 Output/spi_pca10040 Release/Obj/nrf_drv_spi.o
 .debug_macro   0x0000000000000bf5       0x5d Output/spi_pca10040 Release/Obj/nrf_drv_spi.o
 .debug_macro   0x0000000000000c52       0x10 Output/spi_pca10040 Release/Obj/nrf_drv_spi.o
 .debug_macro   0x0000000000000c62       0x32 Output/spi_pca10040 Release/Obj/nrf_drv_spi.o
 .debug_macro   0x0000000000000c94       0x78 Output/spi_pca10040 Release/Obj/nrf_drv_spi.o
 .debug_macro   0x0000000000000d0c      0x2f5 Output/spi_pca10040 Release/Obj/nrfx_gpiote.o
 .debug_macro   0x0000000000001001       0x22 Output/spi_pca10040 Release/Obj/nrfx_gpiote.o
 .debug_macro   0x0000000000001023       0x16 Output/spi_pca10040 Release/Obj/nrfx_gpiote.o
 .debug_macro   0x0000000000001039       0x1c Output/spi_pca10040 Release/Obj/nrfx_gpiote.o
 .debug_macro   0x0000000000001055       0x42 Output/spi_pca10040 Release/Obj/nrfx_gpiote.o
 .debug_macro   0x0000000000001097      0x2a4 Output/spi_pca10040 Release/Obj/nrfx_prs.o
 .debug_macro   0x000000000000133b       0x28 Output/spi_pca10040 Release/Obj/nrfx_prs.o
 .debug_macro   0x0000000000001363      0x2d7 Output/spi_pca10040 Release/Obj/nrfx_spim.o
 .debug_macro   0x000000000000163a      0x2f4 Output/spi_pca10040 Release/Obj/main.o
 .debug_macro   0x000000000000192e       0xe9 Output/spi_pca10040 Release/Obj/system_nrf52.o
