Archive member included to satisfy reference by file (symbol)

C:/Program Files/SEGGER/SEGGER Embedded Studio for ARM 4.52/lib/libc_v7em_fpv4_sp_d16_hard_t_le_eabi.a(libc2_asm.o)
                              Output/blinky_FreeRTOS_pca10040 Release/Obj/queue.o (memcpy)
C:/Program Files/SEGGER/SEGGER Embedded Studio for ARM 4.52/lib/libdebugio_v7em_fpv4_sp_d16_hard_t_le_eabi.a(libdebugio.o)
                              Output/blinky_FreeRTOS_pca10040 Release/Obj/thumb_crt0.o (debug_fopen)
C:/Program Files/SEGGER/SEGGER Embedded Studio for ARM 4.52/lib/libdebugio_mempoll_v7em_fpv4_sp_d16_hard_t_le_eabi.a(mempoll_debug_operations.o)
                              C:/Program Files/SEGGER/SEGGER Embedded Studio for ARM 4.52/lib/libdebugio_v7em_fpv4_sp_d16_hard_t_le_eabi.a(libdebugio.o) (__do_debug_operation)
C:/Program Files/SEGGER/SEGGER Embedded Studio for ARM 4.52/lib/libdebugio_mempoll_v7em_fpv4_sp_d16_hard_t_le_eabi.a(do_nv_debug_operation.o)
                              C:/Program Files/SEGGER/SEGGER Embedded Studio for ARM 4.52/lib/libdebugio_v7em_fpv4_sp_d16_hard_t_le_eabi.a(libdebugio.o) (__do_nvdebug_operation)
C:/Program Files/SEGGER/SEGGER Embedded Studio for ARM 4.52/lib/libm_v7em_fpv4_sp_d16_hard_t_le_eabi.a(libm_asm.o)
                              C:/Program Files/SEGGER/SEGGER Embedded Studio for ARM 4.52/lib/libvfprintf_v7em_fpv4_sp_d16_hard_t_le_eabi.o (__aeabi_dadd)
C:/Program Files/SEGGER/SEGGER Embedded Studio for ARM 4.52/lib/libm_v7em_fpv4_sp_d16_hard_t_le_eabi.a(libm2.o)
                              C:/Program Files/SEGGER/SEGGER Embedded Studio for ARM 4.52/lib/libvfprintf_v7em_fpv4_sp_d16_hard_t_le_eabi.o (frexp)
C:/Program Files/SEGGER/SEGGER Embedded Studio for ARM 4.52/lib/libc_v7em_fpv4_sp_d16_hard_t_le_eabi.a(libc_asm.o)
                              C:/Program Files/SEGGER/SEGGER Embedded Studio for ARM 4.52/lib/libvfprintf_v7em_fpv4_sp_d16_hard_t_le_eabi.o (__aeabi_uldivmod)
C:/Program Files/SEGGER/SEGGER Embedded Studio for ARM 4.52/lib/libc_v7em_fpv4_sp_d16_hard_t_le_eabi.a(libc2.o)
                              C:/Program Files/SEGGER/SEGGER Embedded Studio for ARM 4.52/lib/libvfscanf_v7em_fpv4_sp_d16_hard_t_le_eabi.o (__getc)
C:/Program Files/SEGGER/SEGGER Embedded Studio for ARM 4.52/lib/libc_v7em_fpv4_sp_d16_hard_t_le_eabi.a(libc.o)
                              C:/Program Files/SEGGER/SEGGER Embedded Studio for ARM 4.52/lib/libc_v7em_fpv4_sp_d16_hard_t_le_eabi.a(libc2.o) (__heap_lock)

Discarded input sections

 .text          0x0000000000000000        0x0 Output/blinky_FreeRTOS_pca10040 Release/Obj/thumb_crt0.o
 .data          0x0000000000000000        0x0 Output/blinky_FreeRTOS_pca10040 Release/Obj/thumb_crt0.o
 .bss           0x0000000000000000        0x0 Output/blinky_FreeRTOS_pca10040 Release/Obj/thumb_crt0.o
 .text.__aeabi_read_tp
                0x0000000000000000        0x8 Output/blinky_FreeRTOS_pca10040 Release/Obj/thumb_crt0.o
 .text.abort    0x0000000000000000        0x2 Output/blinky_FreeRTOS_pca10040 Release/Obj/thumb_crt0.o
 .text.__assert
                0x0000000000000000        0x2 Output/blinky_FreeRTOS_pca10040 Release/Obj/thumb_crt0.o
 .text.__aeabi_assert
                0x0000000000000000        0x2 Output/blinky_FreeRTOS_pca10040 Release/Obj/thumb_crt0.o
 .text.__sync_synchronize
                0x0000000000000000        0x2 Output/blinky_FreeRTOS_pca10040 Release/Obj/thumb_crt0.o
 .text.__getchar
                0x0000000000000000        0x4 Output/blinky_FreeRTOS_pca10040 Release/Obj/thumb_crt0.o
 .text.__putchar
                0x0000000000000000        0x4 Output/blinky_FreeRTOS_pca10040 Release/Obj/thumb_crt0.o
 .text.__open   0x0000000000000000        0x4 Output/blinky_FreeRTOS_pca10040 Release/Obj/thumb_crt0.o
 .text.__close  0x0000000000000000        0x4 Output/blinky_FreeRTOS_pca10040 Release/Obj/thumb_crt0.o
 .text.__write  0x0000000000000000        0xa Output/blinky_FreeRTOS_pca10040 Release/Obj/thumb_crt0.o
 .text.__read   0x0000000000000000        0xa Output/blinky_FreeRTOS_pca10040 Release/Obj/thumb_crt0.o
 .text.__seek   0x0000000000000000       0x1a Output/blinky_FreeRTOS_pca10040 Release/Obj/thumb_crt0.o
 .bss.__user_locale_name_buffer
                0x0000000000000000        0x4 Output/blinky_FreeRTOS_pca10040 Release/Obj/thumb_crt0.o
 .stack         0x0000000000000000        0x0 Output/blinky_FreeRTOS_pca10040 Release/Obj/thumb_crt0.o
 .stack_process
                0x0000000000000000        0x0 Output/blinky_FreeRTOS_pca10040 Release/Obj/thumb_crt0.o
 .heap          0x0000000000000000        0x0 Output/blinky_FreeRTOS_pca10040 Release/Obj/thumb_crt0.o
 .group         0x0000000000000000        0xc Output/blinky_FreeRTOS_pca10040 Release/Obj/nrf_log_frontend.o
 .group         0x0000000000000000        0xc Output/blinky_FreeRTOS_pca10040 Release/Obj/nrf_log_frontend.o
 .group         0x0000000000000000        0xc Output/blinky_FreeRTOS_pca10040 Release/Obj/nrf_log_frontend.o
[...]
Memory Configuration

Name             Origin             Length             Attributes
UNPLACED_SECTIONS 0x0000000100000000 0x0000000000000000 xw
RAM              0x0000000020000000 0x0000000000010000 xw
FLASH            0x0000000000000000 0x0000000000080000 xw
*default*        0x0000000000000000 0xffffffffffffffff

Linker script and memory map

                0x0000000000000000                __vfprintf = __vfprintf_long
                0x0000000000000000                __vfscanf = __vfscanf_long
                0x0000000020000000                __RAM_segment_start__ = 0x20000000
                0x0000000020010000                __RAM_segment_end__ = 0x20010000
                0x0000000000010000                __RAM_segment_size__ = 0x10000
                0x0000000000000000                __FLASH_segment_start__ = 0x0
                0x0000000000080000                __FLASH_segment_end__ = 0x80000
                0x0000000000080000                __FLASH_segment_size__ = 0x80000
                0x0000000000002000                __HEAPSIZE__ = 0x2000
                0x0000000000000000                __STACKSIZE_PROCESS__ = 0x0
                0x0000000000002000                __STACKSIZE__ = 0x2000
                0x0000000020000000                __vectors_ram_load_start__ = 0x20000000

.vectors_ram    0x0000000020000000        0x0
                0x0000000020000000                __vectors_ram_start__ = .
                0x0000000020000000                __app_ram_start__ = __vectors_ram_start__
 *(.vectors_ram .vectors_ram.*)
                0x0000000020000000                __vectors_ram_end__ = (__vectors_ram_start__ + SIZEOF (.vectors_ram))
                0x0000000000000000                __vectors_ram_size__ = SIZEOF (.vectors_ram)
                0x0000000020000000                __vectors_ram_load_end__ = __vectors_ram_end__
                0x0000000000000001                . = ASSERT (((__vectors_ram_start__ == __vectors_ram_end__) || ((__vectors_ram_end__ - __RAM_segment_start__) <= __RAM_segment_size__)), error: .vectors_ram is too large to fit in RAM memory segment)
                0x0000000020000000                __nrf_sections_run_load_start__ = ALIGN (__vectors_ram_end__, 0x4)

.nrf_sections_run
                0x0000000020000000        0x0
                0x0000000020000000                __nrf_sections_run_start__ = .
                0x0000000020000000                __start_nrf_sections_run = __nrf_sections_run_start__
 *(.nrf_sections_run .nrf_sections_run.*)
                0x0000000020000000                __nrf_sections_run_end__ = (__nrf_sections_run_start__ + SIZEOF (.nrf_sections_run))
                0x0000000000000000                __nrf_sections_run_size__ = SIZEOF (.nrf_sections_run)
                0x0000000020000000                __nrf_sections_run_load_end__ = __nrf_sections_run_end__
                0x0000000000000001                . = ASSERT (((__nrf_sections_run_start__ == __nrf_sections_run_end__) || ((__nrf_sections_run_end__ - __RAM_segment_start__) <= __RAM_segment_size__)), error: .nrf_sections_run is too large to fit in RAM memory segment)
                0x0000000000000000                __vectors_load_start__ = 0x0

.vectors        0x0000000000000000      0x200
                0x0000000000000000                __vectors_start__ = .
 *(.vectors .vectors.*)
 .vectors       0x0000000000000000      0x200 Output/blinky_FreeRTOS_pca10040 Release/Obj/ses_startup_nrf52.o
                0x0000000000000000                _vectors
                0x0000000000000200                __vectors_end__ = (__vectors_start__ + SIZEOF (.vectors))
                0x0000000000000200                __vectors_size__ = SIZEOF (.vectors)
                0x0000000000000200                __vectors_load_end__ = __vectors_end__
                0x0000000000000001                . = ASSERT (((__vectors_start__ == __vectors_end__) || ((__vectors_end__ - __FLASH_segment_start__) <= __FLASH_segment_size__)), error: .vectors is too large to fit in FLASH memory segment)
                0x0000000000000200                __init_load_start__ = ALIGN (__vectors_end__, 0x4)

.init           0x0000000000000200      0x1d0
                0x0000000000000200                __init_start__ = .
 *(.init .init.*)
 .init          0x0000000000000200      0x15c Output/blinky_FreeRTOS_pca10040 Release/Obj/thumb_crt0.o
                0x0000000000000200                _start
                0x00000000000002b4                exit
 .init          0x000000000000035c       0x18 Output/blinky_FreeRTOS_pca10040 Release/Obj/ses_startup_nrf52.o
                0x000000000000035c                NMI_Handler
                0x000000000000035e                HardFault_Handler
                0x0000000000000360                MemoryManagement_Handler
                0x0000000000000362                BusFault_Handler
                0x0000000000000364                UsageFault_Handler
                0x0000000000000368                DebugMon_Handler
                0x000000000000036c                SysTick_Handler
                0x000000000000036e                PWM1_IRQHandler
                0x000000000000036e                SWI2_EGU2_IRQHandler
                0x000000000000036e                RTC0_IRQHandler
                0x000000000000036e                RADIO_IRQHandler
                0x000000000000036e                PDM_IRQHandler
                0x000000000000036e                TEMP_IRQHandler
                0x000000000000036e                QDEC_IRQHandler
                0x000000000000036e                TIMER3_IRQHandler
                0x000000000000036e                FPU_IRQHandler
                0x000000000000036e                SPIM0_SPIS0_TWIM0_TWIS0_SPI0_TWI0_IRQHandler
                0x000000000000036e                SWI0_EGU0_IRQHandler
                0x000000000000036e                UARTE0_UART0_IRQHandler
                0x000000000000036e                TIMER4_IRQHandler
                0x000000000000036e                I2S_IRQHandler
                0x000000000000036e                SWI4_EGU4_IRQHandler
                0x000000000000036e                TIMER0_IRQHandler
                0x000000000000036e                Dummy_Handler
                0x000000000000036e                TIMER1_IRQHandler
                0x000000000000036e                PWM2_IRQHandler
                0x000000000000036e                ECB_IRQHandler
                0x000000000000036e                SPIM1_SPIS1_TWIM1_TWIS1_SPI1_TWI1_IRQHandler
                0x000000000000036e                SAADC_IRQHandler
                0x000000000000036e                CCM_AAR_IRQHandler
                0x000000000000036e                WDT_IRQHandler
                0x000000000000036e                SWI5_EGU5_IRQHandler
                0x000000000000036e                RNG_IRQHandler
                0x000000000000036e                RTC2_IRQHandler
                0x000000000000036e                PWM0_IRQHandler
                0x000000000000036e                SWI3_EGU3_IRQHandler
                0x000000000000036e                SWI1_EGU1_IRQHandler
                0x000000000000036e                SPIM2_SPIS2_SPI2_IRQHandler
                0x000000000000036e                NFCT_IRQHandler
                0x000000000000036e                TIMER2_IRQHandler
                0x000000000000036e                MWU_IRQHandler
                0x000000000000036e                COMP_LPCOMP_IRQHandler
                0x0000000000000370                nRFInitialize
 .init          0x0000000000000374       0x5c Output/blinky_FreeRTOS_pca10040 Release/Obj/ses_startup_nrf_common.o
                0x0000000000000374                Reset_Handler
                0x0000000000000378                afterInitialize
                0x000000000000039c                InitializeUserMemorySections
                0x00000000000003d0                __init_end__ = (__init_start__ + SIZEOF (.init))
                0x00000000000001d0                __init_size__ = SIZEOF (.init)
                0x00000000000003d0                __init_load_end__ = __init_end__
                0x0000000000000001                . = ASSERT (((__init_start__ == __init_end__) || ((__init_end__ - __FLASH_segment_start__) <= __FLASH_segment_size__)), error: .init is too large to fit in FLASH memory segment)
                0x00000000000003d0                __init_rodata_load_start__ = ALIGN (__init_end__, 0x4)

.init_rodata    0x00000000000003d0        0x0
                0x00000000000003d0                __init_rodata_start__ = .
 *(.init_rodata .init_rodata.*)
                0x00000000000003d0                __init_rodata_end__ = (__init_rodata_start__ + SIZEOF (.init_rodata))
                0x0000000000000000                __init_rodata_size__ = SIZEOF (.init_rodata)
                0x00000000000003d0                __init_rodata_load_end__ = __init_rodata_end__
                0x0000000000000001                . = ASSERT (((__init_rodata_start__ == __init_rodata_end__) || ((__init_rodata_end__ - __FLASH_segment_start__) <= __FLASH_segment_size__)), error: .init_rodata is too large to fit in FLASH memory segment)
                0x00000000000003d0                __text_load_start__ = ALIGN (__init_rodata_end__, 0x4)

.text           0x00000000000003d0     0x1bf4
                0x00000000000003d0                __text_start__ = .
 *(.text .text.* .glue_7t .glue_7 .gnu.linkonce.t.* .gcc_except_table .ARM.extab* .gnu.linkonce.armextab.*)
 .glue_7        0x00000000000003d0        0x0 linker stubs
 .glue_7t       0x00000000000003d0        0x0 linker stubs
 .text.bsp_board_led_off
                0x00000000000003d0       0x18 Output/blinky_FreeRTOS_pca10040 Release/Obj/boards.o
                0x00000000000003d0                bsp_board_led_off
 .text.bsp_board_leds_off
                0x00000000000003e8       0x1e Output/blinky_FreeRTOS_pca10040 Release/Obj/boards.o
                0x00000000000003e8                bsp_board_leds_off
 *fill*         0x0000000000000406        0x2 
 .text.bsp_board_led_invert
                0x0000000000000408       0x24 Output/blinky_FreeRTOS_pca10040 Release/Obj/boards.o
                0x0000000000000408                bsp_board_led_invert
 .text.bsp_board_init
                0x000000000000042c       0x3e Output/blinky_FreeRTOS_pca10040 Release/Obj/boards.o
                0x000000000000042c                bsp_board_init
 *fill*         0x000000000000046a        0x2 
 .text.pvPortMalloc
                0x000000000000046c       0x50 Output/blinky_FreeRTOS_pca10040 Release/Obj/heap_1.o
                0x000000000000046c                pvPortMalloc
 .text.vPortFree
                0x00000000000004bc        0x2 Output/blinky_FreeRTOS_pca10040 Release/Obj/heap_1.o
                0x00000000000004bc                vPortFree
 .text.vListInitialise
                0x00000000000004be       0x16 Output/blinky_FreeRTOS_pca10040 Release/Obj/list.o
                0x00000000000004be                vListInitialise
 .text.vListInitialiseItem
                0x00000000000004d4        0x6 Output/blinky_FreeRTOS_pca10040 Release/Obj/list.o
                0x00000000000004d4                vListInitialiseItem
 .text.vListInsertEnd
                0x00000000000004da       0x18 Output/blinky_FreeRTOS_pca10040 Release/Obj/list.o
                0x00000000000004da                vListInsertEnd
 .text.vListInsert
                0x00000000000004f2       0x2e Output/blinky_FreeRTOS_pca10040 Release/Obj/list.o
                0x00000000000004f2                vListInsert
 .text.uxListRemove
                0x0000000000000520       0x20 Output/blinky_FreeRTOS_pca10040 Release/Obj/list.o
                0x0000000000000520                uxListRemove
 .text.vPortStartFirstTask
                0x0000000000000540       0x1c Output/blinky_FreeRTOS_pca10040 Release/Obj/port.o
                0x0000000000000540                vPortStartFirstTask
 .text.SVC_Handler
                0x000000000000055c       0x20 Output/blinky_FreeRTOS_pca10040 Release/Obj/port.o
                0x000000000000055c                SVC_Handler
 .text.PendSV_Handler
                0x000000000000057c       0x60 Output/blinky_FreeRTOS_pca10040 Release/Obj/port.o
                0x000000000000057c                PendSV_Handler
 .text.prvTaskExitError
                0x00000000000005dc        0x8 Output/blinky_FreeRTOS_pca10040 Release/Obj/port_cmsis.o
 .text.pxPortInitialiseStack
                0x00000000000005e4       0x24 Output/blinky_FreeRTOS_pca10040 Release/Obj/port_cmsis.o
                0x00000000000005e4                pxPortInitialiseStack
 .text.xPortStartScheduler
                0x0000000000000608       0x4c Output/blinky_FreeRTOS_pca10040 Release/Obj/port_cmsis.o
                0x0000000000000608                xPortStartScheduler
 .text.vPortEnterCritical
                0x0000000000000654       0x14 Output/blinky_FreeRTOS_pca10040 Release/Obj/port_cmsis.o
                0x0000000000000654                vPortEnterCritical
 .text.vPortExitCritical
                0x0000000000000668       0x14 Output/blinky_FreeRTOS_pca10040 Release/Obj/port_cmsis.o
                0x0000000000000668                vPortExitCritical
 .text.RTC1_IRQHandler
                0x000000000000067c       0x74 Output/blinky_FreeRTOS_pca10040 Release/Obj/port_cmsis_systick.o
                0x000000000000067c                RTC1_IRQHandler
 .text.vPortSetupTimerInterrupt
                0x00000000000006f0       0x40 Output/blinky_FreeRTOS_pca10040 Release/Obj/port_cmsis_systick.o
                0x00000000000006f0                vPortSetupTimerInterrupt
 .text.vPortSuppressTicksAndSleep
                0x0000000000000730       0xb4 Output/blinky_FreeRTOS_pca10040 Release/Obj/port_cmsis_systick.o
                0x0000000000000730                vPortSuppressTicksAndSleep
 .text.prvIsQueueEmpty
                0x00000000000007e4       0x16 Output/blinky_FreeRTOS_pca10040 Release/Obj/queue.o
 .text.prvCopyDataToQueue
                0x00000000000007fa       0x6a Output/blinky_FreeRTOS_pca10040 Release/Obj/queue.o
 .text.prvCopyDataFromQueue
                0x0000000000000864       0x2c Output/blinky_FreeRTOS_pca10040 Release/Obj/queue.o
 .text.prvUnlockQueue
                0x0000000000000890       0x70 Output/blinky_FreeRTOS_pca10040 Release/Obj/queue.o
 .text.xQueueGenericReset
                0x0000000000000900       0x6c Output/blinky_FreeRTOS_pca10040 Release/Obj/queue.o
                0x0000000000000900                xQueueGenericReset
 .text.xQueueGenericCreate
                0x000000000000096c       0x2e Output/blinky_FreeRTOS_pca10040 Release/Obj/queue.o
                0x000000000000096c                xQueueGenericCreate
 *fill*         0x000000000000099a        0x2 
 .text.xQueueGenericSend
                0x000000000000099c      0x108 Output/blinky_FreeRTOS_pca10040 Release/Obj/queue.o
                0x000000000000099c                xQueueGenericSend
 .text.xQueueGenericSendFromISR
                0x0000000000000aa4       0x5e Output/blinky_FreeRTOS_pca10040 Release/Obj/queue.o
                0x0000000000000aa4                xQueueGenericSendFromISR
 *fill*         0x0000000000000b02        0x2 
 .text.xQueueReceive
                0x0000000000000b04       0xf4 Output/blinky_FreeRTOS_pca10040 Release/Obj/queue.o
                0x0000000000000b04                xQueueReceive
 .text.vQueueAddToRegistry
                0x0000000000000bf8       0x1c Output/blinky_FreeRTOS_pca10040 Release/Obj/queue.o
                0x0000000000000bf8                vQueueAddToRegistry
 .text.vQueueWaitForMessageRestricted
                0x0000000000000c14       0x46 Output/blinky_FreeRTOS_pca10040 Release/Obj/queue.o
                0x0000000000000c14                vQueueWaitForMessageRestricted
 *fill*         0x0000000000000c5a        0x2 
 .text.prvGetExpectedIdleTime
                0x0000000000000c5c       0x3c Output/blinky_FreeRTOS_pca10040 Release/Obj/tasks.o
 .text.prvResetNextTaskUnblockTime
                0x0000000000000c98       0x24 Output/blinky_FreeRTOS_pca10040 Release/Obj/tasks.o
 .text.prvAddCurrentTaskToDelayedList
                0x0000000000000cbc       0x8c Output/blinky_FreeRTOS_pca10040 Release/Obj/tasks.o
 .text.xTaskCreate
                0x0000000000000d48      0x1b4 Output/blinky_FreeRTOS_pca10040 Release/Obj/tasks.o
                0x0000000000000d48                xTaskCreate
 .text.vTaskStartScheduler
                0x0000000000000efc       0x60 Output/blinky_FreeRTOS_pca10040 Release/Obj/tasks.o
                0x0000000000000efc                vTaskStartScheduler
 .text.vTaskSuspendAll
                0x0000000000000f5c       0x10 Output/blinky_FreeRTOS_pca10040 Release/Obj/tasks.o
                0x0000000000000f5c                vTaskSuspendAll
 .text.xTaskGetTickCount
                0x0000000000000f6c        0xc Output/blinky_FreeRTOS_pca10040 Release/Obj/tasks.o
                0x0000000000000f6c                xTaskGetTickCount
 .text.vTaskStepTick
                0x0000000000000f78       0x10 Output/blinky_FreeRTOS_pca10040 Release/Obj/tasks.o
                0x0000000000000f78                vTaskStepTick
 .text.xTaskIncrementTick
                0x0000000000000f88       0xf0 Output/blinky_FreeRTOS_pca10040 Release/Obj/tasks.o
                0x0000000000000f88                xTaskIncrementTick
 .text.xTaskResumeAll
                0x0000000000001078       0xdc Output/blinky_FreeRTOS_pca10040 Release/Obj/tasks.o
                0x0000000000001078                xTaskResumeAll
 .text.vTaskDelay
                0x0000000000001154       0x30 Output/blinky_FreeRTOS_pca10040 Release/Obj/tasks.o
                0x0000000000001154                vTaskDelay
 .text.prvIdleTask
                0x0000000000001184       0x84 Output/blinky_FreeRTOS_pca10040 Release/Obj/tasks.o
 .text.vTaskSwitchContext
                0x0000000000001208       0x5c Output/blinky_FreeRTOS_pca10040 Release/Obj/tasks.o
                0x0000000000001208                vTaskSwitchContext
 .text.vTaskPlaceOnEventList
                0x0000000000001264       0x20 Output/blinky_FreeRTOS_pca10040 Release/Obj/tasks.o
                0x0000000000001264                vTaskPlaceOnEventList
 .text.vTaskPlaceOnEventListRestricted
                0x0000000000001284       0x28 Output/blinky_FreeRTOS_pca10040 Release/Obj/tasks.o
                0x0000000000001284                vTaskPlaceOnEventListRestricted
 .text.xTaskRemoveFromEventList
                0x00000000000012ac       0x78 Output/blinky_FreeRTOS_pca10040 Release/Obj/tasks.o
                0x00000000000012ac                xTaskRemoveFromEventList
 .text.vTaskInternalSetTimeOutState
                0x0000000000001324       0x18 Output/blinky_FreeRTOS_pca10040 Release/Obj/tasks.o
                0x0000000000001324                vTaskInternalSetTimeOutState
 .text.xTaskCheckForTimeOut
                0x000000000000133c       0x50 Output/blinky_FreeRTOS_pca10040 Release/Obj/tasks.o
                0x000000000000133c                xTaskCheckForTimeOut
 .text.vTaskMissedYield
                0x000000000000138c        0xc Output/blinky_FreeRTOS_pca10040 Release/Obj/tasks.o
                0x000000000000138c                vTaskMissedYield
 .text.eTaskConfirmSleepModeStatus
                0x0000000000001398       0x34 Output/blinky_FreeRTOS_pca10040 Release/Obj/tasks.o
                0x0000000000001398                eTaskConfirmSleepModeStatus
 .text.xTaskGetSchedulerState
                0x00000000000013cc       0x20 Output/blinky_FreeRTOS_pca10040 Release/Obj/tasks.o
                0x00000000000013cc                xTaskGetSchedulerState
 .text.xTaskPriorityDisinherit
                0x00000000000013ec       0x74 Output/blinky_FreeRTOS_pca10040 Release/Obj/tasks.o
                0x00000000000013ec                xTaskPriorityDisinherit
 .text.prvCheckForValidListAndQueue
                0x0000000000001460       0x58 Output/blinky_FreeRTOS_pca10040 Release/Obj/timers.o
 .text.prvInsertTimerInActiveList
                0x00000000000014b8       0x3c Output/blinky_FreeRTOS_pca10040 Release/Obj/timers.o
 .text.xTimerCreateTimerTask
                0x00000000000014f4       0x38 Output/blinky_FreeRTOS_pca10040 Release/Obj/timers.o
                0x00000000000014f4                xTimerCreateTimerTask
 .text.xTimerCreate
                0x000000000000152c       0x34 Output/blinky_FreeRTOS_pca10040 Release/Obj/timers.o
                0x000000000000152c                xTimerCreate
 .text.xTimerGenericCommand
                0x0000000000001560       0x44 Output/blinky_FreeRTOS_pca10040 Release/Obj/timers.o
                0x0000000000001560                xTimerGenericCommand
 .text.prvSwitchTimerLists
                0x00000000000015a4       0x64 Output/blinky_FreeRTOS_pca10040 Release/Obj/timers.o
 .text.prvTimerTask
                0x0000000000001608      0x1a8 Output/blinky_FreeRTOS_pca10040 Release/Obj/timers.o
 .text.app_error_handler_bare
                0x00000000000017b0       0x1a Output/blinky_FreeRTOS_pca10040 Release/Obj/app_error.o
                0x00000000000017b0                app_error_handler_bare
 *fill*         0x00000000000017ca        0x2 
 .text.app_error_fault_handler
                0x00000000000017cc       0x34 Output/blinky_FreeRTOS_pca10040 Release/Obj/app_error_weak.o
                0x00000000000017cc                app_error_fault_handler
 .text.app_util_disable_irq
                0x0000000000001800       0x10 Output/blinky_FreeRTOS_pca10040 Release/Obj/app_util_platform.o
                0x0000000000001800                app_util_disable_irq
 .text.app_util_enable_irq
                0x0000000000001810       0x14 Output/blinky_FreeRTOS_pca10040 Release/Obj/app_util_platform.o
                0x0000000000001810                app_util_enable_irq
 .text.app_util_critical_region_enter
                0x0000000000001824        0x4 Output/blinky_FreeRTOS_pca10040 Release/Obj/app_util_platform.o
                0x0000000000001824                app_util_critical_region_enter
 .text.app_util_critical_region_exit
                0x0000000000001828        0x4 Output/blinky_FreeRTOS_pca10040 Release/Obj/app_util_platform.o
                0x0000000000001828                app_util_critical_region_exit
 .text.clock_clk_started_notify
                0x000000000000182c       0x24 Output/blinky_FreeRTOS_pca10040 Release/Obj/nrf_drv_clock.o
 .text.clock_irq_handler
                0x0000000000001850       0x1c Output/blinky_FreeRTOS_pca10040 Release/Obj/nrf_drv_clock.o
 .text.nrf_drv_clock_init
                0x000000000000186c       0x30 Output/blinky_FreeRTOS_pca10040 Release/Obj/nrf_drv_clock.o
                0x000000000000186c                nrf_drv_clock_init
 .text.nrf_drv_clock_lfclk_request
                0x000000000000189c       0x54 Output/blinky_FreeRTOS_pca10040 Release/Obj/nrf_drv_clock.o
                0x000000000000189c                nrf_drv_clock_lfclk_request
 .text.nrfx_clock_init
                0x00000000000018f0       0x18 Output/blinky_FreeRTOS_pca10040 Release/Obj/nrfx_clock.o
                0x00000000000018f0                nrfx_clock_init
 .text.nrfx_clock_enable
                0x0000000000001908       0x24 Output/blinky_FreeRTOS_pca10040 Release/Obj/nrfx_clock.o
                0x0000000000001908                nrfx_clock_enable
 .text.nrfx_clock_lfclk_start
                0x000000000000192c       0x58 Output/blinky_FreeRTOS_pca10040 Release/Obj/nrfx_clock.o
                0x000000000000192c                nrfx_clock_lfclk_start
 .text.POWER_CLOCK_IRQHandler
                0x0000000000001984       0x64 Output/blinky_FreeRTOS_pca10040 Release/Obj/nrfx_clock.o
                0x0000000000001984                POWER_CLOCK_IRQHandler
 .text.nrf_gpiote_event_clear
                0x00000000000019e8       0x18 Output/blinky_FreeRTOS_pca10040 Release/Obj/nrfx_gpiote.o
 .text.nrf_gpio_cfg_sense_set
                0x0000000000001a00       0x20 Output/blinky_FreeRTOS_pca10040 Release/Obj/nrfx_gpiote.o
 .text.GPIOTE_IRQHandler
                0x0000000000001a20      0x184 Output/blinky_FreeRTOS_pca10040 Release/Obj/nrfx_gpiote.o
                0x0000000000001a20                GPIOTE_IRQHandler
 .text.led_toggle_timer_callback
                0x0000000000001ba4        0x6 Output/blinky_FreeRTOS_pca10040 Release/Obj/main.o
 .text.led_toggle_task_function
                0x0000000000001baa       0x10 Output/blinky_FreeRTOS_pca10040 Release/Obj/main.o
 *fill*         0x0000000000001bba        0x2 
 .text.startup.main
                0x0000000000001bbc       0x80 Output/blinky_FreeRTOS_pca10040 Release/Obj/main.o
                0x0000000000001bbc                main
 .text.errata_12
                0x0000000000001c3c       0x40 Output/blinky_FreeRTOS_pca10040 Release/Obj/system_nrf52.o
 .text.errata_16
                0x0000000000001c7c       0x34 Output/blinky_FreeRTOS_pca10040 Release/Obj/system_nrf52.o
 .text.SystemInit
                0x0000000000001cb0      0x25c Output/blinky_FreeRTOS_pca10040 Release/Obj/system_nrf52.o
                0x0000000000001cb0                SystemInit
 .text.libc.memcpy
                0x0000000000001f0c       0x52 C:/Program Files/SEGGER/SEGGER Embedded Studio for ARM 4.52/lib/libc_v7em_fpv4_sp_d16_hard_t_le_eabi.a(libc2_asm.o)
                0x0000000000001f0c                __aeabi_memcpy
                0x0000000000001f0c                memcpy
                0x0000000000001f18                __aeabi_memcpy8
                0x0000000000001f18                __aeabi_memcpy4
 .text.libc.memset
                0x0000000000001f5e       0x66 C:/Program Files/SEGGER/SEGGER Embedded Studio for ARM 4.52/lib/libc_v7em_fpv4_sp_d16_hard_t_le_eabi.a(libc2_asm.o)
                0x0000000000001f5e                memset
                0x0000000000001fc4                __text_end__ = (__text_start__ + SIZEOF (.text))
                0x0000000000001bf4                __text_size__ = SIZEOF (.text)
                0x0000000000001fc4                __text_load_end__ = __text_end__

.vfp11_veneer   0x0000000100000000        0x0
 .vfp11_veneer  0x0000000100000000        0x0 linker stubs

.v4_bx          0x0000000100000000        0x0
 .v4_bx         0x0000000100000000        0x0 linker stubs

.iplt           0x0000000100000000        0x0
 .iplt          0x0000000100000000        0x0 Output/blinky_FreeRTOS_pca10040 Release/Obj/thumb_crt0.o
                0x0000000000000001                . = ASSERT (((__text_start__ == __text_end__) || ((__text_end__ - __FLASH_segment_start__) <= __FLASH_segment_size__)), error: .text is too large to fit in FLASH memory segment)
                0x0000000000001fc4                __log_const_data_load_start__ = ALIGN (__text_end__, 0x4)

.log_const_data
                0x0000000000001fc4        0x0
                0x0000000000001fc4                __log_const_data_start__ = .
                0x0000000000001fc4                __start_log_const_data = __log_const_data_start__
 *(SORT_BY_NAME(.log_const_data*))
                0x0000000000001fc4                __log_const_data_end__ = (__log_const_data_start__ + SIZEOF (.log_const_data))
                0x0000000000000000                __log_const_data_size__ = SIZEOF (.log_const_data)
                0x0000000000001fc4                __stop_log_const_data = __log_const_data_end__
                0x0000000000001fc4                __log_const_data_load_end__ = __log_const_data_end__
                0x0000000000000001                . = ASSERT (((__log_const_data_start__ == __log_const_data_end__) || ((__log_const_data_end__ - __FLASH_segment_start__) <= __FLASH_segment_size__)), error: .log_const_data is too large to fit in FLASH memory segment)
                0x0000000000001fc4                __log_backends_load_start__ = ALIGN (__log_const_data_end__, 0x4)

.log_backends   0x0000000000001fc4        0x0
                0x0000000000001fc4                __log_backends_start__ = .
                0x0000000000001fc4                __start_log_backends = __log_backends_start__
 *(SORT_BY_NAME(.log_backends*))
                0x0000000000001fc4                __log_backends_end__ = (__log_backends_start__ + SIZEOF (.log_backends))
                0x0000000000000000                __log_backends_size__ = SIZEOF (.log_backends)
                0x0000000000001fc4                __stop_log_backends = __log_backends_end__
                0x0000000000001fc4                __log_backends_load_end__ = __log_backends_end__
                0x0000000000000001                . = ASSERT (((__log_backends_start__ == __log_backends_end__) || ((__log_backends_end__ - __FLASH_segment_start__) <= __FLASH_segment_size__)), error: .log_backends is too large to fit in FLASH memory segment)
                0x0000000000001fc4                __nrf_balloc_load_start__ = ALIGN (__log_backends_end__, 0x4)

.nrf_balloc     0x0000000000001fc4        0x0
                0x0000000000001fc4                __nrf_balloc_start__ = .
                0x0000000000001fc4                __start_nrf_balloc = __nrf_balloc_start__
 *(.nrf_balloc*)
                0x0000000000001fc4                __nrf_balloc_end__ = (__nrf_balloc_start__ + SIZEOF (.nrf_balloc))
                0x0000000000000000                __nrf_balloc_size__ = SIZEOF (.nrf_balloc)
                0x0000000000001fc4                __stop_nrf_balloc = __nrf_balloc_end__
                0x0000000000001fc4                __nrf_balloc_load_end__ = __nrf_balloc_end__
                0x0000000000000001                . = ASSERT (((__nrf_balloc_start__ == __nrf_balloc_end__) || ((__nrf_balloc_end__ - __FLASH_segment_start__) <= __FLASH_segment_size__)), error: .nrf_balloc is too large to fit in FLASH memory segment)
                0x0000000000001fc4                __nrf_sections_load_start__ = ALIGN (__nrf_balloc_end__, 0x4)

.nrf_sections   0x0000000000001fc4        0x0
                0x0000000000001fc4                __nrf_sections_start__ = .
                0x0000000000001fc4                __start_nrf_sections = __nrf_sections_start__
 *(.nrf_sections .nrf_sections.*)
                0x0000000000001fc4                __nrf_sections_end__ = (__nrf_sections_start__ + SIZEOF (.nrf_sections))
                0x0000000000000000                __nrf_sections_size__ = SIZEOF (.nrf_sections)
                0x0000000000001fc4                __nrf_sections_load_end__ = __nrf_sections_end__
                0x0000000000000001                . = ASSERT (((__nrf_sections_start__ == __nrf_sections_end__) || ((__nrf_sections_end__ - __FLASH_segment_start__) <= __FLASH_segment_size__)), error: .nrf_sections is too large to fit in FLASH memory segment)
                0x0000000000001fc4                __log_dynamic_data_load_start__ = ALIGN (__nrf_sections_end__, 0x4)

.log_dynamic_data
                0x0000000020000000        0x0 load address 0x0000000000001fc4
                0x0000000020000000                __log_dynamic_data_start__ = .
 *(SORT_BY_NAME(.log_dynamic_data*))
                0x0000000020000000                __log_dynamic_data_end__ = (__log_dynamic_data_start__ + SIZEOF (.log_dynamic_data))
                0x0000000000000000                __log_dynamic_data_size__ = SIZEOF (.log_dynamic_data)
                0x0000000000001fc4                __log_dynamic_data_load_end__ = (__log_dynamic_data_load_start__ + SIZEOF (.log_dynamic_data))
                0x0000000000000001                . = ASSERT (((__log_dynamic_data_load_start__ == __log_dynamic_data_load_end__) || ((__log_dynamic_data_load_end__ - __FLASH_segment_start__) <= __FLASH_segment_size__)), error: .log_dynamic_data is too large to fit in FLASH memory segment)

.log_dynamic_data_run
                0x0000000020000000        0x0
                0x0000000020000000                __log_dynamic_data_run_start__ = .
                0x0000000020000000                __start_log_dynamic_data = __log_dynamic_data_run_start__
                0x0000000020000000                . = MAX ((__log_dynamic_data_run_start__ + SIZEOF (.log_dynamic_data)), .)
                0x0000000020000000                __log_dynamic_data_run_end__ = (__log_dynamic_data_run_start__ + SIZEOF (.log_dynamic_data_run))
                0x0000000000000000                __log_dynamic_data_run_size__ = SIZEOF (.log_dynamic_data_run)
                0x0000000020000000                __stop_log_dynamic_data = __log_dynamic_data_run_end__
                0x0000000020000000                __log_dynamic_data_run_load_end__ = __log_dynamic_data_run_end__
                0x0000000000000001                . = ASSERT (((__log_dynamic_data_run_start__ == __log_dynamic_data_run_end__) || ((__log_dynamic_data_run_end__ - __RAM_segment_start__) <= __RAM_segment_size__)), error: .log_dynamic_data_run is too large to fit in RAM memory segment)
                0x0000000000001fc4                __log_filter_data_load_start__ = ALIGN ((__log_dynamic_data_load_start__ + SIZEOF (.log_dynamic_data)), 0x4)

.log_filter_data
                0x0000000020000000        0x0 load address 0x0000000000001fc4
                0x0000000020000000                __log_filter_data_start__ = .
 *(SORT_BY_NAME(.log_filter_data*))
                0x0000000020000000                __log_filter_data_end__ = (__log_filter_data_start__ + SIZEOF (.log_filter_data))
                0x0000000000000000                __log_filter_data_size__ = SIZEOF (.log_filter_data)
                0x0000000000001fc4                __log_filter_data_load_end__ = (__log_filter_data_load_start__ + SIZEOF (.log_filter_data))
                0x0000000000000001                . = ASSERT (((__log_filter_data_load_start__ == __log_filter_data_load_end__) || ((__log_filter_data_load_end__ - __FLASH_segment_start__) <= __FLASH_segment_size__)), error: .log_filter_data is too large to fit in FLASH memory segment)

.log_filter_data_run
                0x0000000020000000        0x0
                0x0000000020000000                __log_filter_data_run_start__ = .
                0x0000000020000000                __start_log_filter_data = __log_filter_data_run_start__
                0x0000000020000000                . = MAX ((__log_filter_data_run_start__ + SIZEOF (.log_filter_data)), .)
                0x0000000020000000                __log_filter_data_run_end__ = (__log_filter_data_run_start__ + SIZEOF (.log_filter_data_run))
                0x0000000000000000                __log_filter_data_run_size__ = SIZEOF (.log_filter_data_run)
                0x0000000020000000                __stop_log_filter_data = __log_filter_data_run_end__
                0x0000000020000000                __log_filter_data_run_load_end__ = __log_filter_data_run_end__
                0x0000000000000001                . = ASSERT (((__log_filter_data_run_start__ == __log_filter_data_run_end__) || ((__log_filter_data_run_end__ - __RAM_segment_start__) <= __RAM_segment_size__)), error: .log_filter_data_run is too large to fit in RAM memory segment)
                0x0000000020000000                __nrf_sections_run_end_load_start__ = ALIGN (__log_filter_data_run_end__, 0x4)

.nrf_sections_run_end
                0x0000000020000000        0x0
                0x0000000020000000                __nrf_sections_run_end_start__ = .
                0x0000000020000000                __end_nrf_sections_run = __nrf_sections_run_end_start__
 *(.nrf_sections_run_end .nrf_sections_run_end.*)
                0x0000000020000000                __nrf_sections_run_end_end__ = (__nrf_sections_run_end_start__ + SIZEOF (.nrf_sections_run_end))
                0x0000000000000000                __nrf_sections_run_end_size__ = SIZEOF (.nrf_sections_run_end)
                0x0000000020000000                __nrf_sections_run_end_load_end__ = __nrf_sections_run_end_end__
                0x0000000000000001                . = ASSERT (((__nrf_sections_run_end_start__ == __nrf_sections_run_end_end__) || ((__nrf_sections_run_end_end__ - __RAM_segment_start__) <= __RAM_segment_size__)), error: .nrf_sections_run_end is too large to fit in RAM memory segment)
                0x0000000000001fc4                __dtors_load_start__ = ALIGN ((__log_filter_data_load_start__ + SIZEOF (.log_filter_data)), 0x4)

.dtors          0x0000000000001fc4        0x0
                0x0000000000001fc4                __dtors_start__ = .
 *(SORT_BY_NAME(.dtors.*))
 *(.dtors)
 *(.fini_array)
 *(SORT_BY_NAME(.fini_array.*))
                0x0000000000001fc4                __dtors_end__ = (__dtors_start__ + SIZEOF (.dtors))
                0x0000000000000000                __dtors_size__ = SIZEOF (.dtors)
                0x0000000000001fc4                __dtors_load_end__ = __dtors_end__
                0x0000000000000001                . = ASSERT (((__dtors_start__ == __dtors_end__) || ((__dtors_end__ - __FLASH_segment_start__) <= __FLASH_segment_size__)), error: .dtors is too large to fit in FLASH memory segment)
                0x0000000000001fc4                __ctors_load_start__ = ALIGN (__dtors_end__, 0x4)

.ctors          0x0000000000001fc4        0x0
                0x0000000000001fc4                __ctors_start__ = .
 *(SORT_BY_NAME(.ctors.*))
 *(.ctors)
 *(.init_array)
 *(SORT_BY_NAME(.init_array.*))
                0x0000000000001fc4                __ctors_end__ = (__ctors_start__ + SIZEOF (.ctors))
                0x0000000000000000                __ctors_size__ = SIZEOF (.ctors)
                0x0000000000001fc4                __ctors_load_end__ = __ctors_end__
                0x0000000000000001                . = ASSERT (((__ctors_start__ == __ctors_end__) || ((__ctors_end__ - __FLASH_segment_start__) <= __FLASH_segment_size__)), error: .ctors is too large to fit in FLASH memory segment)
                0x0000000000001fc4                __rodata_load_start__ = ALIGN (__ctors_end__, 0x4)

.rodata         0x0000000000001fc4       0x20
                0x0000000000001fc4                __rodata_start__ = .
 *(.rodata .rodata.* .gnu.linkonce.r.*)
 .rodata.m_board_led_list
                0x0000000000001fc4        0x4 Output/blinky_FreeRTOS_pca10040 Release/Obj/boards.o
 .rodata.vTaskStartScheduler.str1.1
                0x0000000000001fc8        0x5 Output/blinky_FreeRTOS_pca10040 Release/Obj/tasks.o
 .rodata.prvCheckForValidListAndQueue.str1.1
                0x0000000000001fcd        0x5 Output/blinky_FreeRTOS_pca10040 Release/Obj/timers.o
 .rodata.xTimerCreateTimerTask.str1.1
                0x0000000000001fd2        0x8 Output/blinky_FreeRTOS_pca10040 Release/Obj/timers.o
 .rodata.main.str1.1
                0x0000000000001fda        0xa Output/blinky_FreeRTOS_pca10040 Release/Obj/main.o
                0x0000000000001fe4                __rodata_end__ = (__rodata_start__ + SIZEOF (.rodata))
                0x0000000000000020                __rodata_size__ = SIZEOF (.rodata)
                0x0000000000001fe4                __rodata_load_end__ = __rodata_end__

.rel.dyn        0x0000000000001fe4        0x0
 .rel.iplt      0x0000000000001fe4        0x0 Output/blinky_FreeRTOS_pca10040 Release/Obj/thumb_crt0.o
                0x0000000000000001                . = ASSERT (((__rodata_start__ == __rodata_end__) || ((__rodata_end__ - __FLASH_segment_start__) <= __FLASH_segment_size__)), error: .rodata is too large to fit in FLASH memory segment)
                0x0000000000001fe4                __ARM.exidx_load_start__ = ALIGN (__rodata_end__, 0x4)

.ARM.exidx      0x0000000000001fe4        0x0
                0x0000000000001fe4                __ARM.exidx_start__ = .
                0x0000000000001fe4                __exidx_start = __ARM.exidx_start__
 *(.ARM.exidx .ARM.exidx.*)
                0x0000000000001fe4                __ARM.exidx_end__ = (__ARM.exidx_start__ + SIZEOF (.ARM.exidx))
                0x0000000000000000                __ARM.exidx_size__ = SIZEOF (.ARM.exidx)
                0x0000000000001fe4                __exidx_end = __ARM.exidx_end__
                0x0000000000001fe4                __ARM.exidx_load_end__ = __ARM.exidx_end__
                0x0000000000000001                . = ASSERT (((__ARM.exidx_start__ == __ARM.exidx_end__) || ((__ARM.exidx_end__ - __FLASH_segment_start__) <= __FLASH_segment_size__)), error: .ARM.exidx is too large to fit in FLASH memory segment)
                0x0000000000001fe4                __fast_load_start__ = ALIGN (__ARM.exidx_end__, 0x4)

.fast           0x0000000020000000        0x0 load address 0x0000000000001fe4
                0x0000000020000000                __fast_start__ = .
 *(.fast .fast.*)
                0x0000000020000000                __fast_end__ = (__fast_start__ + SIZEOF (.fast))
                0x0000000000000000                __fast_size__ = SIZEOF (.fast)
                0x0000000000001fe4                __fast_load_end__ = (__fast_load_start__ + SIZEOF (.fast))
                0x0000000000000001                . = ASSERT (((__fast_load_start__ == __fast_load_end__) || ((__fast_load_end__ - __FLASH_segment_start__) <= __FLASH_segment_size__)), error: .fast is too large to fit in FLASH memory segment)

.fast_run       0x0000000020000000        0x0
                0x0000000020000000                __fast_run_start__ = .
                0x0000000020000000                . = MAX ((__fast_run_start__ + SIZEOF (.fast)), .)
                0x0000000020000000                __fast_run_end__ = (__fast_run_start__ + SIZEOF (.fast_run))
                0x0000000000000000                __fast_run_size__ = SIZEOF (.fast_run)
                0x0000000020000000                __fast_run_load_end__ = __fast_run_end__
                0x0000000000000001                . = ASSERT (((__fast_run_start__ == __fast_run_end__) || ((__fast_run_end__ - __RAM_segment_start__) <= __RAM_segment_size__)), error: .fast_run is too large to fit in RAM memory segment)
                0x0000000000001fe4                __data_load_start__ = ALIGN ((__fast_load_start__ + SIZEOF (.fast)), 0x4)

.data           0x0000000020000000        0x4 load address 0x0000000000001fe4
                0x0000000020000000                __data_start__ = .
 *(.data .data.* .gnu.linkonce.d.*)
 .data.SystemCoreClock
                0x0000000020000000        0x4 Output/blinky_FreeRTOS_pca10040 Release/Obj/system_nrf52.o
                0x0000000020000000                SystemCoreClock
                0x0000000020000004                __data_end__ = (__data_start__ + SIZEOF (.data))
                0x0000000000000004                __data_size__ = SIZEOF (.data)
                0x0000000000001fe8                __data_load_end__ = (__data_load_start__ + SIZEOF (.data))

.igot.plt       0x0000000100000000        0x0
 .igot.plt      0x0000000100000000        0x0 Output/blinky_FreeRTOS_pca10040 Release/Obj/thumb_crt0.o
                0x0000000000000001                . = ASSERT (((__data_load_start__ == __data_load_end__) || ((__data_load_end__ - __FLASH_segment_start__) <= __FLASH_segment_size__)), error: .data is too large to fit in FLASH memory segment)

.data_run       0x0000000020000000        0x4 load address 0x0000000000001fe4
                0x0000000020000000                __data_run_start__ = .
                0x0000000020000004                . = MAX ((__data_run_start__ + SIZEOF (.data)), .)
 *fill*         0x0000000020000000        0x4 
                0x0000000020000004                __data_run_end__ = (__data_run_start__ + SIZEOF (.data_run))
                0x0000000000000004                __data_run_size__ = SIZEOF (.data_run)
                0x0000000020000004                __data_run_load_end__ = __data_run_end__
                0x0000000000000001                . = ASSERT (((__data_run_start__ == __data_run_end__) || ((__data_run_end__ - __RAM_segment_start__) <= __RAM_segment_size__)), error: .data_run is too large to fit in RAM memory segment)
                0x0000000000001fe8                __tdata_load_start__ = ALIGN ((__data_load_start__ + SIZEOF (.data)), 0x4)

.tdata          0x0000000020000004        0x0 load address 0x0000000000001fe8
                0x0000000020000004                __tdata_start__ = .
 *(.tdata .tdata.*)
                0x0000000020000004                __tdata_end__ = (__tdata_start__ + SIZEOF (.tdata))
                0x0000000000000000                __tdata_size__ = SIZEOF (.tdata)
                0x0000000000001fe8                __tdata_load_end__ = (__tdata_load_start__ + SIZEOF (.tdata))
                0x0000000000001fe8                __FLASH_segment_used_end__ = (ALIGN ((__data_load_start__ + SIZEOF (.data)), 0x4) + SIZEOF (.tdata))
                0x0000000000001fe8                __FLASH_segment_used_size__ = (__FLASH_segment_used_end__ - __FLASH_segment_start__)
                0x0000000000000001                . = ASSERT (((__tdata_load_start__ == __tdata_load_end__) || ((__tdata_load_end__ - __FLASH_segment_start__) <= __FLASH_segment_size__)), error: .tdata is too large to fit in FLASH memory segment)

.tdata_run      0x0000000020000004        0x0
                0x0000000020000004                __tdata_run_start__ = .
                0x0000000020000004                . = MAX ((__tdata_run_start__ + SIZEOF (.tdata)), .)
                0x0000000020000004                __tdata_run_end__ = (__tdata_run_start__ + SIZEOF (.tdata_run))
                0x0000000000000000                __tdata_run_size__ = SIZEOF (.tdata_run)
                0x0000000020000004                __tdata_run_load_end__ = __tdata_run_end__
                0x0000000000000001                . = ASSERT (((__tdata_run_start__ == __tdata_run_end__) || ((__tdata_run_end__ - __RAM_segment_start__) <= __RAM_segment_size__)), error: .tdata_run is too large to fit in RAM memory segment)
                0x0000000020000004                __bss_load_start__ = ALIGN (__tdata_run_end__, 0x4)

.bss            0x0000000020000004     0x11b8
                0x0000000020000004                __bss_start__ = .
 *(.bss .bss.* .gnu.linkonce.b.*)
 .bss.pucAlignedHeap.8037
                0x0000000020000004        0x4 Output/blinky_FreeRTOS_pca10040 Release/Obj/heap_1.o
 .bss.ucHeap    0x0000000020000008     0x1000 Output/blinky_FreeRTOS_pca10040 Release/Obj/heap_1.o
 .bss.xNextFreeByte
                0x0000000020001008        0x4 Output/blinky_FreeRTOS_pca10040 Release/Obj/heap_1.o
 .bss.uxCriticalNesting
                0x000000002000100c        0x4 Output/blinky_FreeRTOS_pca10040 Release/Obj/port_cmsis.o
 .bss.xQueueRegistry
                0x0000000020001010       0x10 Output/blinky_FreeRTOS_pca10040 Release/Obj/queue.o
                0x0000000020001010                xQueueRegistry
 .bss.pxCurrentTCB
                0x0000000020001020        0x4 Output/blinky_FreeRTOS_pca10040 Release/Obj/tasks.o
                0x0000000020001020                pxCurrentTCB
 .bss.pxDelayedTaskList
                0x0000000020001024        0x4 Output/blinky_FreeRTOS_pca10040 Release/Obj/tasks.o
 .bss.pxOverflowDelayedTaskList
                0x0000000020001028        0x4 Output/blinky_FreeRTOS_pca10040 Release/Obj/tasks.o
 .bss.pxReadyTasksLists
                0x000000002000102c       0x3c Output/blinky_FreeRTOS_pca10040 Release/Obj/tasks.o
 .bss.uxCurrentNumberOfTasks
                0x0000000020001068        0x4 Output/blinky_FreeRTOS_pca10040 Release/Obj/tasks.o
 .bss.uxDeletedTasksWaitingCleanUp
                0x000000002000106c        0x4 Output/blinky_FreeRTOS_pca10040 Release/Obj/tasks.o
 .bss.uxPendedTicks
                0x0000000020001070        0x4 Output/blinky_FreeRTOS_pca10040 Release/Obj/tasks.o
 .bss.uxSchedulerSuspended
                0x0000000020001074        0x4 Output/blinky_FreeRTOS_pca10040 Release/Obj/tasks.o
 .bss.uxTaskNumber
                0x0000000020001078        0x4 Output/blinky_FreeRTOS_pca10040 Release/Obj/tasks.o
 .bss.uxTopReadyPriority
                0x000000002000107c        0x4 Output/blinky_FreeRTOS_pca10040 Release/Obj/tasks.o
 .bss.xDelayedTaskList1
                0x0000000020001080       0x14 Output/blinky_FreeRTOS_pca10040 Release/Obj/tasks.o
 .bss.xDelayedTaskList2
                0x0000000020001094       0x14 Output/blinky_FreeRTOS_pca10040 Release/Obj/tasks.o
 .bss.xIdleTaskHandle
                0x00000000200010a8        0x4 Output/blinky_FreeRTOS_pca10040 Release/Obj/tasks.o
 .bss.xNextTaskUnblockTime
                0x00000000200010ac        0x4 Output/blinky_FreeRTOS_pca10040 Release/Obj/tasks.o
 .bss.xNumOfOverflows
                0x00000000200010b0        0x4 Output/blinky_FreeRTOS_pca10040 Release/Obj/tasks.o
 .bss.xPendingReadyList
                0x00000000200010b4       0x14 Output/blinky_FreeRTOS_pca10040 Release/Obj/tasks.o
 .bss.xSchedulerRunning
                0x00000000200010c8        0x4 Output/blinky_FreeRTOS_pca10040 Release/Obj/tasks.o
 .bss.xSuspendedTaskList
                0x00000000200010cc       0x14 Output/blinky_FreeRTOS_pca10040 Release/Obj/tasks.o
 .bss.xTasksWaitingTermination
                0x00000000200010e0       0x14 Output/blinky_FreeRTOS_pca10040 Release/Obj/tasks.o
 .bss.xTickCount
                0x00000000200010f4        0x4 Output/blinky_FreeRTOS_pca10040 Release/Obj/tasks.o
 .bss.xYieldPending
                0x00000000200010f8        0x4 Output/blinky_FreeRTOS_pca10040 Release/Obj/tasks.o
 .bss.pxCurrentTimerList
                0x00000000200010fc        0x4 Output/blinky_FreeRTOS_pca10040 Release/Obj/timers.o
 .bss.pxOverflowTimerList
                0x0000000020001100        0x4 Output/blinky_FreeRTOS_pca10040 Release/Obj/timers.o
 .bss.xActiveTimerList1
                0x0000000020001104       0x14 Output/blinky_FreeRTOS_pca10040 Release/Obj/timers.o
 .bss.xActiveTimerList2
                0x0000000020001118       0x14 Output/blinky_FreeRTOS_pca10040 Release/Obj/timers.o
 .bss.xLastTime.8329
                0x000000002000112c        0x4 Output/blinky_FreeRTOS_pca10040 Release/Obj/timers.o
 .bss.xTimerQueue
                0x0000000020001130        0x4 Output/blinky_FreeRTOS_pca10040 Release/Obj/timers.o
 .bss.xTimerTaskHandle
                0x0000000020001134        0x4 Output/blinky_FreeRTOS_pca10040 Release/Obj/timers.o
 .bss.m_in_critical_region
                0x0000000020001138        0x4 Output/blinky_FreeRTOS_pca10040 Release/Obj/app_util_platform.o
 .bss.m_clock_cb
                0x000000002000113c       0x14 Output/blinky_FreeRTOS_pca10040 Release/Obj/nrf_drv_clock.o
 .bss.m_clock_cb
                0x0000000020001150        0x8 Output/blinky_FreeRTOS_pca10040 Release/Obj/nrfx_clock.o
 .bss.m_cb      0x0000000020001158       0x5c Output/blinky_FreeRTOS_pca10040 Release/Obj/nrfx_gpiote.o
 .bss.led_toggle_task_handle
                0x00000000200011b4        0x4 Output/blinky_FreeRTOS_pca10040 Release/Obj/main.o
                0x00000000200011b4                led_toggle_task_handle
 .bss.led_toggle_timer_handle
                0x00000000200011b8        0x4 Output/blinky_FreeRTOS_pca10040 Release/Obj/main.o
                0x00000000200011b8                led_toggle_timer_handle
 *(COMMON)
                0x00000000200011bc                __bss_end__ = (__bss_start__ + SIZEOF (.bss))
                0x00000000000011b8                __bss_size__ = SIZEOF (.bss)
                0x00000000200011bc                __bss_load_end__ = __bss_end__
                0x0000000000000001                . = ASSERT (((__bss_start__ == __bss_end__) || ((__bss_end__ - __RAM_segment_start__) <= __RAM_segment_size__)), error: .bss is too large to fit in RAM memory segment)
                0x00000000200011bc                __tbss_load_start__ = ALIGN (__bss_end__, 0x4)

.tbss           0x00000000200011bc        0x0
                0x00000000200011bc                __tbss_start__ = .
 *(.tbss .tbss.*)
                0x00000000200011bc                __tbss_end__ = (__tbss_start__ + SIZEOF (.tbss))
                0x0000000000000000                __tbss_size__ = SIZEOF (.tbss)
                0x00000000200011bc                __tbss_load_end__ = __tbss_end__
                0x0000000000000001                . = ASSERT (((__tbss_start__ == __tbss_end__) || ((__tbss_end__ - __RAM_segment_start__) <= __RAM_segment_size__)), error: .tbss is too large to fit in RAM memory segment)
                0x00000000200011bc                __non_init_load_start__ = ALIGN (__tbss_end__, 0x4)

.non_init       0x00000000200011bc        0x0
                0x00000000200011bc                __non_init_start__ = .
 *(.non_init .non_init.*)
                0x00000000200011bc                __non_init_end__ = (__non_init_start__ + SIZEOF (.non_init))
                0x0000000000000000                __non_init_size__ = SIZEOF (.non_init)
                0x00000000200011bc                __non_init_load_end__ = __non_init_end__
                0x0000000000000001                . = ASSERT (((__non_init_start__ == __non_init_end__) || ((__non_init_end__ - __RAM_segment_start__) <= __RAM_segment_size__)), error: .non_init is too large to fit in RAM memory segment)
                0x00000000200011bc                __heap_load_start__ = ALIGN (__non_init_end__, 0x4)

.heap           0x00000000200011bc     0x2000
                0x00000000200011bc                __heap_start__ = .
 *(.heap .heap.*)
                0x00000000200031bc                . = ALIGN (MAX ((__heap_start__ + __HEAPSIZE__), .), 0x4)
 *fill*         0x00000000200011bc     0x2000 
                0x00000000200031bc                __heap_end__ = (__heap_start__ + SIZEOF (.heap))
                0x0000000000002000                __heap_size__ = SIZEOF (.heap)
                0x00000000200031bc                __heap_load_end__ = __heap_end__
                0x0000000000000001                . = ASSERT (((__heap_start__ == __heap_end__) || ((__heap_end__ - __RAM_segment_start__) <= __RAM_segment_size__)), error: .heap is too large to fit in RAM memory segment)
                0x000000002000e000                __stack_load_start__ = (__RAM_segment_start__ + (__RAM_segment_size__ - 0x2000))

.stack          0x000000002000e000     0x2000
                0x000000002000e000                __stack_start__ = .
                0x000000002000e000                __StackLimit = __stack_start__
 *(.stack .stack.*)
                0x0000000020010000                . = ALIGN (MAX ((__stack_start__ + __STACKSIZE__), .), 0x8)
 *fill*         0x000000002000e000     0x2000 
                0x0000000020010000                __stack_end__ = (__stack_start__ + SIZEOF (.stack))
                0x0000000000002000                __stack_size__ = SIZEOF (.stack)
                0x0000000020010000                __StackTop = __stack_end__
                0x0000000020010000                __stack_load_end__ = __stack_end__
                0x0000000000000001                . = ASSERT (((__stack_start__ == __stack_end__) || ((__stack_end__ - __RAM_segment_start__) <= __RAM_segment_size__)), error: .stack is too large to fit in RAM memory segment)
                0x0000000000000001                . = ASSERT ((__heap_end__ <= __stack_start__), error: section .heap overlaps absolute placed section .stack)
                0x0000000020010000                __stack_process_load_start__ = ALIGN (__stack_end__, 0x8)

.stack_process  0x0000000020010000        0x0
                0x0000000020010000                __stack_process_start__ = .
 *(.stack_process .stack_process.*)
                0x0000000020010000                . = ALIGN (MAX ((__stack_process_start__ + __STACKSIZE_PROCESS__), .), 0x8)
                0x0000000020010000                __stack_process_end__ = (__stack_process_start__ + SIZEOF (.stack_process))
                0x0000000000000000                __stack_process_size__ = SIZEOF (.stack_process)
                0x0000000020010000                __stack_process_load_end__ = __stack_process_end__
                0x0000000020010000                __RAM_segment_used_end__ = (ALIGN (__stack_end__, 0x8) + SIZEOF (.stack_process))
                0x0000000000010000                __RAM_segment_used_size__ = (__RAM_segment_used_end__ - __RAM_segment_start__)
                0x0000000000000001                . = ASSERT (((__stack_process_start__ == __stack_process_end__) || ((__stack_process_end__ - __RAM_segment_start__) <= __RAM_segment_size__)), error: .stack_process is too large to fit in RAM memory segment)
START GROUP
LOAD Output/blinky_FreeRTOS_pca10040 Release/Obj/thumb_crt0.o
LOAD Output/blinky_FreeRTOS_pca10040 Release/Obj/nrf_log_frontend.o
LOAD Output/blinky_FreeRTOS_pca10040 Release/Obj/nrf_log_str_formatter.o
LOAD Output/blinky_FreeRTOS_pca10040 Release/Obj/boards.o
LOAD Output/blinky_FreeRTOS_pca10040 Release/Obj/croutine.o
LOAD Output/blinky_FreeRTOS_pca10040 Release/Obj/event_groups.o
LOAD Output/blinky_FreeRTOS_pca10040 Release/Obj/heap_1.o
LOAD Output/blinky_FreeRTOS_pca10040 Release/Obj/list.o
LOAD Output/blinky_FreeRTOS_pca10040 Release/Obj/port.o
LOAD Output/blinky_FreeRTOS_pca10040 Release/Obj/port_cmsis.o
LOAD Output/blinky_FreeRTOS_pca10040 Release/Obj/port_cmsis_systick.o
LOAD Output/blinky_FreeRTOS_pca10040 Release/Obj/queue.o
LOAD Output/blinky_FreeRTOS_pca10040 Release/Obj/stream_buffer.o
LOAD Output/blinky_FreeRTOS_pca10040 Release/Obj/tasks.o
LOAD Output/blinky_FreeRTOS_pca10040 Release/Obj/timers.o
LOAD Output/blinky_FreeRTOS_pca10040 Release/Obj/app_button.o
LOAD Output/blinky_FreeRTOS_pca10040 Release/Obj/app_error.o
LOAD Output/blinky_FreeRTOS_pca10040 Release/Obj/app_error_handler_gcc.o
LOAD Output/blinky_FreeRTOS_pca10040 Release/Obj/app_error_weak.o
LOAD Output/blinky_FreeRTOS_pca10040 Release/Obj/app_timer_freertos.o
LOAD Output/blinky_FreeRTOS_pca10040 Release/Obj/app_util_platform.o
LOAD Output/blinky_FreeRTOS_pca10040 Release/Obj/nrf_assert.o
LOAD Output/blinky_FreeRTOS_pca10040 Release/Obj/nrf_atomic.o
LOAD Output/blinky_FreeRTOS_pca10040 Release/Obj/nrf_balloc.o
LOAD Output/blinky_FreeRTOS_pca10040 Release/Obj/nrf_fprintf.o
LOAD Output/blinky_FreeRTOS_pca10040 Release/Obj/nrf_fprintf_format.o
LOAD Output/blinky_FreeRTOS_pca10040 Release/Obj/nrf_memobj.o
LOAD Output/blinky_FreeRTOS_pca10040 Release/Obj/nrf_ringbuf.o
LOAD Output/blinky_FreeRTOS_pca10040 Release/Obj/nrf_strerror.o
LOAD Output/blinky_FreeRTOS_pca10040 Release/Obj/nrf_drv_clock.o
LOAD Output/blinky_FreeRTOS_pca10040 Release/Obj/nrf_nvic.o
LOAD Output/blinky_FreeRTOS_pca10040 Release/Obj/nrf_soc.o
LOAD Output/blinky_FreeRTOS_pca10040 Release/Obj/nrfx_atomic.o
LOAD Output/blinky_FreeRTOS_pca10040 Release/Obj/nrfx_clock.o
LOAD Output/blinky_FreeRTOS_pca10040 Release/Obj/nrfx_gpiote.o
LOAD Output/blinky_FreeRTOS_pca10040 Release/Obj/bsp.o
LOAD Output/blinky_FreeRTOS_pca10040 Release/Obj/main.o
LOAD Output/blinky_FreeRTOS_pca10040 Release/Obj/ses_startup_nrf52.o
LOAD Output/blinky_FreeRTOS_pca10040 Release/Obj/ses_startup_nrf_common.o
LOAD Output/blinky_FreeRTOS_pca10040 Release/Obj/system_nrf52.o
LOAD C:/Program Files/SEGGER/SEGGER Embedded Studio for ARM 4.52/lib/libdebugio_mempoll_v7em_fpv4_sp_d16_hard_t_le_eabi.a
LOAD C:/Program Files/SEGGER/SEGGER Embedded Studio for ARM 4.52/lib/libm_v7em_fpv4_sp_d16_hard_t_le_eabi.a
LOAD C:/Program Files/SEGGER/SEGGER Embedded Studio for ARM 4.52/lib/libc_v7em_fpv4_sp_d16_hard_t_le_eabi.a
LOAD C:/Program Files/SEGGER/SEGGER Embedded Studio for ARM 4.52/lib/libcpp_v7em_fpv4_sp_d16_hard_t_le_eabi.a
LOAD C:/Program Files/SEGGER/SEGGER Embedded Studio for ARM 4.52/lib/libdebugio_v7em_fpv4_sp_d16_hard_t_le_eabi.a
LOAD C:/Program Files/SEGGER/SEGGER Embedded Studio for ARM 4.52/lib/libvfprintf_v7em_fpv4_sp_d16_hard_t_le_eabi.o
LOAD C:/Program Files/SEGGER/SEGGER Embedded Studio for ARM 4.52/lib/libvfscanf_v7em_fpv4_sp_d16_hard_t_le_eabi.o
END GROUP
OUTPUT(Output/Release/Exe/blinky_FreeRTOS_pca10040.elf elf32-littlearm)

.ARM.attributes
                0x0000000000000000       0x35
 .ARM.attributes
                0x0000000000000000       0x25 Output/blinky_FreeRTOS_pca10040 Release/Obj/thumb_crt0.o
 .ARM.attributes
                0x0000000000000025       0x39 Output/blinky_FreeRTOS_pca10040 Release/Obj/boards.o
 .ARM.attributes
                0x000000000000005e       0x39 Output/blinky_FreeRTOS_pca10040 Release/Obj/heap_1.o
 .ARM.attributes
                0x0000000000000097       0x39 Output/blinky_FreeRTOS_pca10040 Release/Obj/list.o
 .ARM.attributes
                0x00000000000000d0       0x39 Output/blinky_FreeRTOS_pca10040 Release/Obj/port.o
 .ARM.attributes
                0x0000000000000109       0x39 Output/blinky_FreeRTOS_pca10040 Release/Obj/port_cmsis.o
 .ARM.attributes
                0x0000000000000142       0x39 Output/blinky_FreeRTOS_pca10040 Release/Obj/port_cmsis_systick.o
 .ARM.attributes
                0x000000000000017b       0x39 Output/blinky_FreeRTOS_pca10040 Release/Obj/queue.o
 .ARM.attributes
                0x00000000000001b4       0x39 Output/blinky_FreeRTOS_pca10040 Release/Obj/tasks.o
 .ARM.attributes
                0x00000000000001ed       0x39 Output/blinky_FreeRTOS_pca10040 Release/Obj/timers.o
 .ARM.attributes
                0x0000000000000226       0x39 Output/blinky_FreeRTOS_pca10040 Release/Obj/app_error.o
 .ARM.attributes
                0x000000000000025f       0x39 Output/blinky_FreeRTOS_pca10040 Release/Obj/app_error_weak.o
 .ARM.attributes
                0x0000000000000298       0x39 Output/blinky_FreeRTOS_pca10040 Release/Obj/app_util_platform.o
 .ARM.attributes
                0x00000000000002d1       0x39 Output/blinky_FreeRTOS_pca10040 Release/Obj/nrf_drv_clock.o
 .ARM.attributes
                0x000000000000030a       0x39 Output/blinky_FreeRTOS_pca10040 Release/Obj/nrfx_clock.o
 .ARM.attributes
                0x0000000000000343       0x39 Output/blinky_FreeRTOS_pca10040 Release/Obj/nrfx_gpiote.o
 .ARM.attributes
                0x000000000000037c       0x39 Output/blinky_FreeRTOS_pca10040 Release/Obj/main.o
 .ARM.attributes
                0x00000000000003b5       0x25 Output/blinky_FreeRTOS_pca10040 Release/Obj/ses_startup_nrf52.o
 .ARM.attributes
                0x00000000000003da       0x25 Output/blinky_FreeRTOS_pca10040 Release/Obj/ses_startup_nrf_common.o
 .ARM.attributes
                0x00000000000003ff       0x39 Output/blinky_FreeRTOS_pca10040 Release/Obj/system_nrf52.o
 .ARM.attributes
                0x0000000000000438       0x20 C:/Program Files/SEGGER/SEGGER Embedded Studio for ARM 4.52/lib/libc_v7em_fpv4_sp_d16_hard_t_le_eabi.a(libc2_asm.o)

.comment        0x0000000000000000       0x47
 .comment       0x0000000000000000       0x47 Output/blinky_FreeRTOS_pca10040 Release/Obj/boards.o
                                         0x48 (size before relaxing)
 .comment       0x0000000000000047       0x48 Output/blinky_FreeRTOS_pca10040 Release/Obj/heap_1.o
 .comment       0x0000000000000047       0x48 Output/blinky_FreeRTOS_pca10040 Release/Obj/list.o
 .comment       0x0000000000000047       0x48 Output/blinky_FreeRTOS_pca10040 Release/Obj/port.o
 .comment       0x0000000000000047       0x48 Output/blinky_FreeRTOS_pca10040 Release/Obj/port_cmsis.o
 .comment       0x0000000000000047       0x48 Output/blinky_FreeRTOS_pca10040 Release/Obj/port_cmsis_systick.o
 .comment       0x0000000000000047       0x48 Output/blinky_FreeRTOS_pca10040 Release/Obj/queue.o
 .comment       0x0000000000000047       0x48 Output/blinky_FreeRTOS_pca10040 Release/Obj/tasks.o
 .comment       0x0000000000000047       0x48 Output/blinky_FreeRTOS_pca10040 Release/Obj/timers.o
 .comment       0x0000000000000047       0x48 Output/blinky_FreeRTOS_pca10040 Release/Obj/app_error.o
 .comment       0x0000000000000047       0x48 Output/blinky_FreeRTOS_pca10040 Release/Obj/app_error_weak.o
 .comment       0x0000000000000047       0x48 Output/blinky_FreeRTOS_pca10040 Release/Obj/app_util_platform.o
 .comment       0x0000000000000047       0x48 Output/blinky_FreeRTOS_pca10040 Release/Obj/nrf_drv_clock.o
 .comment       0x0000000000000047       0x48 Output/blinky_FreeRTOS_pca10040 Release/Obj/nrfx_clock.o
 .comment       0x0000000000000047       0x48 Output/blinky_FreeRTOS_pca10040 Release/Obj/nrfx_gpiote.o
 .comment       0x0000000000000047       0x48 Output/blinky_FreeRTOS_pca10040 Release/Obj/main.o
 .comment       0x0000000000000047       0x48 Output/blinky_FreeRTOS_pca10040 Release/Obj/system_nrf52.o

.debug_line     0x0000000000000000     0xc38f
 .debug_line    0x0000000000000000      0x1ed Output/blinky_FreeRTOS_pca10040 Release/Obj/thumb_crt0.o
 .debug_line    0x00000000000001ed      0xae8 Output/blinky_FreeRTOS_pca10040 Release/Obj/boards.o
 .debug_line    0x0000000000000cd5      0x56f Output/blinky_FreeRTOS_pca10040 Release/Obj/heap_1.o
 .debug_line    0x0000000000001244      0x617 Output/blinky_FreeRTOS_pca10040 Release/Obj/list.o
 .debug_line    0x000000000000185b      0x4cf Output/blinky_FreeRTOS_pca10040 Release/Obj/port.o
 .debug_line    0x0000000000001d2a      0x633 Output/blinky_FreeRTOS_pca10040 Release/Obj/port_cmsis.o
 .debug_line    0x000000000000235d      0xb41 Output/blinky_FreeRTOS_pca10040 Release/Obj/port_cmsis_systick.o
 .debug_line    0x0000000000002e9e     0x1681 Output/blinky_FreeRTOS_pca10040 Release/Obj/queue.o
 .debug_line    0x000000000000451f     0x2276 Output/blinky_FreeRTOS_pca10040 Release/Obj/tasks.o
 .debug_line    0x0000000000006795      0xb78 Output/blinky_FreeRTOS_pca10040 Release/Obj/timers.o
 .debug_line    0x000000000000730d      0x3c0 Output/blinky_FreeRTOS_pca10040 Release/Obj/app_error.o
 .debug_line    0x00000000000076cd      0x619 Output/blinky_FreeRTOS_pca10040 Release/Obj/app_error_weak.o
 .debug_line    0x0000000000007ce6      0x43e Output/blinky_FreeRTOS_pca10040 Release/Obj/app_util_platform.o
 .debug_line    0x0000000000008124      0xb17 Output/blinky_FreeRTOS_pca10040 Release/Obj/nrf_drv_clock.o
 .debug_line    0x0000000000008c3b      0xc31 Output/blinky_FreeRTOS_pca10040 Release/Obj/nrfx_clock.o
 .debug_line    0x000000000000986c     0x1b39 Output/blinky_FreeRTOS_pca10040 Release/Obj/nrfx_gpiote.o
 .debug_line    0x000000000000b3a5      0x87b Output/blinky_FreeRTOS_pca10040 Release/Obj/main.o
 .debug_line    0x000000000000bc20       0x91 Output/blinky_FreeRTOS_pca10040 Release/Obj/ses_startup_nrf52.o
 .debug_line    0x000000000000bcb1       0xb3 Output/blinky_FreeRTOS_pca10040 Release/Obj/ses_startup_nrf_common.o
 .debug_line    0x000000000000bd64      0x62b Output/blinky_FreeRTOS_pca10040 Release/Obj/system_nrf52.o

.debug_info     0x0000000000000000     0xe290
 .debug_info    0x0000000000000000       0x22 Output/blinky_FreeRTOS_pca10040 Release/Obj/thumb_crt0.o
 .debug_info    0x0000000000000022      0xc8d Output/blinky_FreeRTOS_pca10040 Release/Obj/boards.o
 .debug_info    0x0000000000000caf      0x3e2 Output/blinky_FreeRTOS_pca10040 Release/Obj/heap_1.o
 .debug_info    0x0000000000001091      0x43e Output/blinky_FreeRTOS_pca10040 Release/Obj/list.o
 .debug_info    0x00000000000014cf      0x2f6 Output/blinky_FreeRTOS_pca10040 Release/Obj/port.o
 .debug_info    0x00000000000017c5      0x59e Output/blinky_FreeRTOS_pca10040 Release/Obj/port_cmsis.o
 .debug_info    0x0000000000001d63      0xc8f Output/blinky_FreeRTOS_pca10040 Release/Obj/port_cmsis_systick.o
 .debug_info    0x00000000000029f2     0x2017 Output/blinky_FreeRTOS_pca10040 Release/Obj/queue.o
 .debug_info    0x0000000000004a09     0x2ad6 Output/blinky_FreeRTOS_pca10040 Release/Obj/tasks.o
 .debug_info    0x00000000000074df     0x1360 Output/blinky_FreeRTOS_pca10040 Release/Obj/timers.o
 .debug_info    0x000000000000883f      0x45e Output/blinky_FreeRTOS_pca10040 Release/Obj/app_error.o
 .debug_info    0x0000000000008c9d      0x49a Output/blinky_FreeRTOS_pca10040 Release/Obj/app_error_weak.o
 .debug_info    0x0000000000009137      0x535 Output/blinky_FreeRTOS_pca10040 Release/Obj/app_util_platform.o
 .debug_info    0x000000000000966c      0xb07 Output/blinky_FreeRTOS_pca10040 Release/Obj/nrf_drv_clock.o
 .debug_info    0x000000000000a173      0xcc6 Output/blinky_FreeRTOS_pca10040 Release/Obj/nrfx_clock.o
 .debug_info    0x000000000000ae39     0x2b7c Output/blinky_FreeRTOS_pca10040 Release/Obj/nrfx_gpiote.o
 .debug_info    0x000000000000d9b5      0x54b Output/blinky_FreeRTOS_pca10040 Release/Obj/main.o
 .debug_info    0x000000000000df00       0x26 Output/blinky_FreeRTOS_pca10040 Release/Obj/ses_startup_nrf52.o
 .debug_info    0x000000000000df26       0x26 Output/blinky_FreeRTOS_pca10040 Release/Obj/ses_startup_nrf_common.o
 .debug_info    0x000000000000df4c      0x344 Output/blinky_FreeRTOS_pca10040 Release/Obj/system_nrf52.o

.debug_abbrev   0x0000000000000000     0x3b01
 .debug_abbrev  0x0000000000000000       0x12 Output/blinky_FreeRTOS_pca10040 Release/Obj/thumb_crt0.o
 .debug_abbrev  0x0000000000000012      0x3bb Output/blinky_FreeRTOS_pca10040 Release/Obj/boards.o
 .debug_abbrev  0x00000000000003cd      0x23b Output/blinky_FreeRTOS_pca10040 Release/Obj/heap_1.o
 .debug_abbrev  0x0000000000000608      0x1e7 Output/blinky_FreeRTOS_pca10040 Release/Obj/list.o
 .debug_abbrev  0x00000000000007ef      0x16d Output/blinky_FreeRTOS_pca10040 Release/Obj/port.o
 .debug_abbrev  0x000000000000095c      0x39d Output/blinky_FreeRTOS_pca10040 Release/Obj/port_cmsis.o
 .debug_abbrev  0x0000000000000cf9      0x400 Output/blinky_FreeRTOS_pca10040 Release/Obj/port_cmsis_systick.o
 .debug_abbrev  0x00000000000010f9      0x48b Output/blinky_FreeRTOS_pca10040 Release/Obj/queue.o
 .debug_abbrev  0x0000000000001584      0x531 Output/blinky_FreeRTOS_pca10040 Release/Obj/tasks.o
 .debug_abbrev  0x0000000000001ab5      0x444 Output/blinky_FreeRTOS_pca10040 Release/Obj/timers.o
 .debug_abbrev  0x0000000000001ef9      0x21b Output/blinky_FreeRTOS_pca10040 Release/Obj/app_error.o
 .debug_abbrev  0x0000000000002114      0x276 Output/blinky_FreeRTOS_pca10040 Release/Obj/app_error_weak.o
 .debug_abbrev  0x000000000000238a      0x2f8 Output/blinky_FreeRTOS_pca10040 Release/Obj/app_util_platform.o
 .debug_abbrev  0x0000000000002682      0x4c5 Output/blinky_FreeRTOS_pca10040 Release/Obj/nrf_drv_clock.o
 .debug_abbrev  0x0000000000002b47      0x4d2 Output/blinky_FreeRTOS_pca10040 Release/Obj/nrfx_clock.o
 .debug_abbrev  0x0000000000003019      0x5fb Output/blinky_FreeRTOS_pca10040 Release/Obj/nrfx_gpiote.o
 .debug_abbrev  0x0000000000003614      0x25b Output/blinky_FreeRTOS_pca10040 Release/Obj/main.o
 .debug_abbrev  0x000000000000386f       0x14 Output/blinky_FreeRTOS_pca10040 Release/Obj/ses_startup_nrf52.o
 .debug_abbrev  0x0000000000003883       0x14 Output/blinky_FreeRTOS_pca10040 Release/Obj/ses_startup_nrf_common.o
 .debug_abbrev  0x0000000000003897      0x26a Output/blinky_FreeRTOS_pca10040 Release/Obj/system_nrf52.o

.debug_aranges  0x0000000000000000      0x880
 .debug_aranges
                0x0000000000000000       0x80 Output/blinky_FreeRTOS_pca10040 Release/Obj/thumb_crt0.o
 .debug_aranges
                0x0000000000000080       0x78 Output/blinky_FreeRTOS_pca10040 Release/Obj/boards.o
 .debug_aranges
                0x00000000000000f8       0x38 Output/blinky_FreeRTOS_pca10040 Release/Obj/heap_1.o
 .debug_aranges
                0x0000000000000130       0x40 Output/blinky_FreeRTOS_pca10040 Release/Obj/list.o
 .debug_aranges
                0x0000000000000170       0x30 Output/blinky_FreeRTOS_pca10040 Release/Obj/port.o
 .debug_aranges
                0x00000000000001a0       0x48 Output/blinky_FreeRTOS_pca10040 Release/Obj/port_cmsis.o
 .debug_aranges
                0x00000000000001e8       0x30 Output/blinky_FreeRTOS_pca10040 Release/Obj/port_cmsis_systick.o
 .debug_aranges
                0x0000000000000218       0xf8 Output/blinky_FreeRTOS_pca10040 Release/Obj/queue.o
 .debug_aranges
                0x0000000000000310      0x1a8 Output/blinky_FreeRTOS_pca10040 Release/Obj/tasks.o
 .debug_aranges
                0x00000000000004b8       0x98 Output/blinky_FreeRTOS_pca10040 Release/Obj/timers.o
 .debug_aranges
                0x0000000000000550       0x28 Output/blinky_FreeRTOS_pca10040 Release/Obj/app_error.o
 .debug_aranges
                0x0000000000000578       0x20 Output/blinky_FreeRTOS_pca10040 Release/Obj/app_error_weak.o
 .debug_aranges
                0x0000000000000598       0x48 Output/blinky_FreeRTOS_pca10040 Release/Obj/app_util_platform.o
 .debug_aranges
                0x00000000000005e0       0x88 Output/blinky_FreeRTOS_pca10040 Release/Obj/nrf_drv_clock.o
 .debug_aranges
                0x0000000000000668       0x78 Output/blinky_FreeRTOS_pca10040 Release/Obj/nrfx_clock.o
 .debug_aranges
                0x00000000000006e0       0xf8 Output/blinky_FreeRTOS_pca10040 Release/Obj/nrfx_gpiote.o
 .debug_aranges
                0x00000000000007d8       0x30 Output/blinky_FreeRTOS_pca10040 Release/Obj/main.o
 .debug_aranges
                0x0000000000000808       0x20 Output/blinky_FreeRTOS_pca10040 Release/Obj/ses_startup_nrf52.o
 .debug_aranges
                0x0000000000000828       0x20 Output/blinky_FreeRTOS_pca10040 Release/Obj/ses_startup_nrf_common.o
 .debug_aranges
                0x0000000000000848       0x38 Output/blinky_FreeRTOS_pca10040 Release/Obj/system_nrf52.o

.debug_str      0x0000000000000000    0x782c4
 .debug_str     0x0000000000000000       0xc4 Output/blinky_FreeRTOS_pca10040 Release/Obj/thumb_crt0.o
 .debug_str     0x00000000000000c4    0x69ebd Output/blinky_FreeRTOS_pca10040 Release/Obj/boards.o
                                      0x6ad44 (size before relaxing)
 .debug_str     0x0000000000069f81     0x3d7a Output/blinky_FreeRTOS_pca10040 Release/Obj/heap_1.o
                                      0x68c8f (size before relaxing)
 .debug_str     0x000000000006dcfb      0x171 Output/blinky_FreeRTOS_pca10040 Release/Obj/list.o
                                      0x686d5 (size before relaxing)
 .debug_str     0x000000000006de6c       0x6f Output/blinky_FreeRTOS_pca10040 Release/Obj/port.o
                                      0x68b16 (size before relaxing)
 .debug_str     0x000000000006dedb      0x528 Output/blinky_FreeRTOS_pca10040 Release/Obj/port_cmsis.o
                                      0x690f2 (size before relaxing)
 .debug_str     0x000000000006e403      0x763 Output/blinky_FreeRTOS_pca10040 Release/Obj/port_cmsis_systick.o
                                      0x6de4d (size before relaxing)
 .debug_str     0x000000000006eb66     0x102e Output/blinky_FreeRTOS_pca10040 Release/Obj/queue.o
                                      0x69dc4 (size before relaxing)
 .debug_str     0x000000000006fb94     0x1996 Output/blinky_FreeRTOS_pca10040 Release/Obj/tasks.o
                                      0x6aa5d (size before relaxing)
 .debug_str     0x000000000007152a      0x506 Output/blinky_FreeRTOS_pca10040 Release/Obj/timers.o
                                      0x6a262 (size before relaxing)
 .debug_str     0x0000000000071a30      0x121 Output/blinky_FreeRTOS_pca10040 Release/Obj/app_error.o
                                      0x5d2d0 (size before relaxing)
 .debug_str     0x0000000000071b51     0x3258 Output/blinky_FreeRTOS_pca10040 Release/Obj/app_error_weak.o
                                      0x6a2d0 (size before relaxing)
 .debug_str     0x0000000000074da9      0x226 Output/blinky_FreeRTOS_pca10040 Release/Obj/app_util_platform.o
                                      0x5dadd (size before relaxing)
 .debug_str     0x0000000000074fcf      0x8d4 Output/blinky_FreeRTOS_pca10040 Release/Obj/nrf_drv_clock.o
                                      0x6ce8d (size before relaxing)
 .debug_str     0x00000000000758a3      0x8b9 Output/blinky_FreeRTOS_pca10040 Release/Obj/nrfx_clock.o
                                      0x6d5ec (size before relaxing)
 .debug_str     0x000000000007615c     0x18ae Output/blinky_FreeRTOS_pca10040 Release/Obj/nrfx_gpiote.o
                                      0x6e7e5 (size before relaxing)
 .debug_str     0x0000000000077a0a      0x491 Output/blinky_FreeRTOS_pca10040 Release/Obj/main.o
                                      0x6f193 (size before relaxing)
 .debug_str     0x0000000000077e9b       0x54 Output/blinky_FreeRTOS_pca10040 Release/Obj/ses_startup_nrf52.o
                                         0xc8 (size before relaxing)
 .debug_str     0x0000000000077eef       0x59 Output/blinky_FreeRTOS_pca10040 Release/Obj/ses_startup_nrf_common.o
                                         0xcd (size before relaxing)
 .debug_str     0x0000000000077f48      0x37c Output/blinky_FreeRTOS_pca10040 Release/Obj/system_nrf52.o
                                      0x5bc01 (size before relaxing)

.debug_ranges   0x0000000000000000     0x1810
 .debug_ranges  0x0000000000000000       0x78 Output/blinky_FreeRTOS_pca10040 Release/Obj/thumb_crt0.o
 .debug_ranges  0x0000000000000078      0x380 Output/blinky_FreeRTOS_pca10040 Release/Obj/boards.o
 .debug_ranges  0x00000000000003f8       0x28 Output/blinky_FreeRTOS_pca10040 Release/Obj/heap_1.o
 .debug_ranges  0x0000000000000420       0x30 Output/blinky_FreeRTOS_pca10040 Release/Obj/list.o
 .debug_ranges  0x0000000000000450       0x20 Output/blinky_FreeRTOS_pca10040 Release/Obj/port.o
 .debug_ranges  0x0000000000000470       0x80 Output/blinky_FreeRTOS_pca10040 Release/Obj/port_cmsis.o
 .debug_ranges  0x00000000000004f0       0x80 Output/blinky_FreeRTOS_pca10040 Release/Obj/port_cmsis_systick.o
 .debug_ranges  0x0000000000000570      0x2e8 Output/blinky_FreeRTOS_pca10040 Release/Obj/queue.o
 .debug_ranges  0x0000000000000858      0x388 Output/blinky_FreeRTOS_pca10040 Release/Obj/tasks.o
 .debug_ranges  0x0000000000000be0      0x110 Output/blinky_FreeRTOS_pca10040 Release/Obj/timers.o
 .debug_ranges  0x0000000000000cf0       0x18 Output/blinky_FreeRTOS_pca10040 Release/Obj/app_error.o
 .debug_ranges  0x0000000000000d08       0x10 Output/blinky_FreeRTOS_pca10040 Release/Obj/app_error_weak.o
 .debug_ranges  0x0000000000000d18       0x38 Output/blinky_FreeRTOS_pca10040 Release/Obj/app_util_platform.o
 .debug_ranges  0x0000000000000d50       0xf0 Output/blinky_FreeRTOS_pca10040 Release/Obj/nrf_drv_clock.o
 .debug_ranges  0x0000000000000e40      0x178 Output/blinky_FreeRTOS_pca10040 Release/Obj/nrfx_clock.o
 .debug_ranges  0x0000000000000fb8      0x810 Output/blinky_FreeRTOS_pca10040 Release/Obj/nrfx_gpiote.o
 .debug_ranges  0x00000000000017c8       0x20 Output/blinky_FreeRTOS_pca10040 Release/Obj/main.o
 .debug_ranges  0x00000000000017e8       0x28 Output/blinky_FreeRTOS_pca10040 Release/Obj/system_nrf52.o

.debug_frame    0x0000000000000000     0x16f4
 .debug_frame   0x0000000000000000      0x104 Output/blinky_FreeRTOS_pca10040 Release/Obj/boards.o
 .debug_frame   0x0000000000000104       0x60 Output/blinky_FreeRTOS_pca10040 Release/Obj/heap_1.o
 .debug_frame   0x0000000000000164       0x70 Output/blinky_FreeRTOS_pca10040 Release/Obj/list.o
 .debug_frame   0x00000000000001d4       0x40 Output/blinky_FreeRTOS_pca10040 Release/Obj/port.o
 .debug_frame   0x0000000000000214       0x7c Output/blinky_FreeRTOS_pca10040 Release/Obj/port_cmsis.o
 .debug_frame   0x0000000000000290       0x84 Output/blinky_FreeRTOS_pca10040 Release/Obj/port_cmsis_systick.o
 .debug_frame   0x0000000000000314      0x3e4 Output/blinky_FreeRTOS_pca10040 Release/Obj/queue.o
 .debug_frame   0x00000000000006f8      0x6b0 Output/blinky_FreeRTOS_pca10040 Release/Obj/tasks.o
 .debug_frame   0x0000000000000da8      0x234 Output/blinky_FreeRTOS_pca10040 Release/Obj/timers.o
 .debug_frame   0x0000000000000fdc       0x58 Output/blinky_FreeRTOS_pca10040 Release/Obj/app_error.o
 .debug_frame   0x0000000000001034       0x20 Output/blinky_FreeRTOS_pca10040 Release/Obj/app_error_weak.o
 .debug_frame   0x0000000000001054       0x70 Output/blinky_FreeRTOS_pca10040 Release/Obj/app_util_platform.o
 .debug_frame   0x00000000000010c4      0x19c Output/blinky_FreeRTOS_pca10040 Release/Obj/nrf_drv_clock.o
 .debug_frame   0x0000000000001260      0x138 Output/blinky_FreeRTOS_pca10040 Release/Obj/nrfx_clock.o
 .debug_frame   0x0000000000001398      0x2a8 Output/blinky_FreeRTOS_pca10040 Release/Obj/nrfx_gpiote.o
 .debug_frame   0x0000000000001640       0x58 Output/blinky_FreeRTOS_pca10040 Release/Obj/main.o
 .debug_frame   0x0000000000001698       0x5c Output/blinky_FreeRTOS_pca10040 Release/Obj/system_nrf52.o

.debug_types    0x0000000000000000     0x310b
 .debug_types   0x0000000000000000       0x46 Output/blinky_FreeRTOS_pca10040 Release/Obj/boards.o
 .debug_types   0x0000000000000046       0x64 Output/blinky_FreeRTOS_pca10040 Release/Obj/boards.o
 .debug_types   0x00000000000000aa       0x46 Output/blinky_FreeRTOS_pca10040 Release/Obj/boards.o
 .debug_types   0x00000000000000f0       0x40 Output/blinky_FreeRTOS_pca10040 Release/Obj/boards.o
 .debug_types   0x0000000000000130       0x40 Output/blinky_FreeRTOS_pca10040 Release/Obj/boards.o
 .debug_types   0x0000000000000170      0x144 Output/blinky_FreeRTOS_pca10040 Release/Obj/boards.o
 .debug_types   0x00000000000002b4       0xaf Output/blinky_FreeRTOS_pca10040 Release/Obj/port_cmsis.o
 .debug_types   0x0000000000000363      0x173 Output/blinky_FreeRTOS_pca10040 Release/Obj/port_cmsis.o
 .debug_types   0x00000000000004d6       0x56 Output/blinky_FreeRTOS_pca10040 Release/Obj/port_cmsis.o
 .debug_types   0x000000000000052c       0xe9 Output/blinky_FreeRTOS_pca10040 Release/Obj/port_cmsis.o
 .debug_types   0x0000000000000615      0x14e Output/blinky_FreeRTOS_pca10040 Release/Obj/port_cmsis.o
 .debug_types   0x0000000000000763       0x64 Output/blinky_FreeRTOS_pca10040 Release/Obj/port_cmsis_systick.o
 .debug_types   0x00000000000007c7       0x5e Output/blinky_FreeRTOS_pca10040 Release/Obj/port_cmsis_systick.o
 .debug_types   0x0000000000000825       0x4c Output/blinky_FreeRTOS_pca10040 Release/Obj/port_cmsis_systick.o
 .debug_types   0x0000000000000871       0x46 Output/blinky_FreeRTOS_pca10040 Release/Obj/port_cmsis_systick.o
 .debug_types   0x00000000000008b7      0x219 Output/blinky_FreeRTOS_pca10040 Release/Obj/port_cmsis_systick.o
 .debug_types   0x0000000000000ad0       0x66 Output/blinky_FreeRTOS_pca10040 Release/Obj/queue.o
 .debug_types   0x0000000000000b36      0x103 Output/blinky_FreeRTOS_pca10040 Release/Obj/queue.o
 .debug_types   0x0000000000000c39       0x6c Output/blinky_FreeRTOS_pca10040 Release/Obj/queue.o
 .debug_types   0x0000000000000ca5       0x78 Output/blinky_FreeRTOS_pca10040 Release/Obj/queue.o
 .debug_types   0x0000000000000d1d      0x140 Output/blinky_FreeRTOS_pca10040 Release/Obj/tasks.o
 .debug_types   0x0000000000000e5d       0x68 Output/blinky_FreeRTOS_pca10040 Release/Obj/tasks.o
 .debug_types   0x0000000000000ec5       0x58 Output/blinky_FreeRTOS_pca10040 Release/Obj/tasks.o
 .debug_types   0x0000000000000f1d       0x5b Output/blinky_FreeRTOS_pca10040 Release/Obj/timers.o
 .debug_types   0x0000000000000f78       0x60 Output/blinky_FreeRTOS_pca10040 Release/Obj/timers.o
 .debug_types   0x0000000000000fd8       0x86 Output/blinky_FreeRTOS_pca10040 Release/Obj/timers.o
 .debug_types   0x000000000000105e       0x87 Output/blinky_FreeRTOS_pca10040 Release/Obj/timers.o
 .debug_types   0x00000000000010e5       0xf9 Output/blinky_FreeRTOS_pca10040 Release/Obj/timers.o
 .debug_types   0x00000000000011de       0x73 Output/blinky_FreeRTOS_pca10040 Release/Obj/app_error.o
 .debug_types   0x0000000000001251       0x80 Output/blinky_FreeRTOS_pca10040 Release/Obj/app_error.o
 .debug_types   0x00000000000012d1       0x83 Output/blinky_FreeRTOS_pca10040 Release/Obj/app_error_weak.o
 .debug_types   0x0000000000001354       0x9f Output/blinky_FreeRTOS_pca10040 Release/Obj/app_error_weak.o
 .debug_types   0x00000000000013f3       0xa0 Output/blinky_FreeRTOS_pca10040 Release/Obj/app_error_weak.o
 .debug_types   0x0000000000001493       0x79 Output/blinky_FreeRTOS_pca10040 Release/Obj/app_error_weak.o
 .debug_types   0x000000000000150c       0x40 Output/blinky_FreeRTOS_pca10040 Release/Obj/app_util_platform.o
 .debug_types   0x000000000000154c       0x5e Output/blinky_FreeRTOS_pca10040 Release/Obj/app_util_platform.o
 .debug_types   0x00000000000015aa       0xc2 Output/blinky_FreeRTOS_pca10040 Release/Obj/nrf_drv_clock.o
 .debug_types   0x000000000000166c       0x85 Output/blinky_FreeRTOS_pca10040 Release/Obj/nrf_drv_clock.o
 .debug_types   0x00000000000016f1       0x4c Output/blinky_FreeRTOS_pca10040 Release/Obj/nrf_drv_clock.o
 .debug_types   0x000000000000173d       0x4c Output/blinky_FreeRTOS_pca10040 Release/Obj/nrf_drv_clock.o
 .debug_types   0x0000000000001789       0x40 Output/blinky_FreeRTOS_pca10040 Release/Obj/nrf_drv_clock.o
 .debug_types   0x00000000000017c9      0x28f Output/blinky_FreeRTOS_pca10040 Release/Obj/nrf_drv_clock.o
 .debug_types   0x0000000000001a58       0x83 Output/blinky_FreeRTOS_pca10040 Release/Obj/nrfx_clock.o
 .debug_types   0x0000000000001adb       0x50 Output/blinky_FreeRTOS_pca10040 Release/Obj/nrfx_clock.o
 .debug_types   0x0000000000001b2b       0x5e Output/blinky_FreeRTOS_pca10040 Release/Obj/nrfx_clock.o
 .debug_types   0x0000000000001b89       0x4c Output/blinky_FreeRTOS_pca10040 Release/Obj/nrfx_clock.o
 .debug_types   0x0000000000001bd5       0x58 Output/blinky_FreeRTOS_pca10040 Release/Obj/nrfx_clock.o
 .debug_types   0x0000000000001c2d      0x19d Output/blinky_FreeRTOS_pca10040 Release/Obj/nrfx_clock.o
 .debug_types   0x0000000000001dca      0x130 Output/blinky_FreeRTOS_pca10040 Release/Obj/nrfx_gpiote.o
 .debug_types   0x0000000000001efa       0x76 Output/blinky_FreeRTOS_pca10040 Release/Obj/nrfx_gpiote.o
 .debug_types   0x0000000000001f70       0x6e Output/blinky_FreeRTOS_pca10040 Release/Obj/nrfx_gpiote.o
 .debug_types   0x0000000000001fde       0x73 Output/blinky_FreeRTOS_pca10040 Release/Obj/nrfx_gpiote.o
 .debug_types   0x0000000000002051       0xc4 Output/blinky_FreeRTOS_pca10040 Release/Obj/nrfx_gpiote.o
 .debug_types   0x0000000000002115       0x40 Output/blinky_FreeRTOS_pca10040 Release/Obj/nrfx_gpiote.o
 .debug_types   0x0000000000002155       0x46 Output/blinky_FreeRTOS_pca10040 Release/Obj/nrfx_gpiote.o
 .debug_types   0x000000000000219b      0x1b4 Output/blinky_FreeRTOS_pca10040 Release/Obj/nrfx_gpiote.o
 .debug_types   0x000000000000234f      0x154 Output/blinky_FreeRTOS_pca10040 Release/Obj/system_nrf52.o
 .debug_types   0x00000000000024a3       0x5b Output/blinky_FreeRTOS_pca10040 Release/Obj/system_nrf52.o
 .debug_types   0x00000000000024fe      0x28f Output/blinky_FreeRTOS_pca10040 Release/Obj/system_nrf52.o
 .debug_types   0x000000000000278d      0x349 Output/blinky_FreeRTOS_pca10040 Release/Obj/system_nrf52.o
 .debug_types   0x0000000000002ad6      0x162 Output/blinky_FreeRTOS_pca10040 Release/Obj/system_nrf52.o
 .debug_types   0x0000000000002c38      0x219 Output/blinky_FreeRTOS_pca10040 Release/Obj/system_nrf52.o
 .debug_types   0x0000000000002e51       0x83 Output/blinky_FreeRTOS_pca10040 Release/Obj/system_nrf52.o
 .debug_types   0x0000000000002ed4       0x79 Output/blinky_FreeRTOS_pca10040 Release/Obj/system_nrf52.o
 .debug_types   0x0000000000002f4d      0x111 Output/blinky_FreeRTOS_pca10040 Release/Obj/system_nrf52.o
 .debug_types   0x000000000000305e       0xad Output/blinky_FreeRTOS_pca10040 Release/Obj/system_nrf52.o

.debug_loc      0x0000000000000000     0x7aa0
 .debug_loc     0x0000000000000000      0x83d Output/blinky_FreeRTOS_pca10040 Release/Obj/boards.o
 .debug_loc     0x000000000000083d       0x98 Output/blinky_FreeRTOS_pca10040 Release/Obj/heap_1.o
 .debug_loc     0x00000000000008d5       0xaf Output/blinky_FreeRTOS_pca10040 Release/Obj/list.o
 .debug_loc     0x0000000000000984       0xf6 Output/blinky_FreeRTOS_pca10040 Release/Obj/port_cmsis.o
 .debug_loc     0x0000000000000a7a      0x5da Output/blinky_FreeRTOS_pca10040 Release/Obj/port_cmsis_systick.o
 .debug_loc     0x0000000000001054     0x1638 Output/blinky_FreeRTOS_pca10040 Release/Obj/queue.o
 .debug_loc     0x000000000000268c     0x1e65 Output/blinky_FreeRTOS_pca10040 Release/Obj/tasks.o
 .debug_loc     0x00000000000044f1      0xbf8 Output/blinky_FreeRTOS_pca10040 Release/Obj/timers.o
 .debug_loc     0x00000000000050e9       0xcd Output/blinky_FreeRTOS_pca10040 Release/Obj/app_error.o
 .debug_loc     0x00000000000051b6       0x4a Output/blinky_FreeRTOS_pca10040 Release/Obj/app_error_weak.o
 .debug_loc     0x0000000000005200       0xda Output/blinky_FreeRTOS_pca10040 Release/Obj/app_util_platform.o
 .debug_loc     0x00000000000052da      0x36c Output/blinky_FreeRTOS_pca10040 Release/Obj/nrf_drv_clock.o
 .debug_loc     0x0000000000005646      0x2ef Output/blinky_FreeRTOS_pca10040 Release/Obj/nrfx_clock.o
 .debug_loc     0x0000000000005935     0x20f7 Output/blinky_FreeRTOS_pca10040 Release/Obj/nrfx_gpiote.o
 .debug_loc     0x0000000000007a2c       0x74 Output/blinky_FreeRTOS_pca10040 Release/Obj/main.o

.debug_pubnames
                0x0000000000000000     0x45f2
 .debug_pubnames
                0x0000000000000000      0x4bd Output/blinky_FreeRTOS_pca10040 Release/Obj/boards.o
 .debug_pubnames
                0x00000000000004bd       0x8c Output/blinky_FreeRTOS_pca10040 Release/Obj/heap_1.o
 .debug_pubnames
                0x0000000000000549       0x72 Output/blinky_FreeRTOS_pca10040 Release/Obj/list.o
 .debug_pubnames
                0x00000000000005bb       0x4d Output/blinky_FreeRTOS_pca10040 Release/Obj/port.o
 .debug_pubnames
                0x0000000000000608      0x437 Output/blinky_FreeRTOS_pca10040 Release/Obj/port_cmsis.o
 .debug_pubnames
                0x0000000000000a3f      0x71e Output/blinky_FreeRTOS_pca10040 Release/Obj/port_cmsis_systick.o
 .debug_pubnames
                0x000000000000115d      0x3b3 Output/blinky_FreeRTOS_pca10040 Release/Obj/queue.o
 .debug_pubnames
                0x0000000000001510      0x9ba Output/blinky_FreeRTOS_pca10040 Release/Obj/tasks.o
 .debug_pubnames
                0x0000000000001eca      0x33b Output/blinky_FreeRTOS_pca10040 Release/Obj/timers.o
 .debug_pubnames
                0x0000000000002205       0x6c Output/blinky_FreeRTOS_pca10040 Release/Obj/app_error.o
 .debug_pubnames
                0x0000000000002271      0x10e Output/blinky_FreeRTOS_pca10040 Release/Obj/app_error_weak.o
 .debug_pubnames
                0x000000000000237f      0x221 Output/blinky_FreeRTOS_pca10040 Release/Obj/app_util_platform.o
 .debug_pubnames
                0x00000000000025a0      0x48e Output/blinky_FreeRTOS_pca10040 Release/Obj/nrf_drv_clock.o
 .debug_pubnames
                0x0000000000002a2e      0x667 Output/blinky_FreeRTOS_pca10040 Release/Obj/nrfx_clock.o
 .debug_pubnames
                0x0000000000003095     0x137a Output/blinky_FreeRTOS_pca10040 Release/Obj/nrfx_gpiote.o
 .debug_pubnames
                0x000000000000440f       0xc4 Output/blinky_FreeRTOS_pca10040 Release/Obj/main.o
 .debug_pubnames
                0x00000000000044d3      0x11f Output/blinky_FreeRTOS_pca10040 Release/Obj/system_nrf52.o

.debug_pubtypes
                0x0000000000000000     0x2527
 .debug_pubtypes
                0x0000000000000000      0x207 Output/blinky_FreeRTOS_pca10040 Release/Obj/boards.o
 .debug_pubtypes
                0x0000000000000207      0x185 Output/blinky_FreeRTOS_pca10040 Release/Obj/heap_1.o
 .debug_pubtypes
                0x000000000000038c      0x1d4 Output/blinky_FreeRTOS_pca10040 Release/Obj/list.o
 .debug_pubtypes
                0x0000000000000560      0x16e Output/blinky_FreeRTOS_pca10040 Release/Obj/port.o
 .debug_pubtypes
                0x00000000000006ce      0x200 Output/blinky_FreeRTOS_pca10040 Release/Obj/port_cmsis.o
 .debug_pubtypes
                0x00000000000008ce      0x206 Output/blinky_FreeRTOS_pca10040 Release/Obj/port_cmsis_systick.o
 .debug_pubtypes
                0x0000000000000ad4      0x298 Output/blinky_FreeRTOS_pca10040 Release/Obj/queue.o
 .debug_pubtypes
                0x0000000000000d6c      0x2ed Output/blinky_FreeRTOS_pca10040 Release/Obj/tasks.o
 .debug_pubtypes
                0x0000000000001059      0x2f9 Output/blinky_FreeRTOS_pca10040 Release/Obj/timers.o
 .debug_pubtypes
                0x0000000000001352      0x1a0 Output/blinky_FreeRTOS_pca10040 Release/Obj/app_error.o
 .debug_pubtypes
                0x00000000000014f2      0x211 Output/blinky_FreeRTOS_pca10040 Release/Obj/app_error_weak.o
 .debug_pubtypes
                0x0000000000001703      0x19a Output/blinky_FreeRTOS_pca10040 Release/Obj/app_util_platform.o
 .debug_pubtypes
                0x000000000000189d      0x2c8 Output/blinky_FreeRTOS_pca10040 Release/Obj/nrf_drv_clock.o
 .debug_pubtypes
                0x0000000000001b65      0x2fc Output/blinky_FreeRTOS_pca10040 Release/Obj/nrfx_clock.o
 .debug_pubtypes
                0x0000000000001e61      0x3ba Output/blinky_FreeRTOS_pca10040 Release/Obj/nrfx_gpiote.o
 .debug_pubtypes
                0x000000000000221b      0x1bc Output/blinky_FreeRTOS_pca10040 Release/Obj/main.o
 .debug_pubtypes
                0x00000000000023d7      0x150 Output/blinky_FreeRTOS_pca10040 Release/Obj/system_nrf52.o

.debug_macro    0x0000000000000000     0x3439
 .debug_macro   0x0000000000000000      0x221 Output/blinky_FreeRTOS_pca10040 Release/Obj/boards.o
 .debug_macro   0x0000000000000221       0x1c Output/blinky_FreeRTOS_pca10040 Release/Obj/boards.o
 .debug_macro   0x000000000000023d       0x26 Output/blinky_FreeRTOS_pca10040 Release/Obj/boards.o
 .debug_macro   0x0000000000000263      0x3b1 Output/blinky_FreeRTOS_pca10040 Release/Obj/boards.o
 .debug_macro   0x0000000000000614       0x59 Output/blinky_FreeRTOS_pca10040 Release/Obj/boards.o
 .debug_macro   0x000000000000066d       0xd5 Output/blinky_FreeRTOS_pca10040 Release/Obj/boards.o
 .debug_macro   0x0000000000000742      0x131 Output/blinky_FreeRTOS_pca10040 Release/Obj/boards.o