Archive member included to satisfy reference by file (symbol)

C:/Program Files/SEGGER/SEGGER Embedded Studio for ARM 4.52a/lib/libc_v7em_fpv4_sp_d16_hard_t_le_eabi.a(libc_asm.o)
                              Output/pwm_driver_pca10040 Release/Obj/bsp.o (__aeabi_uldivmod)
C:/Program Files/SEGGER/SEGGER Embedded Studio for ARM 4.52a/lib/libc_v7em_fpv4_sp_d16_hard_t_le_eabi.a(libc2.o)
                              Output/pwm_driver_pca10040 Release/Obj/nrf_log_str_formatter.o (isprint)
C:/Program Files/SEGGER/SEGGER Embedded Studio for ARM 4.52a/lib/libc_v7em_fpv4_sp_d16_hard_t_le_eabi.a(libc2_asm.o)
                              Output/pwm_driver_pca10040 Release/Obj/nrf_log_frontend.o (memcpy)
C:/Program Files/SEGGER/SEGGER Embedded Studio for ARM 4.52a/lib/libc_v7em_fpv4_sp_d16_hard_t_le_eabi.a(libc.o)
                              C:/Program Files/SEGGER/SEGGER Embedded Studio for ARM 4.52a/lib/libc_v7em_fpv4_sp_d16_hard_t_le_eabi.a(libc2.o) (__heap_lock)
C:/Program Files/SEGGER/SEGGER Embedded Studio for ARM 4.52a/lib/libdebugio_v7em_fpv4_sp_d16_hard_t_le_eabi.a(libdebugio.o)
                              Output/pwm_driver_pca10040 Release/Obj/thumb_crt0.o (debug_fopen)
C:/Program Files/SEGGER/SEGGER Embedded Studio for ARM 4.52a/lib/libdebugio_mempoll_v7em_fpv4_sp_d16_hard_t_le_eabi.a(mempoll_debug_operations.o)
                              C:/Program Files/SEGGER/SEGGER Embedded Studio for ARM 4.52a/lib/libdebugio_v7em_fpv4_sp_d16_hard_t_le_eabi.a(libdebugio.o) (__do_debug_operation)
C:/Program Files/SEGGER/SEGGER Embedded Studio for ARM 4.52a/lib/libdebugio_mempoll_v7em_fpv4_sp_d16_hard_t_le_eabi.a(do_nv_debug_operation.o)
                              C:/Program Files/SEGGER/SEGGER Embedded Studio for ARM 4.52a/lib/libdebugio_v7em_fpv4_sp_d16_hard_t_le_eabi.a(libdebugio.o) (__do_nvdebug_operation)
C:/Program Files/SEGGER/SEGGER Embedded Studio for ARM 4.52a/lib/libm_v7em_fpv4_sp_d16_hard_t_le_eabi.a(libm_asm.o)
                              C:/Program Files/SEGGER/SEGGER Embedded Studio for ARM 4.52a/lib/libc_v7em_fpv4_sp_d16_hard_t_le_eabi.a(libc2.o) (__aeabi_dadd)
C:/Program Files/SEGGER/SEGGER Embedded Studio for ARM 4.52a/lib/libm_v7em_fpv4_sp_d16_hard_t_le_eabi.a(libm2.o)
                              C:/Program Files/SEGGER/SEGGER Embedded Studio for ARM 4.52a/lib/libvfprintf_v7em_fpv4_sp_d16_hard_t_le_eabi.o (frexp)

Discarded input sections

 .text          0x0000000000000000        0x0 Output/pwm_driver_pca10040 Release/Obj/thumb_crt0.o
 .data          0x0000000000000000        0x0 Output/pwm_driver_pca10040 Release/Obj/thumb_crt0.o
 .bss           0x0000000000000000        0x0 Output/pwm_driver_pca10040 Release/Obj/thumb_crt0.o
 .text.__aeabi_read_tp
                0x0000000000000000        0x8 Output/pwm_driver_pca10040 Release/Obj/thumb_crt0.o
 .text.abort    0x0000000000000000        0x2 Output/pwm_driver_pca10040 Release/Obj/thumb_crt0.o
 .text.__assert
                0x0000000000000000        0x2 Output/pwm_driver_pca10040 Release/Obj/thumb_crt0.o
 .text.__aeabi_assert
                0x0000000000000000        0x2 Output/pwm_driver_pca10040 Release/Obj/thumb_crt0.o
 .text.__sync_synchronize
                0x0000000000000000        0x2 Output/pwm_driver_pca10040 Release/Obj/thumb_crt0.o
 .text.__getchar
                0x0000000000000000        0x4 Output/pwm_driver_pca10040 Release/Obj/thumb_crt0.o
 .text.__putchar
                0x0000000000000000        0x4 Output/pwm_driver_pca10040 Release/Obj/thumb_crt0.o
 .text.__open   0x0000000000000000        0x4 Output/pwm_driver_pca10040 Release/Obj/thumb_crt0.o
 .text.__close  0x0000000000000000        0x4 Output/pwm_driver_pca10040 Release/Obj/thumb_crt0.o
 .text.__write  0x0000000000000000        0xa Output/pwm_driver_pca10040 Release/Obj/thumb_crt0.o
 .text.__read   0x0000000000000000        0xa Output/pwm_driver_pca10040 Release/Obj/thumb_crt0.o
 .text.__seek   0x0000000000000000       0x1a Output/pwm_driver_pca10040 Release/Obj/thumb_crt0.o
 .bss.__user_locale_name_buffer
                0x0000000000000000        0x4 Output/pwm_driver_pca10040 Release/Obj/thumb_crt0.o
 .stack         0x0000000000000000        0x0 Output/pwm_driver_pca10040 Release/Obj/thumb_crt0.o
 .stack_process
                0x0000000000000000        0x0 Output/pwm_driver_pca10040 Release/Obj/thumb_crt0.o
 .heap          0x0000000000000000        0x0 Output/pwm_driver_pca10040 Release/Obj/thumb_crt0.o
 .group         0x0000000000000000        0xc Output/pwm_driver_pca10040 Release/Obj/nrf_log_backend_rtt.o
 .group         0x0000000000000000        0xc Output/pwm_driver_pca10040 Release/Obj/nrf_log_backend_rtt.o
 .group         0x0000000000000000        0xc Output/pwm_driver_pca10040 Release/Obj/nrf_log_backend_rtt.o
 .group         0x0000000000000000        0xc Output/pwm_driver_pca10040 Release/Obj/nrf_log_backend_rtt.o
 .group         0x0000000000000000        0xc Output/pwm_driver_pca10040 Release/Obj/nrf_log_backend_rtt.o
[...]
Memory Configuration

Name             Origin             Length             Attributes
UNPLACED_SECTIONS 0x0000000100000000 0x0000000000000000 xw
RAM              0x0000000020000000 0x0000000000010000 xw
FLASH            0x0000000000000000 0x0000000000080000 xw
*default*        0x0000000000000000 0xffffffffffffffff

Linker script and memory map

                0x0000000000000000                __vfprintf = __vfprintf_long
                0x0000000000000000                __vfscanf = __vfscanf_long
                0x0000000020000000                __RAM_segment_start__ = 0x20000000
                0x0000000020010000                __RAM_segment_end__ = 0x20010000
                0x0000000000010000                __RAM_segment_size__ = 0x10000
                0x0000000000000000                __FLASH_segment_start__ = 0x0
                0x0000000000080000                __FLASH_segment_end__ = 0x80000
                0x0000000000080000                __FLASH_segment_size__ = 0x80000
                0x0000000000002000                __HEAPSIZE__ = 0x2000
                0x0000000000000000                __STACKSIZE_PROCESS__ = 0x0
                0x0000000000002000                __STACKSIZE__ = 0x2000
                0x0000000020000000                __vectors_ram_load_start__ = 0x20000000

.vectors_ram    0x0000000020000000        0x0
                0x0000000020000000                __vectors_ram_start__ = .
                0x0000000020000000                __app_ram_start__ = __vectors_ram_start__
 *(.vectors_ram .vectors_ram.*)
                0x0000000020000000                __vectors_ram_end__ = (__vectors_ram_start__ + SIZEOF (.vectors_ram))
                0x0000000000000000                __vectors_ram_size__ = SIZEOF (.vectors_ram)
                0x0000000020000000                __vectors_ram_load_end__ = __vectors_ram_end__
                0x0000000000000001                . = ASSERT (((__vectors_ram_start__ == __vectors_ram_end__) || ((__vectors_ram_end__ - __RAM_segment_start__) <= __RAM_segment_size__)), error: .vectors_ram is too large to fit in RAM memory segment)
                0x0000000020000000                __nrf_sections_run_load_start__ = ALIGN (__vectors_ram_end__, 0x4)

.nrf_sections_run
                0x0000000020000000        0x0
                0x0000000020000000                __nrf_sections_run_start__ = .
                0x0000000020000000                __start_nrf_sections_run = __nrf_sections_run_start__
 *(.nrf_sections_run .nrf_sections_run.*)
                0x0000000020000000                __nrf_sections_run_end__ = (__nrf_sections_run_start__ + SIZEOF (.nrf_sections_run))
                0x0000000000000000                __nrf_sections_run_size__ = SIZEOF (.nrf_sections_run)
                0x0000000020000000                __nrf_sections_run_load_end__ = __nrf_sections_run_end__
                0x0000000000000001                . = ASSERT (((__nrf_sections_run_start__ == __nrf_sections_run_end__) || ((__nrf_sections_run_end__ - __RAM_segment_start__) <= __RAM_segment_size__)), error: .nrf_sections_run is too large to fit in RAM memory segment)
                0x0000000000000000                __vectors_load_start__ = 0x0

.vectors        0x0000000000000000      0x200
                0x0000000000000000                __vectors_start__ = .
 *(.vectors .vectors.*)
 .vectors       0x0000000000000000      0x200 Output/pwm_driver_pca10040 Release/Obj/ses_startup_nrf52.o
                0x0000000000000000                _vectors
                0x0000000000000200                __vectors_end__ = (__vectors_start__ + SIZEOF (.vectors))
                0x0000000000000200                __vectors_size__ = SIZEOF (.vectors)
                0x0000000000000200                __vectors_load_end__ = __vectors_end__
                0x0000000000000001                . = ASSERT (((__vectors_start__ == __vectors_end__) || ((__vectors_end__ - __FLASH_segment_start__) <= __FLASH_segment_size__)), error: .vectors is too large to fit in FLASH memory segment)
                0x0000000000000200                __init_load_start__ = ALIGN (__vectors_end__, 0x4)

.init           0x0000000000000200      0x1d0
                0x0000000000000200                __init_start__ = .
 *(.init .init.*)
 .init          0x0000000000000200      0x15c Output/pwm_driver_pca10040 Release/Obj/thumb_crt0.o
                0x0000000000000200                _start
                0x00000000000002b4                exit
 .init          0x000000000000035c       0x18 Output/pwm_driver_pca10040 Release/Obj/ses_startup_nrf52.o
                0x000000000000035c                NMI_Handler
                0x000000000000035e                HardFault_Handler
                0x0000000000000360                MemoryManagement_Handler
                0x0000000000000362                BusFault_Handler
                0x0000000000000364                UsageFault_Handler
                0x0000000000000366                SVC_Handler
                0x0000000000000368                DebugMon_Handler
                0x000000000000036a                PendSV_Handler
                0x000000000000036c                SysTick_Handler
                0x000000000000036e                SWI0_EGU0_IRQHandler
                0x000000000000036e                RADIO_IRQHandler
                0x000000000000036e                PDM_IRQHandler
                0x000000000000036e                TEMP_IRQHandler
                0x000000000000036e                QDEC_IRQHandler
                0x000000000000036e                TIMER3_IRQHandler
                0x000000000000036e                RTC0_IRQHandler
                0x000000000000036e                SPIM0_SPIS0_TWIM0_TWIS0_SPI0_TWI0_IRQHandler
                0x000000000000036e                SWI2_EGU2_IRQHandler
                0x000000000000036e                TIMER4_IRQHandler
                0x000000000000036e                I2S_IRQHandler
                0x000000000000036e                SWI4_EGU4_IRQHandler
                0x000000000000036e                TIMER0_IRQHandler
                0x000000000000036e                Dummy_Handler
                0x000000000000036e                TIMER1_IRQHandler
                0x000000000000036e                ECB_IRQHandler
                0x000000000000036e                SPIM1_SPIS1_TWIM1_TWIS1_SPI1_TWI1_IRQHandler
                0x000000000000036e                SAADC_IRQHandler
                0x000000000000036e                CCM_AAR_IRQHandler
                0x000000000000036e                WDT_IRQHandler
                0x000000000000036e                FPU_IRQHandler
                0x000000000000036e                SWI5_EGU5_IRQHandler
                0x000000000000036e                RNG_IRQHandler
                0x000000000000036e                RTC2_IRQHandler
                0x000000000000036e                SWI3_EGU3_IRQHandler
                0x000000000000036e                SWI1_EGU1_IRQHandler
                0x000000000000036e                SPIM2_SPIS2_SPI2_IRQHandler
                0x000000000000036e                NFCT_IRQHandler
                0x000000000000036e                TIMER2_IRQHandler
                0x000000000000036e                MWU_IRQHandler
                0x000000000000036e                COMP_LPCOMP_IRQHandler
                0x0000000000000370                nRFInitialize
 .init          0x0000000000000374       0x5c Output/pwm_driver_pca10040 Release/Obj/ses_startup_nrf_common.o
                0x0000000000000374                Reset_Handler
                0x0000000000000378                afterInitialize
                0x000000000000039c                InitializeUserMemorySections
                0x00000000000003d0                __init_end__ = (__init_start__ + SIZEOF (.init))
                0x00000000000001d0                __init_size__ = SIZEOF (.init)
                0x00000000000003d0                __init_load_end__ = __init_end__
                0x0000000000000001                . = ASSERT (((__init_start__ == __init_end__) || ((__init_end__ - __FLASH_segment_start__) <= __FLASH_segment_size__)), error: .init is too large to fit in FLASH memory segment)
                0x00000000000003d0                __init_rodata_load_start__ = ALIGN (__init_end__, 0x4)

.init_rodata    0x00000000000003d0        0x0
                0x00000000000003d0                __init_rodata_start__ = .
 *(.init_rodata .init_rodata.*)
                0x00000000000003d0                __init_rodata_end__ = (__init_rodata_start__ + SIZEOF (.init_rodata))
                0x0000000000000000                __init_rodata_size__ = SIZEOF (.init_rodata)
                0x00000000000003d0                __init_rodata_load_end__ = __init_rodata_end__
                0x0000000000000001                . = ASSERT (((__init_rodata_start__ == __init_rodata_end__) || ((__init_rodata_end__ - __FLASH_segment_start__) <= __FLASH_segment_size__)), error: .init_rodata is too large to fit in FLASH memory segment)
                0x00000000000003d0                __text_load_start__ = ALIGN (__init_rodata_end__, 0x4)

.text           0x00000000000003d0     0x3bfe
                0x00000000000003d0                __text_start__ = .
 *(.text .text.* .glue_7t .glue_7 .gnu.linkonce.t.* .gcc_except_table .ARM.extab* .gnu.linkonce.armextab.*)
 .glue_7        0x00000000000003d0        0x0 linker stubs
 .glue_7t       0x00000000000003d0        0x0 linker stubs
 .text.nrf_log_backend_serial_put
                0x00000000000003d0       0xc2 Output/pwm_driver_pca10040 Release/Obj/nrf_log_backend_serial.o
                0x00000000000003d0                nrf_log_backend_serial_put
 *fill*         0x0000000000000492        0x2 
 .text.uart_evt_handler
                0x0000000000000494        0xc Output/pwm_driver_pca10040 Release/Obj/nrf_log_backend_uart.o
 .text.nrf_log_backend_uart_flush
                0x00000000000004a0        0x2 Output/pwm_driver_pca10040 Release/Obj/nrf_log_backend_uart.o
 *fill*         0x00000000000004a2        0x2 
 .text.uart_init
                0x00000000000004a4       0x5c Output/pwm_driver_pca10040 Release/Obj/nrf_log_backend_uart.o
 .text.nrf_log_backend_uart_put
                0x0000000000000500       0x1c Output/pwm_driver_pca10040 Release/Obj/nrf_log_backend_uart.o
 .text.serial_tx
                0x000000000000051c       0x48 Output/pwm_driver_pca10040 Release/Obj/nrf_log_backend_uart.o
 .text.nrf_log_backend_uart_panic_set
                0x0000000000000564       0x2c Output/pwm_driver_pca10040 Release/Obj/nrf_log_backend_uart.o
 .text.nrf_log_backend_uart_init
                0x0000000000000590        0x6 Output/pwm_driver_pca10040 Release/Obj/nrf_log_backend_uart.o
                0x0000000000000590                nrf_log_backend_uart_init
 *fill*         0x0000000000000596        0x2 
 .text.nrf_log_default_backends_init
                0x0000000000000598       0x20 Output/pwm_driver_pca10040 Release/Obj/nrf_log_default_backends.o
                0x0000000000000598                nrf_log_default_backends_init
 .text.invalid_packets_omit
                0x00000000000005b8       0x3a Output/pwm_driver_pca10040 Release/Obj/nrf_log_frontend.o
 *fill*         0x00000000000005f2        0x2 
 .text.buf_prealloc
                0x00000000000005f4      0x118 Output/pwm_driver_pca10040 Release/Obj/nrf_log_frontend.o
 .text.nrf_log_init
                0x000000000000070c       0x28 Output/pwm_driver_pca10040 Release/Obj/nrf_log_frontend.o
                0x000000000000070c                nrf_log_init
 .text.nrf_log_module_name_get
                0x0000000000000734       0x38 Output/pwm_driver_pca10040 Release/Obj/nrf_log_frontend.o
                0x0000000000000734                nrf_log_module_name_get
 .text.nrf_log_color_id_get
                0x000000000000076c       0x2c Output/pwm_driver_pca10040 Release/Obj/nrf_log_frontend.o
                0x000000000000076c                nrf_log_color_id_get
 .text.buffer_is_empty
                0x0000000000000798       0x14 Output/pwm_driver_pca10040 Release/Obj/nrf_log_frontend.o
                0x0000000000000798                buffer_is_empty
 .text.nrf_log_frontend_dequeue
                0x00000000000007ac      0x1f0 Output/pwm_driver_pca10040 Release/Obj/nrf_log_frontend.o
                0x00000000000007ac                nrf_log_frontend_dequeue
 .text.std_n    0x000000000000099c       0x8c Output/pwm_driver_pca10040 Release/Obj/nrf_log_frontend.o
 .text.nrf_log_frontend_std_0
                0x0000000000000a28        0x8 Output/pwm_driver_pca10040 Release/Obj/nrf_log_frontend.o
                0x0000000000000a28                nrf_log_frontend_std_0
 .text.nrf_log_backend_add
                0x0000000000000a30       0x44 Output/pwm_driver_pca10040 Release/Obj/nrf_log_frontend.o
                0x0000000000000a30                nrf_log_backend_add
 .text.postfix_process
                0x0000000000000a74       0x44 Output/pwm_driver_pca10040 Release/Obj/nrf_log_str_formatter.o
 .text.prefix_process
                0x0000000000000ab8       0x7c Output/pwm_driver_pca10040 Release/Obj/nrf_log_str_formatter.o
 .text.nrf_log_std_entry_process
                0x0000000000000b34       0xc8 Output/pwm_driver_pca10040 Release/Obj/nrf_log_str_formatter.o
                0x0000000000000b34                nrf_log_std_entry_process
 .text.nrf_log_hexdump_entry_process
                0x0000000000000bfc       0xb8 Output/pwm_driver_pca10040 Release/Obj/nrf_log_str_formatter.o
                0x0000000000000bfc                nrf_log_hexdump_entry_process
 .text.bsp_board_led_state_get
                0x0000000000000cb4       0x1c Output/pwm_driver_pca10040 Release/Obj/boards.o
                0x0000000000000cb4                bsp_board_led_state_get
 .text.bsp_board_led_on
                0x0000000000000cd0       0x18 Output/pwm_driver_pca10040 Release/Obj/boards.o
                0x0000000000000cd0                bsp_board_led_on
 .text.bsp_board_led_off
                0x0000000000000ce8       0x18 Output/pwm_driver_pca10040 Release/Obj/boards.o
                0x0000000000000ce8                bsp_board_led_off
 .text.bsp_board_leds_off
                0x0000000000000d00       0x1e Output/pwm_driver_pca10040 Release/Obj/boards.o
                0x0000000000000d00                bsp_board_leds_off
 .text.bsp_board_leds_on
                0x0000000000000d1e       0x1e Output/pwm_driver_pca10040 Release/Obj/boards.o
                0x0000000000000d1e                bsp_board_leds_on
 .text.bsp_board_led_invert
                0x0000000000000d3c       0x24 Output/pwm_driver_pca10040 Release/Obj/boards.o
                0x0000000000000d3c                bsp_board_led_invert
 .text.bsp_board_pin_to_button_idx
                0x0000000000000d60       0x24 Output/pwm_driver_pca10040 Release/Obj/boards.o
                0x0000000000000d60                bsp_board_pin_to_button_idx
 .text.bsp_board_init
                0x0000000000000d84       0x3e Output/pwm_driver_pca10040 Release/Obj/boards.o
                0x0000000000000d84                bsp_board_init
 *fill*         0x0000000000000dc2        0x2 
 .text.state_set
                0x0000000000000dc4       0x24 Output/pwm_driver_pca10040 Release/Obj/app_button.o
 .text.button_get
                0x0000000000000de8       0x30 Output/pwm_driver_pca10040 Release/Obj/app_button.o
 .text.usr_event
                0x0000000000000e18       0x20 Output/pwm_driver_pca10040 Release/Obj/app_button.o
 .text.timer_start
                0x0000000000000e38       0x18 Output/pwm_driver_pca10040 Release/Obj/app_button.o
 .text.gpiote_event_handler
                0x0000000000000e50       0x34 Output/pwm_driver_pca10040 Release/Obj/app_button.o
 .text.evt_handle
                0x0000000000000e84       0xd8 Output/pwm_driver_pca10040 Release/Obj/app_button.o
                0x0000000000000e84                evt_handle
 .text.detection_delay_timeout_handler
                0x0000000000000f5c       0x5c Output/pwm_driver_pca10040 Release/Obj/app_button.o
 .text.app_button_init
                0x0000000000000fb8       0xac Output/pwm_driver_pca10040 Release/Obj/app_button.o
                0x0000000000000fb8                app_button_init
 .text.app_button_enable
                0x0000000000001064       0x2c Output/pwm_driver_pca10040 Release/Obj/app_button.o
                0x0000000000001064                app_button_enable
 .text.app_error_handler_bare
                0x0000000000001090       0x1a Output/pwm_driver_pca10040 Release/Obj/app_error.o
                0x0000000000001090                app_error_handler_bare
 *fill*         0x00000000000010aa        0x2 
 .text.app_error_save_and_stop
                0x00000000000010ac       0x58 Output/pwm_driver_pca10040 Release/Obj/app_error.o
                0x00000000000010ac                app_error_save_and_stop
 .text.compare_func
                0x0000000000001104       0x16 Output/pwm_driver_pca10040 Release/Obj/app_timer2.o
 *fill*         0x000000000000111a        0x2 
 .text.get_now  0x000000000000111c       0x3c Output/pwm_driver_pca10040 Release/Obj/app_timer2.o
 .text.timer_req_schedule
                0x0000000000001158       0x38 Output/pwm_driver_pca10040 Release/Obj/app_timer2.o
 .text.timer_expire
                0x0000000000001190       0x6c Output/pwm_driver_pca10040 Release/Obj/app_timer2.o
 .text.app_timer_init
                0x00000000000011fc       0x64 Output/pwm_driver_pca10040 Release/Obj/app_timer2.o
                0x00000000000011fc                app_timer_init
 .text.app_timer_create
                0x0000000000001260       0x16 Output/pwm_driver_pca10040 Release/Obj/app_timer2.o
                0x0000000000001260                app_timer_create
 .text.app_timer_start
                0x0000000000001276       0x30 Output/pwm_driver_pca10040 Release/Obj/app_timer2.o
                0x0000000000001276                app_timer_start
 .text.app_timer_stop
                0x00000000000012a6        0xc Output/pwm_driver_pca10040 Release/Obj/app_timer2.o
                0x00000000000012a6                app_timer_stop
 *fill*         0x00000000000012b2        0x2 
 .text.app_timer_cnt_get
                0x00000000000012b4        0xc Output/pwm_driver_pca10040 Release/Obj/app_timer2.o
                0x00000000000012b4                app_timer_cnt_get
 .text.rtc_irq  0x00000000000012c0      0x198 Output/pwm_driver_pca10040 Release/Obj/app_timer2.o
 .text.app_util_disable_irq
                0x0000000000001458       0x10 Output/pwm_driver_pca10040 Release/Obj/app_util_platform.o
                0x0000000000001458                app_util_disable_irq
 .text.app_util_enable_irq
                0x0000000000001468       0x14 Output/pwm_driver_pca10040 Release/Obj/app_util_platform.o
                0x0000000000001468                app_util_enable_irq
 .text.app_util_critical_region_enter
                0x000000000000147c        0x4 Output/pwm_driver_pca10040 Release/Obj/app_util_platform.o
                0x000000000000147c                app_util_critical_region_enter
 .text.app_util_critical_region_exit
                0x0000000000001480        0x4 Output/pwm_driver_pca10040 Release/Obj/app_util_platform.o
                0x0000000000001480                app_util_critical_region_exit
 .text.evt_pending.isra.0
                0x0000000000001484       0x1a Output/pwm_driver_pca10040 Release/Obj/drv_rtc.o
 *fill*         0x000000000000149e        0x2 
 .text.drv_rtc_init
                0x00000000000014a0       0xa4 Output/pwm_driver_pca10040 Release/Obj/drv_rtc.o
                0x00000000000014a0                drv_rtc_init
 .text.drv_rtc_start
                0x0000000000001544        0x8 Output/pwm_driver_pca10040 Release/Obj/drv_rtc.o
                0x0000000000001544                drv_rtc_start
 .text.drv_rtc_stop
                0x000000000000154c        0x8 Output/pwm_driver_pca10040 Release/Obj/drv_rtc.o
                0x000000000000154c                drv_rtc_stop
 .text.drv_rtc_compare_set
                0x0000000000001554       0x3e Output/pwm_driver_pca10040 Release/Obj/drv_rtc.o
                0x0000000000001554                drv_rtc_compare_set
 *fill*         0x0000000000001592        0x2 
 .text.drv_rtc_windowed_compare_set
                0x0000000000001594       0xf0 Output/pwm_driver_pca10040 Release/Obj/drv_rtc.o
                0x0000000000001594                drv_rtc_windowed_compare_set
 .text.drv_rtc_overflow_enable
                0x0000000000001684       0x10 Output/pwm_driver_pca10040 Release/Obj/drv_rtc.o
                0x0000000000001684                drv_rtc_overflow_enable
 .text.drv_rtc_overflow_pending
                0x0000000000001694        0xa Output/pwm_driver_pca10040 Release/Obj/drv_rtc.o
                0x0000000000001694                drv_rtc_overflow_pending
 .text.drv_rtc_compare_disable
                0x000000000000169e       0x14 Output/pwm_driver_pca10040 Release/Obj/drv_rtc.o
                0x000000000000169e                drv_rtc_compare_disable
 .text.drv_rtc_compare_pending
                0x00000000000016b2        0xc Output/pwm_driver_pca10040 Release/Obj/drv_rtc.o
                0x00000000000016b2                drv_rtc_compare_pending
 .text.drv_rtc_counter_get
                0x00000000000016be        0x8 Output/pwm_driver_pca10040 Release/Obj/drv_rtc.o
                0x00000000000016be                drv_rtc_counter_get
 *fill*         0x00000000000016c6        0x2 
 .text.drv_rtc_irq_trigger
                0x00000000000016c8       0x24 Output/pwm_driver_pca10040 Release/Obj/drv_rtc.o
                0x00000000000016c8                drv_rtc_irq_trigger
 .text.RTC1_IRQHandler
                0x00000000000016ec       0x14 Output/pwm_driver_pca10040 Release/Obj/drv_rtc.o
                0x00000000000016ec                RTC1_IRQHandler
 .text.nrf_atfifo_init
                0x0000000000001700       0x26 Output/pwm_driver_pca10040 Release/Obj/nrf_atfifo.o
                0x0000000000001700                nrf_atfifo_init
 .text.nrf_atfifo_item_alloc
                0x0000000000001726       0x54 Output/pwm_driver_pca10040 Release/Obj/nrf_atfifo.o
                0x0000000000001726                nrf_atfifo_item_alloc
 .text.nrf_atfifo_item_put
                0x000000000000177a       0x20 Output/pwm_driver_pca10040 Release/Obj/nrf_atfifo.o
                0x000000000000177a                nrf_atfifo_item_put
 .text.nrf_atfifo_item_get
                0x000000000000179a       0x56 Output/pwm_driver_pca10040 Release/Obj/nrf_atfifo.o
                0x000000000000179a                nrf_atfifo_item_get
 .text.nrf_atfifo_item_free
                0x00000000000017f0       0x20 Output/pwm_driver_pca10040 Release/Obj/nrf_atfifo.o
                0x00000000000017f0                nrf_atfifo_item_free
 .text.nrf_atomic_u32_fetch_store
                0x0000000000001810       0x16 Output/pwm_driver_pca10040 Release/Obj/nrf_atomic.o
                0x0000000000001810                nrf_atomic_u32_fetch_store
 .text.nrf_atomic_u32_or
                0x0000000000001826       0x18 Output/pwm_driver_pca10040 Release/Obj/nrf_atomic.o
                0x0000000000001826                nrf_atomic_u32_or
 .text.nrf_atomic_u32_fetch_and
                0x000000000000183e       0x18 Output/pwm_driver_pca10040 Release/Obj/nrf_atomic.o
                0x000000000000183e                nrf_atomic_u32_fetch_and
 .text.nrf_atomic_u32_add
                0x0000000000001856       0x18 Output/pwm_driver_pca10040 Release/Obj/nrf_atomic.o
                0x0000000000001856                nrf_atomic_u32_add
 .text.nrf_atomic_u32_sub
                0x000000000000186e       0x18 Output/pwm_driver_pca10040 Release/Obj/nrf_atomic.o
                0x000000000000186e                nrf_atomic_u32_sub
 .text.nrf_atomic_flag_set
                0x0000000000001886        0x6 Output/pwm_driver_pca10040 Release/Obj/nrf_atomic.o
                0x0000000000001886                nrf_atomic_flag_set
 .text.nrf_atomic_flag_clear_fetch
                0x000000000000188c        0x6 Output/pwm_driver_pca10040 Release/Obj/nrf_atomic.o
                0x000000000000188c                nrf_atomic_flag_clear_fetch
 .text.nrf_balloc_init
                0x0000000000001892       0x2e Output/pwm_driver_pca10040 Release/Obj/nrf_balloc.o
                0x0000000000001892                nrf_balloc_init
 .text.nrf_balloc_alloc
                0x00000000000018c0       0x40 Output/pwm_driver_pca10040 Release/Obj/nrf_balloc.o
                0x00000000000018c0                nrf_balloc_alloc
 .text.nrf_balloc_free
                0x0000000000001900       0x2a Output/pwm_driver_pca10040 Release/Obj/nrf_balloc.o
                0x0000000000001900                nrf_balloc_free
 .text.nrf_fprintf_buffer_flush
                0x000000000000192a       0x16 Output/pwm_driver_pca10040 Release/Obj/nrf_fprintf.o
                0x000000000000192a                nrf_fprintf_buffer_flush
 .text.nrf_fprintf
                0x0000000000001940       0x1c Output/pwm_driver_pca10040 Release/Obj/nrf_fprintf.o
                0x0000000000001940                nrf_fprintf
 .text.buffer_add
                0x000000000000195c       0x2e Output/pwm_driver_pca10040 Release/Obj/nrf_fprintf_format.o
 *fill*         0x000000000000198a        0x2 
 .text.unsigned_print
                0x000000000000198c       0xb4 Output/pwm_driver_pca10040 Release/Obj/nrf_fprintf_format.o
 .text.nrf_fprintf_fmt
                0x0000000000001a40      0x29c Output/pwm_driver_pca10040 Release/Obj/nrf_fprintf_format.o
                0x0000000000001a40                nrf_fprintf_fmt
 .text.memobj_op
                0x0000000000001cdc       0x86 Output/pwm_driver_pca10040 Release/Obj/nrf_memobj.o
 .text.nrf_memobj_pool_init
                0x0000000000001d62        0x4 Output/pwm_driver_pca10040 Release/Obj/nrf_memobj.o
                0x0000000000001d62                nrf_memobj_pool_init
 .text.nrf_memobj_free
                0x0000000000001d66       0x2c Output/pwm_driver_pca10040 Release/Obj/nrf_memobj.o
                0x0000000000001d66                nrf_memobj_free
 .text.nrf_memobj_alloc
                0x0000000000001d92       0x5e Output/pwm_driver_pca10040 Release/Obj/nrf_memobj.o
                0x0000000000001d92                nrf_memobj_alloc
 .text.nrf_memobj_get
                0x0000000000001df0        0x8 Output/pwm_driver_pca10040 Release/Obj/nrf_memobj.o
                0x0000000000001df0                nrf_memobj_get
 .text.nrf_memobj_put
                0x0000000000001df8       0x1e Output/pwm_driver_pca10040 Release/Obj/nrf_memobj.o
                0x0000000000001df8                nrf_memobj_put
 .text.nrf_memobj_write
                0x0000000000001e16       0x14 Output/pwm_driver_pca10040 Release/Obj/nrf_memobj.o
                0x0000000000001e16                nrf_memobj_write
 .text.nrf_memobj_read
                0x0000000000001e2a       0x14 Output/pwm_driver_pca10040 Release/Obj/nrf_memobj.o
                0x0000000000001e2a                nrf_memobj_read
 .text.nrf_ringbuf_init
                0x0000000000001e3e       0x12 Output/pwm_driver_pca10040 Release/Obj/nrf_ringbuf.o
                0x0000000000001e3e                nrf_ringbuf_init
 .text.nrf_sortlist_add
                0x0000000000001e50       0x20 Output/pwm_driver_pca10040 Release/Obj/nrf_sortlist.o
                0x0000000000001e50                nrf_sortlist_add
 .text.nrf_sortlist_pop
                0x0000000000001e70        0xc Output/pwm_driver_pca10040 Release/Obj/nrf_sortlist.o
                0x0000000000001e70                nrf_sortlist_pop
 .text.nrf_sortlist_peek
                0x0000000000001e7c        0x6 Output/pwm_driver_pca10040 Release/Obj/nrf_sortlist.o
                0x0000000000001e7c                nrf_sortlist_peek
 .text.nrf_sortlist_remove
                0x0000000000001e82       0x1a Output/pwm_driver_pca10040 Release/Obj/nrf_sortlist.o
                0x0000000000001e82                nrf_sortlist_remove
 .text.clock_clk_started_notify
                0x0000000000001e9c       0x24 Output/pwm_driver_pca10040 Release/Obj/nrf_drv_clock.o
 .text.clock_irq_handler
                0x0000000000001ec0       0x1c Output/pwm_driver_pca10040 Release/Obj/nrf_drv_clock.o
 .text.nrf_drv_clock_init
                0x0000000000001edc       0x40 Output/pwm_driver_pca10040 Release/Obj/nrf_drv_clock.o
                0x0000000000001edc                nrf_drv_clock_init
 .text.nrf_drv_clock_lfclk_request
                0x0000000000001f1c       0x54 Output/pwm_driver_pca10040 Release/Obj/nrf_drv_clock.o
                0x0000000000001f1c                nrf_drv_clock_lfclk_request
 .text.uarte_evt_handler
                0x0000000000001f70       0x34 Output/pwm_driver_pca10040 Release/Obj/nrf_drv_uart.o
 .text.uart_evt_handler
                0x0000000000001fa4       0x34 Output/pwm_driver_pca10040 Release/Obj/nrf_drv_uart.o
 .text.nrf_drv_uart_init
                0x0000000000001fd8       0x7c Output/pwm_driver_pca10040 Release/Obj/nrf_drv_uart.o
                0x0000000000001fd8                nrf_drv_uart_init
 .text.nrf_clock_event_clear
                0x0000000000002054       0x14 Output/pwm_driver_pca10040 Release/Obj/nrfx_clock.o
 .text.nrfx_clock_init
                0x0000000000002068       0x18 Output/pwm_driver_pca10040 Release/Obj/nrfx_clock.o
                0x0000000000002068                nrfx_clock_init
 .text.nrfx_clock_enable
                0x0000000000002080       0x24 Output/pwm_driver_pca10040 Release/Obj/nrfx_clock.o
                0x0000000000002080                nrfx_clock_enable
 .text.nrfx_clock_lfclk_start
                0x00000000000020a4       0x4c Output/pwm_driver_pca10040 Release/Obj/nrfx_clock.o
                0x00000000000020a4                nrfx_clock_lfclk_start
 .text.POWER_CLOCK_IRQHandler
                0x00000000000020f0       0x58 Output/pwm_driver_pca10040 Release/Obj/nrfx_clock.o
                0x00000000000020f0                POWER_CLOCK_IRQHandler
 .text.nrf_gpiote_event_clear
                0x0000000000002148       0x18 Output/pwm_driver_pca10040 Release/Obj/nrfx_gpiote.o
 .text.nrf_gpio_cfg_sense_set
                0x0000000000002160       0x20 Output/pwm_driver_pca10040 Release/Obj/nrfx_gpiote.o
 .text.channel_free
                0x0000000000002180       0x1c Output/pwm_driver_pca10040 Release/Obj/nrfx_gpiote.o
 .text.nrfx_gpiote_init
                0x000000000000219c       0x7c Output/pwm_driver_pca10040 Release/Obj/nrfx_gpiote.o
                0x000000000000219c                nrfx_gpiote_init
 .text.nrfx_gpiote_is_init
                0x0000000000002218       0x14 Output/pwm_driver_pca10040 Release/Obj/nrfx_gpiote.o
                0x0000000000002218                nrfx_gpiote_is_init
 .text.nrfx_gpiote_in_init
                0x000000000000222c       0xe4 Output/pwm_driver_pca10040 Release/Obj/nrfx_gpiote.o
                0x000000000000222c                nrfx_gpiote_in_init
 .text.nrfx_gpiote_in_event_enable
                0x0000000000002310       0x88 Output/pwm_driver_pca10040 Release/Obj/nrfx_gpiote.o
                0x0000000000002310                nrfx_gpiote_in_event_enable
 .text.nrfx_gpiote_in_is_set
                0x0000000000002398       0x12 Output/pwm_driver_pca10040 Release/Obj/nrfx_gpiote.o
                0x0000000000002398                nrfx_gpiote_in_is_set
 *fill*         0x00000000000023aa        0x2 
 .text.GPIOTE_IRQHandler
                0x00000000000023ac      0x150 Output/pwm_driver_pca10040 Release/Obj/nrfx_gpiote.o
                0x00000000000023ac                GPIOTE_IRQHandler
 .text.UARTE0_UART0_IRQHandler
                0x00000000000024fc        0xc Output/pwm_driver_pca10040 Release/Obj/nrfx_prs.o
                0x00000000000024fc                UARTE0_UART0_IRQHandler
 .text.nrfx_prs_acquire
                0x0000000000002508       0x38 Output/pwm_driver_pca10040 Release/Obj/nrfx_prs.o
                0x0000000000002508                nrfx_prs_acquire
 .text.nrfx_prs_release
                0x0000000000002540       0x18 Output/pwm_driver_pca10040 Release/Obj/nrfx_prs.o
                0x0000000000002540                nrfx_prs_release
 .text.nrf_pwm_event_clear
                0x0000000000002558       0x10 Output/pwm_driver_pca10040 Release/Obj/nrfx_pwm.o
 .text.irq_handler
                0x0000000000002568       0x80 Output/pwm_driver_pca10040 Release/Obj/nrfx_pwm.o
 .text.start_playback.isra.0
                0x00000000000025e8       0x4c Output/pwm_driver_pca10040 Release/Obj/nrfx_pwm.o
 .text.nrfx_pwm_init
                0x0000000000002634      0x134 Output/pwm_driver_pca10040 Release/Obj/nrfx_pwm.o
                0x0000000000002634                nrfx_pwm_init
 .text.nrfx_pwm_uninit
                0x0000000000002768       0x44 Output/pwm_driver_pca10040 Release/Obj/nrfx_pwm.o
                0x0000000000002768                nrfx_pwm_uninit
 .text.nrfx_pwm_simple_playback
                0x00000000000027ac       0x7c Output/pwm_driver_pca10040 Release/Obj/nrfx_pwm.o
                0x00000000000027ac                nrfx_pwm_simple_playback
 .text.nrfx_pwm_complex_playback
                0x0000000000002828       0x68 Output/pwm_driver_pca10040 Release/Obj/nrfx_pwm.o
                0x0000000000002828                nrfx_pwm_complex_playback
 .text.PWM0_IRQHandler
                0x0000000000002890       0x10 Output/pwm_driver_pca10040 Release/Obj/nrfx_pwm.o
                0x0000000000002890                PWM0_IRQHandler
 .text.PWM1_IRQHandler
                0x00000000000028a0       0x10 Output/pwm_driver_pca10040 Release/Obj/nrfx_pwm.o
                0x00000000000028a0                PWM1_IRQHandler
 .text.PWM2_IRQHandler
                0x00000000000028b0       0x10 Output/pwm_driver_pca10040 Release/Obj/nrfx_pwm.o
                0x00000000000028b0                PWM2_IRQHandler
 .text.nrf_uart_event_clear
                0x00000000000028c0       0x10 Output/pwm_driver_pca10040 Release/Obj/nrfx_uart.o
 .text.tx_byte  0x00000000000028d0       0x1e Output/pwm_driver_pca10040 Release/Obj/nrfx_uart.o
 .text.rx_byte  0x00000000000028ee       0x2c Output/pwm_driver_pca10040 Release/Obj/nrfx_uart.o
 *fill*         0x000000000000291a        0x2 
 .text.rx_done_event.constprop.0
                0x000000000000291c       0x20 Output/pwm_driver_pca10040 Release/Obj/nrfx_uart.o
 .text.nrfx_uart_0_irq_handler
                0x000000000000293c      0x13c Output/pwm_driver_pca10040 Release/Obj/nrfx_uart.o
                0x000000000000293c                nrfx_uart_0_irq_handler
 .text.nrfx_uart_init
                0x0000000000002a78      0x16c Output/pwm_driver_pca10040 Release/Obj/nrfx_uart.o
                0x0000000000002a78                nrfx_uart_init
 .text.nrfx_uart_uninit
                0x0000000000002be4       0xd4 Output/pwm_driver_pca10040 Release/Obj/nrfx_uart.o
                0x0000000000002be4                nrfx_uart_uninit
 .text.nrfx_uart_tx
                0x0000000000002cb8       0x8c Output/pwm_driver_pca10040 Release/Obj/nrfx_uart.o
                0x0000000000002cb8                nrfx_uart_tx
 .text.nrf_uarte_event_clear
                0x0000000000002d44       0x10 Output/pwm_driver_pca10040 Release/Obj/nrfx_uarte.o
 .text.rx_done_event.constprop.0
                0x0000000000002d54       0x20 Output/pwm_driver_pca10040 Release/Obj/nrfx_uarte.o
 .text.nrfx_uarte_0_irq_handler
                0x0000000000002d74      0x118 Output/pwm_driver_pca10040 Release/Obj/nrfx_uarte.o
                0x0000000000002d74                nrfx_uarte_0_irq_handler
 .text.nrfx_uarte_init
                0x0000000000002e8c      0x188 Output/pwm_driver_pca10040 Release/Obj/nrfx_uarte.o
                0x0000000000002e8c                nrfx_uarte_init
 .text.nrfx_uarte_uninit
                0x0000000000003014      0x120 Output/pwm_driver_pca10040 Release/Obj/nrfx_uarte.o
                0x0000000000003014                nrfx_uarte_uninit
 .text.nrfx_uarte_tx
                0x0000000000003134       0x90 Output/pwm_driver_pca10040 Release/Obj/nrfx_uarte.o
                0x0000000000003134                nrfx_uarte_tx
 .text.alert_timer_handler
                0x00000000000031c4        0x6 Output/pwm_driver_pca10040 Release/Obj/bsp.o
 *fill*         0x00000000000031ca        0x2 
 .text.bsp_button_event_handler
                0x00000000000031cc       0x9c Output/pwm_driver_pca10040 Release/Obj/bsp.o
 .text.button_timer_handler
                0x0000000000003268        0x8 Output/pwm_driver_pca10040 Release/Obj/bsp.o
 .text.leds_off
                0x0000000000003270       0x2c Output/pwm_driver_pca10040 Release/Obj/bsp.o
 .text.bsp_led_indication
                0x000000000000329c      0x204 Output/pwm_driver_pca10040 Release/Obj/bsp.o
 .text.leds_timer_handler
                0x00000000000034a0       0x1c Output/pwm_driver_pca10040 Release/Obj/bsp.o
 .text.bsp_init
                0x00000000000034bc       0x9c Output/pwm_driver_pca10040 Release/Obj/bsp.o
                0x00000000000034bc                bsp_init
 .text.bsp_buttons_enable
                0x0000000000003558        0x4 Output/pwm_driver_pca10040 Release/Obj/bsp.o
                0x0000000000003558                bsp_buttons_enable
 .text.bsp_evt_handler
                0x000000000000355c       0x94 Output/pwm_driver_pca10040 Release/Obj/main.o
 .text.demo5    0x00000000000035f0       0x78 Output/pwm_driver_pca10040 Release/Obj/main.o
 .text.demo3    0x0000000000003668       0x78 Output/pwm_driver_pca10040 Release/Obj/main.o
 .text.demo1    0x00000000000036e0       0x88 Output/pwm_driver_pca10040 Release/Obj/main.o
 .text.demo4    0x0000000000003768      0x154 Output/pwm_driver_pca10040 Release/Obj/main.o
 .text.demo2    0x00000000000038bc       0xa4 Output/pwm_driver_pca10040 Release/Obj/main.o
 .text.demo1_handler
                0x0000000000003960       0x50 Output/pwm_driver_pca10040 Release/Obj/main.o
 .text.app_error_fault_handler
                0x00000000000039b0       0x1c Output/pwm_driver_pca10040 Release/Obj/main.o
                0x00000000000039b0                app_error_fault_handler
 .text.startup.main
                0x00000000000039cc       0x80 Output/pwm_driver_pca10040 Release/Obj/main.o
                0x00000000000039cc                main
 .text.nrf52_errata_12
                0x0000000000003a4c       0x40 Output/pwm_driver_pca10040 Release/Obj/system_nrf52.o
 .text.nrf52_errata_16
                0x0000000000003a8c       0x2c Output/pwm_driver_pca10040 Release/Obj/system_nrf52.o
 .text.SystemInit
                0x0000000000003ab8      0x274 Output/pwm_driver_pca10040 Release/Obj/system_nrf52.o
                0x0000000000003ab8                SystemInit
 .text.libc.__int64_udivmod
                0x0000000000003d2c       0xce C:/Program Files/SEGGER/SEGGER Embedded Studio for ARM 4.52a/lib/libc_v7em_fpv4_sp_d16_hard_t_le_eabi.a(libc_asm.o)
                0x0000000000003d2c                __aeabi_uldivmod
                0x0000000000003d2c                __int64_udiv
                0x0000000000003d2c                __udivdi3
                0x0000000000003d2c                __int64_udivmod
 *fill*         0x0000000000003dfa        0x2 
 .text.libc.__RAL_ascii_isctype
                0x0000000000003dfc       0x1c C:/Program Files/SEGGER/SEGGER Embedded Studio for ARM 4.52a/lib/libc_v7em_fpv4_sp_d16_hard_t_le_eabi.a(libc2.o)
 .text.libc.__RAL_ascii_toupper
                0x0000000000003e18        0xc C:/Program Files/SEGGER/SEGGER Embedded Studio for ARM 4.52a/lib/libc_v7em_fpv4_sp_d16_hard_t_le_eabi.a(libc2.o)
 .text.libc.__RAL_ascii_tolower
                0x0000000000003e24        0xc C:/Program Files/SEGGER/SEGGER Embedded Studio for ARM 4.52a/lib/libc_v7em_fpv4_sp_d16_hard_t_le_eabi.a(libc2.o)
 .text.libc.__RAL_ascii_iswctype
                0x0000000000003e30       0x1c C:/Program Files/SEGGER/SEGGER Embedded Studio for ARM 4.52a/lib/libc_v7em_fpv4_sp_d16_hard_t_le_eabi.a(libc2.o)
 .text.libc.__RAL_ascii_towupper
                0x0000000000003e4c        0xc C:/Program Files/SEGGER/SEGGER Embedded Studio for ARM 4.52a/lib/libc_v7em_fpv4_sp_d16_hard_t_le_eabi.a(libc2.o)
 .text.libc.__RAL_ascii_towlower
                0x0000000000003e58        0xc C:/Program Files/SEGGER/SEGGER Embedded Studio for ARM 4.52a/lib/libc_v7em_fpv4_sp_d16_hard_t_le_eabi.a(libc2.o)
 .text.libc.__RAL_ascii_wctomb
                0x0000000000003e64        0xe C:/Program Files/SEGGER/SEGGER Embedded Studio for ARM 4.52a/lib/libc_v7em_fpv4_sp_d16_hard_t_le_eabi.a(libc2.o)
                0x0000000000003e64                __RAL_ascii_wctomb
 .text.libc.__RAL_ascii_mbtowc
                0x0000000000003e72       0x24 C:/Program Files/SEGGER/SEGGER Embedded Studio for ARM 4.52a/lib/libc_v7em_fpv4_sp_d16_hard_t_le_eabi.a(libc2.o)
                0x0000000000003e72                __RAL_ascii_mbtowc
 *fill*         0x0000000000003e96        0x2 
 .text.libc.__RAL_isctype
                0x0000000000003e98       0x14 C:/Program Files/SEGGER/SEGGER Embedded Studio for ARM 4.52a/lib/libc_v7em_fpv4_sp_d16_hard_t_le_eabi.a(libc2.o)
                0x0000000000003e98                __RAL_isctype
 .text.libc.isprint
                0x0000000000003eac        0xa C:/Program Files/SEGGER/SEGGER Embedded Studio for ARM 4.52a/lib/libc_v7em_fpv4_sp_d16_hard_t_le_eabi.a(libc2.o)
                0x0000000000003eac                isprint
 .text.libc.memcpy
                0x0000000000003eb6       0x52 C:/Program Files/SEGGER/SEGGER Embedded Studio for ARM 4.52a/lib/libc_v7em_fpv4_sp_d16_hard_t_le_eabi.a(libc2_asm.o)
                0x0000000000003eb6                __aeabi_memcpy
                0x0000000000003eb6                memcpy
                0x0000000000003ec2                __aeabi_memcpy8
                0x0000000000003ec2                __aeabi_memcpy4
 .text.libc.memset
                0x0000000000003f08       0x66 C:/Program Files/SEGGER/SEGGER Embedded Studio for ARM 4.52a/lib/libc_v7em_fpv4_sp_d16_hard_t_le_eabi.a(libc2_asm.o)
                0x0000000000003f08                memset
 .text.libc.strlen
                0x0000000000003f6e       0x60 C:/Program Files/SEGGER/SEGGER Embedded Studio for ARM 4.52a/lib/libc_v7em_fpv4_sp_d16_hard_t_le_eabi.a(libc2_asm.o)
                0x0000000000003f6e                strlen
                0x0000000000003fce                __text_end__ = (__text_start__ + SIZEOF (.text))
                0x0000000000003bfe                __text_size__ = SIZEOF (.text)
                0x0000000000003fce                __text_load_end__ = __text_end__

.vfp11_veneer   0x0000000100000000        0x0
 .vfp11_veneer  0x0000000100000000        0x0 linker stubs

.v4_bx          0x0000000100000000        0x0
 .v4_bx         0x0000000100000000        0x0 linker stubs

.iplt           0x0000000100000000        0x0
 .iplt          0x0000000100000000        0x0 Output/pwm_driver_pca10040 Release/Obj/thumb_crt0.o
                0x0000000000000001                . = ASSERT (((__text_start__ == __text_end__) || ((__text_end__ - __FLASH_segment_start__) <= __FLASH_segment_size__)), error: .text is too large to fit in FLASH memory segment)
                0x0000000000003fd0                __log_const_data_load_start__ = ALIGN (__text_end__, 0x4)

.log_const_data
                0x0000000000003fd0       0x58
                0x0000000000003fd0                __log_const_data_start__ = .
                0x0000000000003fd0                __start_log_const_data = __log_const_data_start__
 *(SORT_BY_NAME(.log_const_data*))
 .log_const_data_CLOCK
                0x0000000000003fd0        0x8 Output/pwm_driver_pca10040 Release/Obj/nrfx_clock.o
                0x0000000000003fd0                m_nrf_log_CLOCK_logs_data_const
 .log_const_data_GPIOTE
                0x0000000000003fd8        0x8 Output/pwm_driver_pca10040 Release/Obj/nrfx_gpiote.o
                0x0000000000003fd8                m_nrf_log_GPIOTE_logs_data_const
 .log_const_data_PRS
                0x0000000000003fe0        0x8 Output/pwm_driver_pca10040 Release/Obj/nrfx_prs.o
                0x0000000000003fe0                m_nrf_log_PRS_logs_data_const
 .log_const_data_PWM
                0x0000000000003fe8        0x8 Output/pwm_driver_pca10040 Release/Obj/nrfx_pwm.o
                0x0000000000003fe8                m_nrf_log_PWM_logs_data_const
 .log_const_data_UART
                0x0000000000003ff0        0x8 Output/pwm_driver_pca10040 Release/Obj/nrfx_uart.o
                0x0000000000003ff0                m_nrf_log_UART_logs_data_const
 .log_const_data_UARTE
                0x0000000000003ff8        0x8 Output/pwm_driver_pca10040 Release/Obj/nrfx_uarte.o
                0x0000000000003ff8                m_nrf_log_UARTE_logs_data_const
 .log_const_data_app
                0x0000000000004000        0x8 Output/pwm_driver_pca10040 Release/Obj/nrf_log_frontend.o
                0x0000000000004000                m_nrf_log_app_logs_data_const
 .log_const_data_app_button
                0x0000000000004008        0x8 Output/pwm_driver_pca10040 Release/Obj/app_button.o
                0x0000000000004008                m_nrf_log_app_button_logs_data_const
 .log_const_data_app_timer
                0x0000000000004010        0x8 Output/pwm_driver_pca10040 Release/Obj/app_timer2.o
                0x0000000000004010                m_nrf_log_app_timer_logs_data_const
 .log_const_data_clock
                0x0000000000004018        0x8 Output/pwm_driver_pca10040 Release/Obj/nrf_drv_clock.o
                0x0000000000004018                m_nrf_log_clock_logs_data_const
 .log_const_data_sortlist
                0x0000000000004020        0x8 Output/pwm_driver_pca10040 Release/Obj/nrf_sortlist.o
                0x0000000000004020                m_nrf_log_sortlist_logs_data_const
                0x0000000000004028                __log_const_data_end__ = (__log_const_data_start__ + SIZEOF (.log_const_data))
                0x0000000000000058                __log_const_data_size__ = SIZEOF (.log_const_data)
                0x0000000000004028                __stop_log_const_data = __log_const_data_end__
                0x0000000000004028                __log_const_data_load_end__ = __log_const_data_end__
                0x0000000000000001                . = ASSERT (((__log_const_data_start__ == __log_const_data_end__) || ((__log_const_data_end__ - __FLASH_segment_start__) <= __FLASH_segment_size__)), error: .log_const_data is too large to fit in FLASH memory segment)
                0x0000000000004028                __log_backends_load_start__ = ALIGN (__log_const_data_end__, 0x4)

.log_backends   0x0000000000004028       0x10
                0x0000000000004028                __log_backends_start__ = .
                0x0000000000004028                __start_log_backends = __log_backends_start__
 *(SORT_BY_NAME(.log_backends*))
 .log_backends  0x0000000000004028       0x10 Output/pwm_driver_pca10040 Release/Obj/nrf_log_default_backends.o
                0x0000000000004038                __log_backends_end__ = (__log_backends_start__ + SIZEOF (.log_backends))
                0x0000000000000010                __log_backends_size__ = SIZEOF (.log_backends)
                0x0000000000004038                __stop_log_backends = __log_backends_end__
                0x0000000000004038                __log_backends_load_end__ = __log_backends_end__
                0x0000000000000001                . = ASSERT (((__log_backends_start__ == __log_backends_end__) || ((__log_backends_end__ - __FLASH_segment_start__) <= __FLASH_segment_size__)), error: .log_backends is too large to fit in FLASH memory segment)
                0x0000000000004038                __nrf_balloc_load_start__ = ALIGN (__log_backends_end__, 0x4)

.nrf_balloc     0x0000000000004038       0x14
                0x0000000000004038                __nrf_balloc_start__ = .
                0x0000000000004038                __start_nrf_balloc = __nrf_balloc_start__
 *(.nrf_balloc*)
 .nrf_balloc    0x0000000000004038       0x14 Output/pwm_driver_pca10040 Release/Obj/nrf_log_frontend.o
                0x0000000000004038                log_mempool
                0x000000000000404c                __nrf_balloc_end__ = (__nrf_balloc_start__ + SIZEOF (.nrf_balloc))
                0x0000000000000014                __nrf_balloc_size__ = SIZEOF (.nrf_balloc)
                0x000000000000404c                __stop_nrf_balloc = __nrf_balloc_end__
                0x000000000000404c                __nrf_balloc_load_end__ = __nrf_balloc_end__
                0x0000000000000001                . = ASSERT (((__nrf_balloc_start__ == __nrf_balloc_end__) || ((__nrf_balloc_end__ - __FLASH_segment_start__) <= __FLASH_segment_size__)), error: .nrf_balloc is too large to fit in FLASH memory segment)
                0x000000000000404c                __nrf_sections_load_start__ = ALIGN (__nrf_balloc_end__, 0x4)

.nrf_sections   0x000000000000404c        0x0
                0x000000000000404c                __nrf_sections_start__ = .
                0x000000000000404c                __start_nrf_sections = __nrf_sections_start__
 *(.nrf_sections .nrf_sections.*)
                0x000000000000404c                __nrf_sections_end__ = (__nrf_sections_start__ + SIZEOF (.nrf_sections))
                0x0000000000000000                __nrf_sections_size__ = SIZEOF (.nrf_sections)
                0x000000000000404c                __nrf_sections_load_end__ = __nrf_sections_end__
                0x0000000000000001                . = ASSERT (((__nrf_sections_start__ == __nrf_sections_end__) || ((__nrf_sections_end__ - __FLASH_segment_start__) <= __FLASH_segment_size__)), error: .nrf_sections is too large to fit in FLASH memory segment)
                0x000000000000404c                __log_dynamic_data_load_start__ = ALIGN (__nrf_sections_end__, 0x4)

.log_dynamic_data
                0x0000000020000000        0x0 load address 0x000000000000404c
                0x0000000020000000                __log_dynamic_data_start__ = .
 *(SORT_BY_NAME(.log_dynamic_data*))
                0x0000000020000000                __log_dynamic_data_end__ = (__log_dynamic_data_start__ + SIZEOF (.log_dynamic_data))
                0x0000000000000000                __log_dynamic_data_size__ = SIZEOF (.log_dynamic_data)
                0x000000000000404c                __log_dynamic_data_load_end__ = (__log_dynamic_data_load_start__ + SIZEOF (.log_dynamic_data))
                0x0000000000000001                . = ASSERT (((__log_dynamic_data_load_start__ == __log_dynamic_data_load_end__) || ((__log_dynamic_data_load_end__ - __FLASH_segment_start__) <= __FLASH_segment_size__)), error: .log_dynamic_data is too large to fit in FLASH memory segment)

.log_dynamic_data_run
                0x0000000020000000        0x0
                0x0000000020000000                __log_dynamic_data_run_start__ = .
                0x0000000020000000                __start_log_dynamic_data = __log_dynamic_data_run_start__
                0x0000000020000000                . = MAX ((__log_dynamic_data_run_start__ + SIZEOF (.log_dynamic_data)), .)
                0x0000000020000000                __log_dynamic_data_run_end__ = (__log_dynamic_data_run_start__ + SIZEOF (.log_dynamic_data_run))
                0x0000000000000000                __log_dynamic_data_run_size__ = SIZEOF (.log_dynamic_data_run)
                0x0000000020000000                __stop_log_dynamic_data = __log_dynamic_data_run_end__
                0x0000000020000000                __log_dynamic_data_run_load_end__ = __log_dynamic_data_run_end__
                0x0000000000000001                . = ASSERT (((__log_dynamic_data_run_start__ == __log_dynamic_data_run_end__) || ((__log_dynamic_data_run_end__ - __RAM_segment_start__) <= __RAM_segment_size__)), error: .log_dynamic_data_run is too large to fit in RAM memory segment)
                0x000000000000404c                __log_filter_data_load_start__ = ALIGN ((__log_dynamic_data_load_start__ + SIZEOF (.log_dynamic_data)), 0x4)

.log_filter_data
                0x0000000020000000        0x0 load address 0x000000000000404c
                0x0000000020000000                __log_filter_data_start__ = .
 *(SORT_BY_NAME(.log_filter_data*))
                0x0000000020000000                __log_filter_data_end__ = (__log_filter_data_start__ + SIZEOF (.log_filter_data))
                0x0000000000000000                __log_filter_data_size__ = SIZEOF (.log_filter_data)
                0x000000000000404c                __log_filter_data_load_end__ = (__log_filter_data_load_start__ + SIZEOF (.log_filter_data))
                0x0000000000000001                . = ASSERT (((__log_filter_data_load_start__ == __log_filter_data_load_end__) || ((__log_filter_data_load_end__ - __FLASH_segment_start__) <= __FLASH_segment_size__)), error: .log_filter_data is too large to fit in FLASH memory segment)

.log_filter_data_run
                0x0000000020000000        0x0
                0x0000000020000000                __log_filter_data_run_start__ = .
                0x0000000020000000                __start_log_filter_data = __log_filter_data_run_start__
                0x0000000020000000                . = MAX ((__log_filter_data_run_start__ + SIZEOF (.log_filter_data)), .)
                0x0000000020000000                __log_filter_data_run_end__ = (__log_filter_data_run_start__ + SIZEOF (.log_filter_data_run))
                0x0000000000000000                __log_filter_data_run_size__ = SIZEOF (.log_filter_data_run)
                0x0000000020000000                __stop_log_filter_data = __log_filter_data_run_end__
                0x0000000020000000                __log_filter_data_run_load_end__ = __log_filter_data_run_end__
                0x0000000000000001                . = ASSERT (((__log_filter_data_run_start__ == __log_filter_data_run_end__) || ((__log_filter_data_run_end__ - __RAM_segment_start__) <= __RAM_segment_size__)), error: .log_filter_data_run is too large to fit in RAM memory segment)
                0x0000000020000000                __nrf_sections_run_end_load_start__ = ALIGN (__log_filter_data_run_end__, 0x4)

.nrf_sections_run_end
                0x0000000020000000        0x0
                0x0000000020000000                __nrf_sections_run_end_start__ = .
                0x0000000020000000                __end_nrf_sections_run = __nrf_sections_run_end_start__
 *(.nrf_sections_run_end .nrf_sections_run_end.*)
                0x0000000020000000                __nrf_sections_run_end_end__ = (__nrf_sections_run_end_start__ + SIZEOF (.nrf_sections_run_end))
                0x0000000000000000                __nrf_sections_run_end_size__ = SIZEOF (.nrf_sections_run_end)
                0x0000000020000000                __nrf_sections_run_end_load_end__ = __nrf_sections_run_end_end__
                0x0000000000000001                . = ASSERT (((__nrf_sections_run_end_start__ == __nrf_sections_run_end_end__) || ((__nrf_sections_run_end_end__ - __RAM_segment_start__) <= __RAM_segment_size__)), error: .nrf_sections_run_end is too large to fit in RAM memory segment)
                0x000000000000404c                __dtors_load_start__ = ALIGN ((__log_filter_data_load_start__ + SIZEOF (.log_filter_data)), 0x4)

.dtors          0x000000000000404c        0x0
                0x000000000000404c                __dtors_start__ = .
 *(SORT_BY_NAME(.dtors.*))
 *(.dtors)
 *(.fini_array)
 *(SORT_BY_NAME(.fini_array.*))
                0x000000000000404c                __dtors_end__ = (__dtors_start__ + SIZEOF (.dtors))
                0x0000000000000000                __dtors_size__ = SIZEOF (.dtors)
                0x000000000000404c                __dtors_load_end__ = __dtors_end__
                0x0000000000000001                . = ASSERT (((__dtors_start__ == __dtors_end__) || ((__dtors_end__ - __FLASH_segment_start__) <= __FLASH_segment_size__)), error: .dtors is too large to fit in FLASH memory segment)
                0x000000000000404c                __ctors_load_start__ = ALIGN (__dtors_end__, 0x4)

.ctors          0x000000000000404c        0x0
                0x000000000000404c                __ctors_start__ = .
 *(SORT_BY_NAME(.ctors.*))
 *(.ctors)
 *(.init_array)
 *(SORT_BY_NAME(.init_array.*))
                0x000000000000404c                __ctors_end__ = (__ctors_start__ + SIZEOF (.ctors))
                0x0000000000000000                __ctors_size__ = SIZEOF (.ctors)
                0x000000000000404c                __ctors_load_end__ = __ctors_end__
                0x0000000000000001                . = ASSERT (((__ctors_start__ == __ctors_end__) || ((__ctors_end__ - __FLASH_segment_start__) <= __FLASH_segment_size__)), error: .ctors is too large to fit in FLASH memory segment)
                0x000000000000404c                __rodata_load_start__ = ALIGN (__ctors_end__, 0x4)

.rodata         0x000000000000404c      0x56e
                0x000000000000404c                __rodata_start__ = .
 *(.rodata .rodata.* .gnu.linkonce.r.*)
 .rodata        0x000000000000404c       0x20 Output/pwm_driver_pca10040 Release/Obj/nrf_log_backend_uart.o
 .rodata.nrf_log_backend_uart_api
                0x000000000000406c        0xc Output/pwm_driver_pca10040 Release/Obj/nrf_log_backend_uart.o
                0x000000000000406c                nrf_log_backend_uart_api
 .rodata.str1.1
                0x0000000000004078       0x11 Output/pwm_driver_pca10040 Release/Obj/nrf_log_default_backends.o
 .rodata.nrf_log_frontend_dequeue.str1.1
                0x0000000000004089       0x11 Output/pwm_driver_pca10040 Release/Obj/nrf_log_frontend.o
 .rodata.str1.1
                0x000000000000409a        0x4 Output/pwm_driver_pca10040 Release/Obj/nrf_log_frontend.o
 *fill*         0x000000000000409e        0x2 
 .rodata.m_log_push_ringbuf
                0x00000000000040a0        0xc Output/pwm_driver_pca10040 Release/Obj/nrf_log_frontend.o
 .rodata.postfix_process.str1.1
                0x00000000000040ac        0x8 Output/pwm_driver_pca10040 Release/Obj/nrf_log_str_formatter.o
                                          0xb (size before relaxing)
 .rodata.prefix_process.str1.1
                0x00000000000040b4       0x2a Output/pwm_driver_pca10040 Release/Obj/nrf_log_str_formatter.o
 .rodata.nrf_log_hexdump_entry_process.str1.1
                0x00000000000040de        0xf Output/pwm_driver_pca10040 Release/Obj/nrf_log_str_formatter.o
                                         0x11 (size before relaxing)
 .rodata.str1.1
                0x00000000000040ed       0x51 Output/pwm_driver_pca10040 Release/Obj/nrf_log_str_formatter.o
 *fill*         0x000000000000413e        0x2 
 .rodata.m_colors
                0x0000000000004140       0x24 Output/pwm_driver_pca10040 Release/Obj/nrf_log_str_formatter.o
 .rodata.severity_names
                0x0000000000004164       0x14 Output/pwm_driver_pca10040 Release/Obj/nrf_log_str_formatter.o
 .rodata.m_board_led_list
                0x0000000000004178        0x4 Output/pwm_driver_pca10040 Release/Obj/boards.o
 .rodata.str1.1
                0x000000000000417c        0xb Output/pwm_driver_pca10040 Release/Obj/app_button.o
 *fill*         0x0000000000004187        0x1 
 .rodata.m_detection_delay_timer_id
                0x0000000000004188        0x4 Output/pwm_driver_pca10040 Release/Obj/app_button.o
 .rodata.str1.1
                0x000000000000418c        0xa Output/pwm_driver_pca10040 Release/Obj/app_timer2.o
 .rodata        0x0000000000004196        0x4 Output/pwm_driver_pca10040 Release/Obj/app_timer2.o
 *fill*         0x000000000000419a        0x2 
 .rodata.m_app_timer_sortlist
                0x000000000000419c        0xc Output/pwm_driver_pca10040 Release/Obj/app_timer2.o
 .rodata.drv_rtc_init.str1.1
                0x00000000000041a8       0x34 Output/pwm_driver_pca10040 Release/Obj/drv_rtc.o
 *fill*         0x00000000000041dc        0x4 
 .rodata.delay_machine_code.7703
                0x00000000000041e0        0x6 Output/pwm_driver_pca10040 Release/Obj/drv_rtc.o
 .rodata._aV2C.7631
                0x00000000000041e6       0x10 Output/pwm_driver_pca10040 Release/Obj/nrf_fprintf_format.o
 .rodata.str1.1
                0x00000000000041f6        0x9 Output/pwm_driver_pca10040 Release/Obj/nrf_sortlist.o
 .rodata.str1.1
                0x00000000000041ff        0x6 Output/pwm_driver_pca10040 Release/Obj/nrf_drv_clock.o
 .rodata.str1.1
                0x0000000000004205        0x6 Output/pwm_driver_pca10040 Release/Obj/nrfx_clock.o
 .rodata.str1.1
                0x000000000000420b        0x7 Output/pwm_driver_pca10040 Release/Obj/nrfx_gpiote.o
 .rodata.str1.1
                0x0000000000004212        0x4 Output/pwm_driver_pca10040 Release/Obj/nrfx_prs.o
 .rodata.str1.1
                0x0000000000004216        0x4 Output/pwm_driver_pca10040 Release/Obj/nrfx_pwm.o
 .rodata.str1.1
                0x000000000000421a        0x5 Output/pwm_driver_pca10040 Release/Obj/nrfx_uart.o
 .rodata.str1.1
                0x000000000000421f        0x6 Output/pwm_driver_pca10040 Release/Obj/nrfx_uarte.o
 *fill*         0x0000000000004225        0x3 
 .rodata.app_buttons
                0x0000000000004228       0x20 Output/pwm_driver_pca10040 Release/Obj/bsp.o
 .rodata.m_bsp_alert_tmr
                0x0000000000004248        0x4 Output/pwm_driver_pca10040 Release/Obj/bsp.o
 .rodata.m_bsp_button_tmr
                0x000000000000424c        0x4 Output/pwm_driver_pca10040 Release/Obj/bsp.o
 .rodata.m_bsp_leds_tmr
                0x0000000000004250        0x4 Output/pwm_driver_pca10040 Release/Obj/bsp.o
 .rodata.demo5.str1.1
                0x0000000000004254        0x7 Output/pwm_driver_pca10040 Release/Obj/main.o
 .rodata.demo3.str1.1
                0x000000000000425b        0x7 Output/pwm_driver_pca10040 Release/Obj/main.o
 .rodata.demo1.str1.1
                0x0000000000004262        0x7 Output/pwm_driver_pca10040 Release/Obj/main.o
 .rodata.demo4.str1.1
                0x0000000000004269        0x7 Output/pwm_driver_pca10040 Release/Obj/main.o
 .rodata.demo2.str1.1
                0x0000000000004270        0x7 Output/pwm_driver_pca10040 Release/Obj/main.o
 .rodata.main.str1.1
                0x0000000000004277       0x15 Output/pwm_driver_pca10040 Release/Obj/main.o
 .rodata        0x000000000000428c       0xd4 Output/pwm_driver_pca10040 Release/Obj/main.o
 .rodata.m_demo1_seq
                0x0000000000004360       0x10 Output/pwm_driver_pca10040 Release/Obj/main.o
 .rodata.CSWTCH.15
                0x0000000000004370        0x4 Output/pwm_driver_pca10040 Release/Obj/system_nrf52.o
 .rodata.CSWTCH.19
                0x0000000000004374        0x4 Output/pwm_driver_pca10040 Release/Obj/system_nrf52.o
 .rodata.CSWTCH.5
                0x0000000000004378        0x4 Output/pwm_driver_pca10040 Release/Obj/system_nrf52.o
 .rodata.libc.__RAL_find_locale.str1.4
                0x000000000000437c        0xa C:/Program Files/SEGGER/SEGGER Embedded Studio for ARM 4.52a/lib/libc_v7em_fpv4_sp_d16_hard_t_le_eabi.a(libc2.o)
 *fill*         0x0000000000004386        0x2 
 .rodata.libc.__RAL_ascii_ctype_map
                0x0000000000004388       0x80 C:/Program Files/SEGGER/SEGGER Embedded Studio for ARM 4.52a/lib/libc_v7em_fpv4_sp_d16_hard_t_le_eabi.a(libc2.o)
                0x0000000000004388                __RAL_ascii_ctype_map
 .rodata.libc.__RAL_ascii_ctype_mask
                0x0000000000004408        0xd C:/Program Files/SEGGER/SEGGER Embedded Studio for ARM 4.52a/lib/libc_v7em_fpv4_sp_d16_hard_t_le_eabi.a(libc2.o)
 *fill*         0x0000000000004415        0x3 
 .rodata.libc.__RAL_c_locale
                0x0000000000004418        0xc C:/Program Files/SEGGER/SEGGER Embedded Studio for ARM 4.52a/lib/libc_v7em_fpv4_sp_d16_hard_t_le_eabi.a(libc2.o)
                0x0000000000004418                __RAL_c_locale
 .rodata.libc.__RAL_c_locale_abbrev_day_names
                0x0000000000004424       0x1d C:/Program Files/SEGGER/SEGGER Embedded Studio for ARM 4.52a/lib/libc_v7em_fpv4_sp_d16_hard_t_le_eabi.a(libc2.o)
                0x0000000000004424                __RAL_c_locale_abbrev_day_names
 *fill*         0x0000000000004441        0x3 
 .rodata.libc.__RAL_c_locale_abbrev_month_names
                0x0000000000004444       0x31 C:/Program Files/SEGGER/SEGGER Embedded Studio for ARM 4.52a/lib/libc_v7em_fpv4_sp_d16_hard_t_le_eabi.a(libc2.o)
                0x0000000000004444                __RAL_c_locale_abbrev_month_names
 *fill*         0x0000000000004475        0x3 
 .rodata.libc.__RAL_c_locale_am_pm_indicator
                0x0000000000004478        0x7 C:/Program Files/SEGGER/SEGGER Embedded Studio for ARM 4.52a/lib/libc_v7em_fpv4_sp_d16_hard_t_le_eabi.a(libc2.o)
                0x0000000000004478                __RAL_c_locale_am_pm_indicator
 *fill*         0x000000000000447f        0x1 
 .rodata.libc.__RAL_c_locale_data
                0x0000000000004480       0x58 C:/Program Files/SEGGER/SEGGER Embedded Studio for ARM 4.52a/lib/libc_v7em_fpv4_sp_d16_hard_t_le_eabi.a(libc2.o)
                0x0000000000004480                __RAL_c_locale_data
 .rodata.libc.__RAL_c_locale_date_format
                0x00000000000044d8        0x9 C:/Program Files/SEGGER/SEGGER Embedded Studio for ARM 4.52a/lib/libc_v7em_fpv4_sp_d16_hard_t_le_eabi.a(libc2.o)
                0x00000000000044d8                __RAL_c_locale_date_format
 *fill*         0x00000000000044e1        0x3 
 .rodata.libc.__RAL_c_locale_date_time_format
                0x00000000000044e4        0xf C:/Program Files/SEGGER/SEGGER Embedded Studio for ARM 4.52a/lib/libc_v7em_fpv4_sp_d16_hard_t_le_eabi.a(libc2.o)
                0x00000000000044e4                __RAL_c_locale_date_time_format
 *fill*         0x00000000000044f3        0x1 
 .rodata.libc.__RAL_c_locale_day_names
                0x00000000000044f4       0x3a C:/Program Files/SEGGER/SEGGER Embedded Studio for ARM 4.52a/lib/libc_v7em_fpv4_sp_d16_hard_t_le_eabi.a(libc2.o)
                0x00000000000044f4                __RAL_c_locale_day_names
 *fill*         0x000000000000452e        0x2 
 .rodata.libc.__RAL_c_locale_month_names
                0x0000000000004530       0x57 C:/Program Files/SEGGER/SEGGER Embedded Studio for ARM 4.52a/lib/libc_v7em_fpv4_sp_d16_hard_t_le_eabi.a(libc2.o)
                0x0000000000004530                __RAL_c_locale_month_names
 *fill*         0x0000000000004587        0x1 
 .rodata.libc.__RAL_c_locale_time_format
                0x0000000000004588        0x9 C:/Program Files/SEGGER/SEGGER Embedded Studio for ARM 4.52a/lib/libc_v7em_fpv4_sp_d16_hard_t_le_eabi.a(libc2.o)
                0x0000000000004588                __RAL_c_locale_time_format
 *fill*         0x0000000000004591        0x3 
 .rodata.libc.__RAL_codeset_ascii
                0x0000000000004594       0x20 C:/Program Files/SEGGER/SEGGER Embedded Studio for ARM 4.52a/lib/libc_v7em_fpv4_sp_d16_hard_t_le_eabi.a(libc2.o)
                0x0000000000004594                __RAL_codeset_ascii
 .rodata.libc.__RAL_data_empty_string
                0x00000000000045b4        0x1 C:/Program Files/SEGGER/SEGGER Embedded Studio for ARM 4.52a/lib/libc_v7em_fpv4_sp_d16_hard_t_le_eabi.a(libc2.o)
                0x00000000000045b4                __RAL_data_empty_string
 *fill*         0x00000000000045b5        0x3 
 .rodata.libc.__RAL_data_utf8_period
                0x00000000000045b8        0x2 C:/Program Files/SEGGER/SEGGER Embedded Studio for ARM 4.52a/lib/libc_v7em_fpv4_sp_d16_hard_t_le_eabi.a(libc2.o)
                0x00000000000045b8                __RAL_data_utf8_period
                0x00000000000045ba                __rodata_end__ = (__rodata_start__ + SIZEOF (.rodata))
                0x000000000000056e                __rodata_size__ = SIZEOF (.rodata)
                0x00000000000045ba                __rodata_load_end__ = __rodata_end__

.rel.dyn        0x00000000000045bc        0x0
 .rel.iplt      0x00000000000045bc        0x0 Output/pwm_driver_pca10040 Release/Obj/thumb_crt0.o
                0x0000000000000001                . = ASSERT (((__rodata_start__ == __rodata_end__) || ((__rodata_end__ - __FLASH_segment_start__) <= __FLASH_segment_size__)), error: .rodata is too large to fit in FLASH memory segment)
                0x00000000000045bc                __ARM.exidx_load_start__ = ALIGN (__rodata_end__, 0x4)

.ARM.exidx      0x00000000000045bc        0x0
                0x00000000000045bc                __ARM.exidx_start__ = .
                0x00000000000045bc                __exidx_start = __ARM.exidx_start__
 *(.ARM.exidx .ARM.exidx.*)
                0x00000000000045bc                __ARM.exidx_end__ = (__ARM.exidx_start__ + SIZEOF (.ARM.exidx))
                0x0000000000000000                __ARM.exidx_size__ = SIZEOF (.ARM.exidx)
                0x00000000000045bc                __exidx_end = __ARM.exidx_end__
                0x00000000000045bc                __ARM.exidx_load_end__ = __ARM.exidx_end__
                0x0000000000000001                . = ASSERT (((__ARM.exidx_start__ == __ARM.exidx_end__) || ((__ARM.exidx_end__ - __FLASH_segment_start__) <= __FLASH_segment_size__)), error: .ARM.exidx is too large to fit in FLASH memory segment)
                0x00000000000045bc                __fast_load_start__ = ALIGN (__ARM.exidx_end__, 0x4)

.fast           0x0000000020000000        0x0 load address 0x00000000000045bc
                0x0000000020000000                __fast_start__ = .
 *(.fast .fast.*)
                0x0000000020000000                __fast_end__ = (__fast_start__ + SIZEOF (.fast))
                0x0000000000000000                __fast_size__ = SIZEOF (.fast)
                0x00000000000045bc                __fast_load_end__ = (__fast_load_start__ + SIZEOF (.fast))
                0x0000000000000001                . = ASSERT (((__fast_load_start__ == __fast_load_end__) || ((__fast_load_end__ - __FLASH_segment_start__) <= __FLASH_segment_size__)), error: .fast is too large to fit in FLASH memory segment)

.fast_run       0x0000000020000000        0x0
                0x0000000020000000                __fast_run_start__ = .
                0x0000000020000000                . = MAX ((__fast_run_start__ + SIZEOF (.fast)), .)
                0x0000000020000000                __fast_run_end__ = (__fast_run_start__ + SIZEOF (.fast_run))
                0x0000000000000000                __fast_run_size__ = SIZEOF (.fast_run)
                0x0000000020000000                __fast_run_load_end__ = __fast_run_end__
                0x0000000000000001                . = ASSERT (((__fast_run_start__ == __fast_run_end__) || ((__fast_run_end__ - __RAM_segment_start__) <= __RAM_segment_size__)), error: .fast_run is too large to fit in RAM memory segment)
                0x00000000000045bc                __data_load_start__ = ALIGN ((__fast_load_start__ + SIZEOF (.fast)), 0x4)

.data           0x0000000020000000       0x9c load address 0x00000000000045bc
                0x0000000020000000                __data_start__ = .
 *(.data .data.* .gnu.linkonce.d.*)
 .data.m_uart   0x0000000020000000       0x14 Output/pwm_driver_pca10040 Release/Obj/nrf_log_backend_uart.o
                0x0000000020000000                m_uart
 .data.log_backend_cb_uart_log_backend
                0x0000000020000014        0x8 Output/pwm_driver_pca10040 Release/Obj/nrf_log_default_backends.o
 .data.m_rtc_inst
                0x000000002000001c        0x8 Output/pwm_driver_pca10040 Release/Obj/app_timer2.o
 .data.m_pwm0   0x0000000020000024        0x8 Output/pwm_driver_pca10040 Release/Obj/main.o
 .data.m_pwm1   0x000000002000002c        0x8 Output/pwm_driver_pca10040 Release/Obj/main.o
 .data.m_pwm2   0x0000000020000034        0x8 Output/pwm_driver_pca10040 Release/Obj/main.o
 .data.pwm0_seq_values.9511
                0x000000002000003c       0x10 Output/pwm_driver_pca10040 Release/Obj/main.o
 .data.seq1_values.9497
                0x000000002000004c        0xc Output/pwm_driver_pca10040 Release/Obj/main.o
 .data.seq_values.9504
                0x0000000020000058        0xc Output/pwm_driver_pca10040 Release/Obj/main.o
 .data.seq_values.9535
                0x0000000020000064       0x20 Output/pwm_driver_pca10040 Release/Obj/main.o
 .data.SystemCoreClock
                0x0000000020000084        0x4 Output/pwm_driver_pca10040 Release/Obj/system_nrf52.o
                0x0000000020000084                SystemCoreClock
 .data.libc.__RAL_global_locale
                0x0000000020000088       0x14 C:/Program Files/SEGGER/SEGGER Embedded Studio for ARM 4.52a/lib/libc_v7em_fpv4_sp_d16_hard_t_le_eabi.a(libc2.o)
                0x0000000020000088                __RAL_global_locale
                0x000000002000009c                __data_end__ = (__data_start__ + SIZEOF (.data))
                0x000000000000009c                __data_size__ = SIZEOF (.data)
                0x0000000000004658                __data_load_end__ = (__data_load_start__ + SIZEOF (.data))

.igot.plt       0x0000000100000000        0x0
 .igot.plt      0x0000000100000000        0x0 Output/pwm_driver_pca10040 Release/Obj/thumb_crt0.o
                0x0000000000000001                . = ASSERT (((__data_load_start__ == __data_load_end__) || ((__data_load_end__ - __FLASH_segment_start__) <= __FLASH_segment_size__)), error: .data is too large to fit in FLASH memory segment)

.data_run       0x0000000020000000       0x9c load address 0x00000000000045bc
                0x0000000020000000                __data_run_start__ = .
                0x000000002000009c                . = MAX ((__data_run_start__ + SIZEOF (.data)), .)
 *fill*         0x0000000020000000       0x9c 
                0x000000002000009c                __data_run_end__ = (__data_run_start__ + SIZEOF (.data_run))
                0x000000000000009c                __data_run_size__ = SIZEOF (.data_run)
                0x000000002000009c                __data_run_load_end__ = __data_run_end__
                0x0000000000000001                . = ASSERT (((__data_run_start__ == __data_run_end__) || ((__data_run_end__ - __RAM_segment_start__) <= __RAM_segment_size__)), error: .data_run is too large to fit in RAM memory segment)
                0x0000000000004658                __tdata_load_start__ = ALIGN ((__data_load_start__ + SIZEOF (.data)), 0x4)

.tdata          0x000000002000009c        0x0 load address 0x0000000000004658
                0x000000002000009c                __tdata_start__ = .
 *(.tdata .tdata.*)
                0x000000002000009c                __tdata_end__ = (__tdata_start__ + SIZEOF (.tdata))
                0x0000000000000000                __tdata_size__ = SIZEOF (.tdata)
                0x0000000000004658                __tdata_load_end__ = (__tdata_load_start__ + SIZEOF (.tdata))
                0x0000000000004658                __FLASH_segment_used_end__ = (ALIGN ((__data_load_start__ + SIZEOF (.data)), 0x4) + SIZEOF (.tdata))
                0x0000000000004658                __FLASH_segment_used_size__ = (__FLASH_segment_used_end__ - __FLASH_segment_start__)
                0x0000000000000001                . = ASSERT (((__tdata_load_start__ == __tdata_load_end__) || ((__tdata_load_end__ - __FLASH_segment_start__) <= __FLASH_segment_size__)), error: .tdata is too large to fit in FLASH memory segment)

.tdata_run      0x000000002000009c        0x0
                0x000000002000009c                __tdata_run_start__ = .
                0x000000002000009c                . = MAX ((__tdata_run_start__ + SIZEOF (.tdata)), .)
                0x000000002000009c                __tdata_run_end__ = (__tdata_run_start__ + SIZEOF (.tdata_run))
                0x0000000000000000                __tdata_run_size__ = SIZEOF (.tdata_run)
                0x000000002000009c                __tdata_run_load_end__ = __tdata_run_end__
                0x0000000000000001                . = ASSERT (((__tdata_run_start__ == __tdata_run_end__) || ((__tdata_run_end__ - __RAM_segment_start__) <= __RAM_segment_size__)), error: .tdata_run is too large to fit in RAM memory segment)
                0x000000002000009c                __bss_load_start__ = ALIGN (__tdata_run_end__, 0x4)

.bss            0x000000002000009c      0x94c
                0x000000002000009c                __bss_start__ = .
 *(.bss .bss.* .gnu.linkonce.b.*)
 .bss.m_async_mode
                0x000000002000009c        0x1 Output/pwm_driver_pca10040 Release/Obj/nrf_log_backend_uart.o
 .bss.m_string_buff
                0x000000002000009d       0x40 Output/pwm_driver_pca10040 Release/Obj/nrf_log_backend_uart.o
 .bss.m_xfer_done
                0x00000000200000dd        0x1 Output/pwm_driver_pca10040 Release/Obj/nrf_log_backend_uart.o
 *fill*         0x00000000200000de        0x2 
 .bss.log_mempool_nrf_balloc_cb
                0x00000000200000e0        0x8 Output/pwm_driver_pca10040 Release/Obj/nrf_log_frontend.o
 .bss.log_mempool_nrf_balloc_pool_mem
                0x00000000200000e8       0xc0 Output/pwm_driver_pca10040 Release/Obj/nrf_log_frontend.o
 .bss.log_mempool_nrf_balloc_pool_stack
                0x00000000200001a8        0x8 Output/pwm_driver_pca10040 Release/Obj/nrf_log_frontend.o
 .bss.m_log_data
                0x00000000200001b0      0x420 Output/pwm_driver_pca10040 Release/Obj/nrf_log_frontend.o
 .bss.m_log_push_ringbuf_buf
                0x00000000200005d0       0x80 Output/pwm_driver_pca10040 Release/Obj/nrf_log_frontend.o
 .bss.m_log_push_ringbuf_cb
                0x0000000020000650       0x18 Output/pwm_driver_pca10040 Release/Obj/nrf_log_frontend.o
 .bss.m_button_count
                0x0000000020000668        0x1 Output/pwm_driver_pca10040 Release/Obj/app_button.o
 *fill*         0x0000000020000669        0x3 
 .bss.m_detection_delay
                0x000000002000066c        0x4 Output/pwm_driver_pca10040 Release/Obj/app_button.o
 .bss.m_detection_delay_timer_id_data
                0x0000000020000670       0x20 Output/pwm_driver_pca10040 Release/Obj/app_button.o
 .bss.m_pin_active
                0x0000000020000690        0x8 Output/pwm_driver_pca10040 Release/Obj/app_button.o
 .bss.m_pin_states
                0x0000000020000698       0x10 Output/pwm_driver_pca10040 Release/Obj/app_button.o
 .bss.mp_buttons
                0x00000000200006a8        0x4 Output/pwm_driver_pca10040 Release/Obj/app_button.o
 .bss.m_error_data.7556
                0x00000000200006ac       0x20 Output/pwm_driver_pca10040 Release/Obj/app_error.o
 .bss.m_app_timer_sortlist_sortlist_cb
                0x00000000200006cc        0x4 Output/pwm_driver_pca10040 Release/Obj/app_timer2.o
 .bss.m_base_counter
                0x00000000200006d0        0x8 Output/pwm_driver_pca10040 Release/Obj/app_timer2.o
 .bss.m_global_active
                0x00000000200006d8        0x1 Output/pwm_driver_pca10040 Release/Obj/app_timer2.o
 *fill*         0x00000000200006d9        0x3 
 .bss.m_req_fifo_data
                0x00000000200006dc       0x58 Output/pwm_driver_pca10040 Release/Obj/app_timer2.o
 .bss.m_req_fifo_inst
                0x0000000020000734       0x10 Output/pwm_driver_pca10040 Release/Obj/app_timer2.o
 *fill*         0x0000000020000744        0x4 
 .bss.m_stamp64
                0x0000000020000748        0x8 Output/pwm_driver_pca10040 Release/Obj/app_timer2.o
 .bss.mp_active_timer
                0x0000000020000750        0x4 Output/pwm_driver_pca10040 Release/Obj/app_timer2.o
 .bss.m_in_critical_region
                0x0000000020000754        0x4 Output/pwm_driver_pca10040 Release/Obj/app_util_platform.o
 .bss.m_cb      0x0000000020000758        0x8 Output/pwm_driver_pca10040 Release/Obj/drv_rtc.o
 .bss.m_handlers
                0x0000000020000760        0x4 Output/pwm_driver_pca10040 Release/Obj/drv_rtc.o
 .bss.m_clock_cb
                0x0000000020000764       0x14 Output/pwm_driver_pca10040 Release/Obj/nrf_drv_clock.o
 .bss.m_contexts
                0x0000000020000778        0x4 Output/pwm_driver_pca10040 Release/Obj/nrf_drv_uart.o
 .bss.m_handlers
                0x000000002000077c        0x4 Output/pwm_driver_pca10040 Release/Obj/nrf_drv_uart.o
 .bss.nrf_drv_uart_use_easy_dma
                0x0000000020000780        0x1 Output/pwm_driver_pca10040 Release/Obj/nrf_drv_uart.o
                0x0000000020000780                nrf_drv_uart_use_easy_dma
 *fill*         0x0000000020000781        0x3 
 .bss.m_clock_cb
                0x0000000020000784        0x8 Output/pwm_driver_pca10040 Release/Obj/nrfx_clock.o
 .bss.m_cb      0x000000002000078c       0x5c Output/pwm_driver_pca10040 Release/Obj/nrfx_gpiote.o
 .bss.m_prs_box_4
                0x00000000200007e8        0x8 Output/pwm_driver_pca10040 Release/Obj/nrfx_prs.o
 .bss.m_cb      0x00000000200007f0       0x18 Output/pwm_driver_pca10040 Release/Obj/nrfx_pwm.o
 .bss.m_cb      0x0000000020000808       0x2c Output/pwm_driver_pca10040 Release/Obj/nrfx_uart.o
 .bss.m_cb      0x0000000020000834       0x24 Output/pwm_driver_pca10040 Release/Obj/nrfx_uarte.o
 .bss.current_long_push_pin_no.8319
                0x0000000020000858        0x1 Output/pwm_driver_pca10040 Release/Obj/bsp.o
 .bss.m_alert_on
                0x0000000020000859        0x1 Output/pwm_driver_pca10040 Release/Obj/bsp.o
 *fill*         0x000000002000085a        0x6 
 .bss.m_bsp_alert_tmr_data
                0x0000000020000860       0x20 Output/pwm_driver_pca10040 Release/Obj/bsp.o
 .bss.m_bsp_button_tmr_data
                0x0000000020000880       0x20 Output/pwm_driver_pca10040 Release/Obj/bsp.o
 .bss.m_bsp_leds_tmr_data
                0x00000000200008a0       0x20 Output/pwm_driver_pca10040 Release/Obj/bsp.o
 .bss.m_events_list
                0x00000000200008c0        0xc Output/pwm_driver_pca10040 Release/Obj/bsp.o
 .bss.m_indication_type
                0x00000000200008cc        0x4 Output/pwm_driver_pca10040 Release/Obj/bsp.o
 .bss.m_leds_clear
                0x00000000200008d0        0x1 Output/pwm_driver_pca10040 Release/Obj/bsp.o
 *fill*         0x00000000200008d1        0x3 
 .bss.m_registered_callback
                0x00000000200008d4        0x4 Output/pwm_driver_pca10040 Release/Obj/bsp.o
 .bss.m_stable_state
                0x00000000200008d8        0x1 Output/pwm_driver_pca10040 Release/Obj/bsp.o
 .bss.release_event_at_push.8320
                0x00000000200008d9        0x4 Output/pwm_driver_pca10040 Release/Obj/bsp.o
 .bss.demo_idx.9543
                0x00000000200008dd        0x1 Output/pwm_driver_pca10040 Release/Obj/main.o
 .bss.fade_in_out_values.9516
                0x00000000200008de       0xc8 Output/pwm_driver_pca10040 Release/Obj/main.o
 .bss.m_demo1_phase
                0x00000000200009a6        0x1 Output/pwm_driver_pca10040 Release/Obj/main.o
 *fill*         0x00000000200009a7        0x1 
 .bss.m_demo1_seq_values
                0x00000000200009a8        0x8 Output/pwm_driver_pca10040 Release/Obj/main.o
 .bss.m_used    0x00000000200009b0        0x1 Output/pwm_driver_pca10040 Release/Obj/main.o
 *fill*         0x00000000200009b1        0x1 
 .bss.seq0_values.9489
                0x00000000200009b2       0x32 Output/pwm_driver_pca10040 Release/Obj/main.o
 .bss.stay_off_values.9523
                0x00000000200009e4        0x4 Output/pwm_driver_pca10040 Release/Obj/main.o
 *(COMMON)
                0x00000000200009e8                __bss_end__ = (__bss_start__ + SIZEOF (.bss))
                0x000000000000094c                __bss_size__ = SIZEOF (.bss)
                0x00000000200009e8                __bss_load_end__ = __bss_end__
                0x0000000000000001                . = ASSERT (((__bss_start__ == __bss_end__) || ((__bss_end__ - __RAM_segment_start__) <= __RAM_segment_size__)), error: .bss is too large to fit in RAM memory segment)
                0x00000000200009e8                __tbss_load_start__ = ALIGN (__bss_end__, 0x4)

.tbss           0x00000000200009e8        0x0
                0x00000000200009e8                __tbss_start__ = .
 *(.tbss .tbss.*)
                0x00000000200009e8                __tbss_end__ = (__tbss_start__ + SIZEOF (.tbss))
                0x0000000000000000                __tbss_size__ = SIZEOF (.tbss)
                0x00000000200009e8                __tbss_load_end__ = __tbss_end__
                0x0000000000000001                . = ASSERT (((__tbss_start__ == __tbss_end__) || ((__tbss_end__ - __RAM_segment_start__) <= __RAM_segment_size__)), error: .tbss is too large to fit in RAM memory segment)
                0x00000000200009e8                __non_init_load_start__ = ALIGN (__tbss_end__, 0x4)

.non_init       0x00000000200009e8        0x0
                0x00000000200009e8                __non_init_start__ = .
 *(.non_init .non_init.*)
                0x00000000200009e8                __non_init_end__ = (__non_init_start__ + SIZEOF (.non_init))
                0x0000000000000000                __non_init_size__ = SIZEOF (.non_init)
                0x00000000200009e8                __non_init_load_end__ = __non_init_end__
                0x0000000000000001                . = ASSERT (((__non_init_start__ == __non_init_end__) || ((__non_init_end__ - __RAM_segment_start__) <= __RAM_segment_size__)), error: .non_init is too large to fit in RAM memory segment)
                0x00000000200009e8                __heap_load_start__ = ALIGN (__non_init_end__, 0x4)

.heap           0x00000000200009e8     0x2000
                0x00000000200009e8                __heap_start__ = .
 *(.heap .heap.*)
                0x00000000200029e8                . = ALIGN (MAX ((__heap_start__ + __HEAPSIZE__), .), 0x4)
 *fill*         0x00000000200009e8     0x2000 
                0x00000000200029e8                __heap_end__ = (__heap_start__ + SIZEOF (.heap))
                0x0000000000002000                __heap_size__ = SIZEOF (.heap)
                0x00000000200029e8                __heap_load_end__ = __heap_end__
                0x0000000000000001                . = ASSERT (((__heap_start__ == __heap_end__) || ((__heap_end__ - __RAM_segment_start__) <= __RAM_segment_size__)), error: .heap is too large to fit in RAM memory segment)
                0x000000002000e000                __stack_load_start__ = (__RAM_segment_start__ + (__RAM_segment_size__ - 0x2000))

.stack          0x000000002000e000     0x2000
                0x000000002000e000                __stack_start__ = .
                0x000000002000e000                __StackLimit = __stack_start__
 *(.stack .stack.*)
                0x0000000020010000                . = ALIGN (MAX ((__stack_start__ + __STACKSIZE__), .), 0x8)
 *fill*         0x000000002000e000     0x2000 
                0x0000000020010000                __stack_end__ = (__stack_start__ + SIZEOF (.stack))
                0x0000000000002000                __stack_size__ = SIZEOF (.stack)
                0x0000000020010000                __StackTop = __stack_end__
                0x0000000020010000                __stack_load_end__ = __stack_end__
                0x0000000000000001                . = ASSERT (((__stack_start__ == __stack_end__) || ((__stack_end__ - __RAM_segment_start__) <= __RAM_segment_size__)), error: .stack is too large to fit in RAM memory segment)
                0x0000000000000001                . = ASSERT ((__heap_end__ <= __stack_start__), error: section .heap overlaps absolute placed section .stack)
                0x0000000020010000                __stack_process_load_start__ = ALIGN (__stack_end__, 0x8)

.stack_process  0x0000000020010000        0x0
                0x0000000020010000                __stack_process_start__ = .
 *(.stack_process .stack_process.*)
                0x0000000020010000                . = ALIGN (MAX ((__stack_process_start__ + __STACKSIZE_PROCESS__), .), 0x8)
                0x0000000020010000                __stack_process_end__ = (__stack_process_start__ + SIZEOF (.stack_process))
                0x0000000000000000                __stack_process_size__ = SIZEOF (.stack_process)
                0x0000000020010000                __stack_process_load_end__ = __stack_process_end__
                0x0000000020010000                __RAM_segment_used_end__ = (ALIGN (__stack_end__, 0x8) + SIZEOF (.stack_process))
                0x0000000000010000                __RAM_segment_used_size__ = (__RAM_segment_used_end__ - __RAM_segment_start__)
                0x0000000000000001                . = ASSERT (((__stack_process_start__ == __stack_process_end__) || ((__stack_process_end__ - __RAM_segment_start__) <= __RAM_segment_size__)), error: .stack_process is too large to fit in RAM memory segment)
START GROUP
LOAD Output/pwm_driver_pca10040 Release/Obj/thumb_crt0.o
LOAD Output/pwm_driver_pca10040 Release/Obj/nrf_log_backend_rtt.o
LOAD Output/pwm_driver_pca10040 Release/Obj/nrf_log_backend_serial.o
LOAD Output/pwm_driver_pca10040 Release/Obj/nrf_log_backend_uart.o
LOAD Output/pwm_driver_pca10040 Release/Obj/nrf_log_default_backends.o
LOAD Output/pwm_driver_pca10040 Release/Obj/nrf_log_frontend.o
LOAD Output/pwm_driver_pca10040 Release/Obj/nrf_log_str_formatter.o
LOAD Output/pwm_driver_pca10040 Release/Obj/boards.o
LOAD Output/pwm_driver_pca10040 Release/Obj/app_button.o
LOAD Output/pwm_driver_pca10040 Release/Obj/app_error.o
LOAD Output/pwm_driver_pca10040 Release/Obj/app_error_handler_gcc.o
LOAD Output/pwm_driver_pca10040 Release/Obj/app_error_weak.o
LOAD Output/pwm_driver_pca10040 Release/Obj/app_scheduler.o
LOAD Output/pwm_driver_pca10040 Release/Obj/app_timer2.o
LOAD Output/pwm_driver_pca10040 Release/Obj/app_util_platform.o
LOAD Output/pwm_driver_pca10040 Release/Obj/drv_rtc.o
LOAD Output/pwm_driver_pca10040 Release/Obj/nrf_assert.o
LOAD Output/pwm_driver_pca10040 Release/Obj/nrf_atfifo.o
LOAD Output/pwm_driver_pca10040 Release/Obj/nrf_atomic.o
LOAD Output/pwm_driver_pca10040 Release/Obj/nrf_balloc.o
LOAD Output/pwm_driver_pca10040 Release/Obj/nrf_fprintf.o
LOAD Output/pwm_driver_pca10040 Release/Obj/nrf_fprintf_format.o
LOAD Output/pwm_driver_pca10040 Release/Obj/nrf_memobj.o
LOAD Output/pwm_driver_pca10040 Release/Obj/nrf_ringbuf.o
LOAD Output/pwm_driver_pca10040 Release/Obj/nrf_sortlist.o
LOAD Output/pwm_driver_pca10040 Release/Obj/nrf_strerror.o
LOAD Output/pwm_driver_pca10040 Release/Obj/nrf_drv_clock.o
LOAD Output/pwm_driver_pca10040 Release/Obj/nrf_drv_uart.o
LOAD Output/pwm_driver_pca10040 Release/Obj/nrf_nvic.o
LOAD Output/pwm_driver_pca10040 Release/Obj/nrf_soc.o
LOAD Output/pwm_driver_pca10040 Release/Obj/nrfx_atomic.o
LOAD Output/pwm_driver_pca10040 Release/Obj/nrfx_clock.o
LOAD Output/pwm_driver_pca10040 Release/Obj/nrfx_gpiote.o
LOAD Output/pwm_driver_pca10040 Release/Obj/nrfx_prs.o
LOAD Output/pwm_driver_pca10040 Release/Obj/nrfx_pwm.o
LOAD Output/pwm_driver_pca10040 Release/Obj/nrfx_uart.o
LOAD Output/pwm_driver_pca10040 Release/Obj/nrfx_uarte.o
LOAD Output/pwm_driver_pca10040 Release/Obj/bsp.o
LOAD Output/pwm_driver_pca10040 Release/Obj/main.o
LOAD Output/pwm_driver_pca10040 Release/Obj/SEGGER_RTT.o
LOAD Output/pwm_driver_pca10040 Release/Obj/SEGGER_RTT_Syscalls_SES.o
LOAD Output/pwm_driver_pca10040 Release/Obj/SEGGER_RTT_printf.o
LOAD Output/pwm_driver_pca10040 Release/Obj/ses_startup_nrf52.o
LOAD Output/pwm_driver_pca10040 Release/Obj/ses_startup_nrf_common.o
LOAD Output/pwm_driver_pca10040 Release/Obj/system_nrf52.o
LOAD C:/Program Files/SEGGER/SEGGER Embedded Studio for ARM 4.52a/lib/libdebugio_mempoll_v7em_fpv4_sp_d16_hard_t_le_eabi.a
LOAD C:/Program Files/SEGGER/SEGGER Embedded Studio for ARM 4.52a/lib/libm_v7em_fpv4_sp_d16_hard_t_le_eabi.a
LOAD C:/Program Files/SEGGER/SEGGER Embedded Studio for ARM 4.52a/lib/libc_v7em_fpv4_sp_d16_hard_t_le_eabi.a
LOAD C:/Program Files/SEGGER/SEGGER Embedded Studio for ARM 4.52a/lib/libcpp_v7em_fpv4_sp_d16_hard_t_le_eabi.a
LOAD C:/Program Files/SEGGER/SEGGER Embedded Studio for ARM 4.52a/lib/libdebugio_v7em_fpv4_sp_d16_hard_t_le_eabi.a
LOAD C:/Program Files/SEGGER/SEGGER Embedded Studio for ARM 4.52a/lib/libvfprintf_v7em_fpv4_sp_d16_hard_t_le_eabi.o
LOAD C:/Program Files/SEGGER/SEGGER Embedded Studio for ARM 4.52a/lib/libvfscanf_v7em_fpv4_sp_d16_hard_t_le_eabi.o
END GROUP
OUTPUT(Output/Release/Exe/pwm_driver_pca10040.elf elf32-littlearm)

.ARM.attributes
                0x0000000000000000       0x35
 .ARM.attributes
                0x0000000000000000       0x25 Output/pwm_driver_pca10040 Release/Obj/thumb_crt0.o
 .ARM.attributes
                0x0000000000000025       0x39 Output/pwm_driver_pca10040 Release/Obj/nrf_log_backend_serial.o
 .ARM.attributes
                0x000000000000005e       0x39 Output/pwm_driver_pca10040 Release/Obj/nrf_log_backend_uart.o
 .ARM.attributes
                0x0000000000000097       0x39 Output/pwm_driver_pca10040 Release/Obj/nrf_log_default_backends.o
 .ARM.attributes
                0x00000000000000d0       0x39 Output/pwm_driver_pca10040 Release/Obj/nrf_log_frontend.o
 .ARM.attributes
                0x0000000000000109       0x39 Output/pwm_driver_pca10040 Release/Obj/nrf_log_str_formatter.o
 .ARM.attributes
                0x0000000000000142       0x39 Output/pwm_driver_pca10040 Release/Obj/boards.o
 .ARM.attributes
                0x000000000000017b       0x39 Output/pwm_driver_pca10040 Release/Obj/app_button.o
 .ARM.attributes
                0x00000000000001b4       0x39 Output/pwm_driver_pca10040 Release/Obj/app_error.o
 .ARM.attributes
                0x00000000000001ed       0x39 Output/pwm_driver_pca10040 Release/Obj/app_timer2.o
 .ARM.attributes
                0x0000000000000226       0x39 Output/pwm_driver_pca10040 Release/Obj/app_util_platform.o
 .ARM.attributes
                0x000000000000025f       0x39 Output/pwm_driver_pca10040 Release/Obj/drv_rtc.o
 .ARM.attributes
                0x0000000000000298       0x39 Output/pwm_driver_pca10040 Release/Obj/nrf_atfifo.o
 .ARM.attributes
                0x00000000000002d1       0x39 Output/pwm_driver_pca10040 Release/Obj/nrf_atomic.o
 .ARM.attributes
                0x000000000000030a       0x39 Output/pwm_driver_pca10040 Release/Obj/nrf_balloc.o
 .ARM.attributes
                0x0000000000000343       0x39 Output/pwm_driver_pca10040 Release/Obj/nrf_fprintf.o
 .ARM.attributes
                0x000000000000037c       0x39 Output/pwm_driver_pca10040 Release/Obj/nrf_fprintf_format.o
 .ARM.attributes
                0x00000000000003b5       0x39 Output/pwm_driver_pca10040 Release/Obj/nrf_memobj.o
 .ARM.attributes
                0x00000000000003ee       0x39 Output/pwm_driver_pca10040 Release/Obj/nrf_ringbuf.o
 .ARM.attributes
                0x0000000000000427       0x39 Output/pwm_driver_pca10040 Release/Obj/nrf_sortlist.o
 .ARM.attributes
                0x0000000000000460       0x39 Output/pwm_driver_pca10040 Release/Obj/nrf_drv_clock.o
 .ARM.attributes