<html>
<body>
<pre>
<h1>礦ision Build Log</h1>
<h2>Tool Versions:</h2>
IDE-Version: μVision V5.27.1.0
Copyright (C) 2019 ARM Ltd and ARM Germany GmbH. All rights reserved.
License Information: Ironman 6440885, HP Inc., LIC=HF82M-X0TSD-YDRK5-GJ2NX-U6XJ9-MTQGF
 
Tool Versions:
Toolchain:       MDK-ARM Professional  Version: 5.27.1.0
Toolchain Path:  C:\Keil_v5\ARM\ARMCC\Bin
C Compiler:      Armcc.exe V5.06 update 6 (build 750)
Assembler:       Armasm.exe V5.06 update 6 (build 750)
Linker/Locator:  ArmLink.exe V5.06 update 6 (build 750)
Library Manager: ArmAr.exe V5.06 update 6 (build 750)
Hex Converter:   FromElf.exe V5.06 update 6 (build 750)
CPU DLL:         
Dialog DLL:      
Target DLL:      Segger\JL2CM3.dll V2.99.35.0
Dialog DLL:      TCM.DLL V1.36.1.0
 
<h2>Project:</h2>
C:\Users\64408\Desktop\IK-52832-V2DK开发板配套资料-B盘\6：SDK和试验说明\nRF5_SDK_16.0.0_98a08e2\examples\ble_peripheral\eeg_emg\pca10040\s132\arm5_no_packs\ble_app_hrs_pca10040_s132.uvprojx
Project File Date:  04/07/2020

<h2>Output:</h2>
*** Using Compiler 'V5.06 update 6 (build 750)', folder: 'C:\Keil_v5\ARM\ARMCC\Bin'
Rebuild target 'nrf52832_xxaa'
compiling boards.c...
compiling bsp.c...
compiling bsp_btn_ble.c...
compiling utf.c...
compiling main.c...
..\..\..\spi.h(41): warning:  #1295-D: Deprecated declaration spi_init - give arg types
  extern ret_code_t spi_init();
..\..\..\spi.h(65): warning:  #1295-D: Deprecated declaration get_max_spi_xfer_len - give arg types
  extern uint16_t get_max_spi_xfer_len();
..\..\..\max30003.h(376): warning:  #1-D: last line of file ends without a newline
  #endif /* _MAX30003_H_ */ 
..\..\..\main.c(308): warning:  #223-D: function "nrf_drv_clock_init" declared implicitly
      ret_code_t err_code = nrf_drv_clock_init();
..\..\..\main.c(310): warning:  #223-D: function "nrf_drv_clock_lfclk_request" declared implicitly
      nrf_drv_clock_lfclk_request(NULL);
..\..\..\main.c(445): warning:  #223-D: function "ble_hrs_on_gatt_evt" declared implicitly
      ble_hrs_on_gatt_evt(&m_biosig_svc, p_evt);
..\..\..\main.c(637): warning:  #223-D: function "app_sched_event_put" declared implicitly
              app_sched_event_put(NULL, 0, advertising_start_handler);
..\..\..\main.c(624): warning:  #177-D: variable "err_code"  was declared but never referenced
      ret_code_t err_code;
..\..\..\main.c(660): warning:  #223-D: function "SEGGER_RTT_printf" declared implicitly
              SEGGER_RTT_printf(0, "BLE Connected\r\n");
..\..\..\main.c(788): warning:  #223-D: function "SEGGER_RTT_printf" declared implicitly
                      SEGGER_RTT_printf(0, "SEND STATUS TRYING\r\n");
..\..\..\main.c(794): warning:  #223-D: function "SEGGER_RTT_printf" declared implicitly
              SEGGER_RTT_printf(0, "BLE: %lu\r\n", timestamp);
..\..\..\main.c(992): warning:  #223-D: function "SEGGER_RTT_printf" declared implicitly
          SEGGER_RTT_printf(0, "%d samples read from FIFO\r\n", num_samples);
..\..\..\main.c(1042): warning:  #223-D: function "SEGGER_RTT_printf" declared implicitly
          SEGGER_RTT_printf(0, "Pre-read FIFO overflow!\r\n");
..\..\..\main.c(1050): warning:  #223-D: function "SEGGER_RTT_printf" declared implicitly
          SEGGER_RTT_printf(0, "Reset FIFO\r\n");
..\..\..\main.c(968): warning:  #550-D: variable "ret"  was set but never used
      ret_code_t ret;
..\..\..\main.c(1071): warning:  #223-D: function "SEGGER_RTT_printf" declared implicitly
      SEGGER_RTT_printf(0, "Waiting for startup delay...\r\n");
..\..\..\main.c(1108): warning:  #513-D: a value of type "ret_code_t (*)(uint8_t, const uint8_t *, uint8_t, uint8_t *, uint8_t, _Bool)" cannot be assigned to an entity of type "max30003_spi_xfer_fptr_t"
      m_eeg_dev.spi_xfer = spi_transfer;
..\..\..\main.c(1117): warning:  #513-D: a value of type "ret_code_t (*)(uint8_t, const uint8_t *, uint8_t, uint8_t *, uint8_t, _Bool)" cannot be assigned to an entity of type "max30003_spi_xfer_fptr_t"
      m_emg_dev.spi_xfer = spi_transfer;
..\..\..\main.c: 18 warnings, 0 errors
compiling auth_status_tracker.c...
compiling ble_advdata.c...
compiling ble_advertising.c...
compiling ble_conn_params.c...
compiling ble_srv_common.c...
compiling ble_conn_state.c...
compiling gatt_cache_manager.c...
compiling gatts_cache_manager.c...
compiling nrf_ble_gatt.c...
compiling id_manager.c...
compiling nrf_ble_lesc.c...
compiling nrf_ble_qwr.c...
compiling peer_data_storage.c...
compiling peer_database.c...
compiling peer_id.c...
compiling pm_buffer.c...
compiling peer_manager.c...
compiling peer_manager_handler.c...
compiling security_dispatcher.c...
compiling security_manager.c...
compiling ble_dis.c...
compiling ble_bas.c...
compiling nrf_crypto_aead.c...
compiling nrf_crypto_aes_shared.c...
compiling nrf_crypto_aes.c...
compiling ble_hrs.c...
compiling nrf_crypto_eddsa.c...
compiling nrf_crypto_ecdh.c...
compiling nrf_crypto_ecdsa.c...
compiling nrf_crypto_ecc.c...
compiling nrf_crypto_error.c...
compiling nrf_crypto_hash.c...
compiling nrf_crypto_hkdf.c...
compiling nrf_crypto_hmac.c...
compiling nrf_crypto_init.c...
compiling nrf_crypto_shared.c...
compiling oberon_backend_chacha_poly_aead.c...
compiling nrf_crypto_rng.c...
compiling oberon_backend_ecdh.c...
compiling oberon_backend_ecdsa.c...
compiling oberon_backend_eddsa.c...
compiling oberon_backend_ecc.c...
compiling nrf_hw_backend_rng.c...
compiling oberon_backend_hash.c...
compiling nrf_hw_backend_init.c...
compiling oberon_backend_hmac.c...
compiling nrf_drv_uart.c...
compiling nrf_hw_backend_rng_mbedtls.c...
compiling nrf_drv_rng.c...
compiling nrf_drv_clock.c...
compiling nrfx_prs.c...
compiling nrfx_atomic.c...
compiling nrfx_clock.c...
compiling nrfx_gpiote.c...
compiling nrfx_rng.c...
compiling max30003.c...
..\..\..\max30003.h(376): warning:  #1-D: last line of file ends without a newline
  #endif /* _MAX30003_H_ */ 
..\..\..\spi.h(41): warning:  #1295-D: Deprecated declaration spi_init - give arg types
  extern ret_code_t spi_init();
..\..\..\spi.h(65): warning:  #1295-D: Deprecated declaration get_max_spi_xfer_len - give arg types
  extern uint16_t get_max_spi_xfer_len();
..\..\..\max30003.c(154): warning:  #223-D: function "SEGGER_RTT_printf" declared implicitly
      SEGGER_RTT_printf(0, "Resetting MAX30003...\r\n");
..\..\..\max30003.c(174): warning:  #223-D: function "SEGGER_RTT_printf" declared implicitly
      SEGGER_RTT_printf(0, "Ret code: %d :: INFO: 0x%lx :: 0x%x\r\n", ret, *info, check);
..\..\..\max30003.c: 5 warnings, 0 errors
compiling nrfx_uart.c...
compiling nrfx_uarte.c...
compiling ble_bio_sig_svc.c...
..\..\..\ble_bio_sig_svc.c(123): warning:  #177-D: variable "i"  was declared but never referenced
      int     i;
..\..\..\ble_bio_sig_svc.c(167): warning:  #188-D: enumerated type mixed with another type
      add_char_params.init_len          = biosignal_encode(p_biosig_svc, INITIAL_TIMESTAMP_BIOSIG, 0, INITIAL_VALUE_BIOSIG, 0, encoded_initial_biosig);
..\..\..\ble_bio_sig_svc.c(58): warning:  #550-D: variable "m_wait_ble_tx"  was set but never used
  static bool m_wait_ble_tx;
..\..\..\ble_bio_sig_svc.c: 3 warnings, 0 errors
compiling max30003_intb.c...
..\config\app_config.h(51): warning:  #1-D: last line of file ends without a newline
  #endif // APP_CONFIG_H__
..\..\..\max30003.h(376): warning:  #1-D: last line of file ends without a newline
  #endif /* _MAX30003_H_ */ 
..\..\..\max30003_intb.c(27): warning:  #513-D: a value of type "void (*)(max30003_dev_t *)" cannot be assigned to an entity of type "void (*)(void *)"
      m_gpio_int_callback[dev->spi_instance_id] = callbackfn;
..\..\..\max30003_intb.c: 3 warnings, 0 errors
compiling spi.c...
..\config\app_config.h(51): warning:  #1-D: last line of file ends without a newline
  #endif // APP_CONFIG_H__
..\..\..\spi.h(41): warning:  #1295-D: Deprecated declaration spi_init - give arg types
  extern ret_code_t spi_init();
..\..\..\spi.h(65): warning:  #1295-D: Deprecated declaration get_max_spi_xfer_len - give arg types
  extern uint16_t get_max_spi_xfer_len();
..\..\..\spi.c(69): warning:  #69-D: integer conversion resulted in truncation
      spi_config.ss_pin         = NRF_SPIM_PIN_NOT_CONNECTED;  //set not connected so we can control 
..\..\..\spi.c: 4 warnings, 0 errors
compiling nrfx_rtc.c...
compiling app_error.c...
compiling nrfx_twi.c...
compiling nrfx_spim.c...
compiling app_button.c...
compiling app_error_handler_keil.c...
compiling app_error_weak.c...
compiling app_scheduler.c...
compiling app_util_platform.c...
compiling app_timer.c...
compiling crc16.c...
compiling hardfault_implementation.c...
compiling fds.c...
compiling nrf_assert.c...
compiling mem_manager.c...
compiling nrf_atflags.c...
compiling nrf_atfifo.c...
compiling nrf_atomic.c...
compiling nrf_balloc.c...
compiling nrf_fprintf.c...
compiling nrf_fprintf_format.c...
compiling nrf_fstorage.c...
compiling nrf_fstorage_sd.c...
compiling nrf_memobj.c...
compiling nrf_ringbuf.c...
compiling nrf_queue.c...
compiling sensorsim.c...
compiling nrf_pwr_mgmt.c...
compiling nrf_section_iter.c...
compiling nrf_strerror.c...
compiling nrf_log_backend_serial.c...
compiling nrf_log_backend_rtt.c...
compiling nrf_log_default_backends.c...
compiling nrf_log_backend_uart.c...
compiling nrf_log_str_formatter.c...
compiling nrf_log_frontend.c...
compiling SEGGER_RTT.c...
compiling SEGGER_RTT_Syscalls_KEIL.c...
compiling SEGGER_RTT_printf.c...
compiling nrf_sdh.c...
..\..\..\..\..\..\components\softdevice\common\nrf_sdh.c(204): warning:  #69-D: integer conversion resulted in truncation
          .source       = NRF_SDH_CLOCK_LF_SRC,
..\..\..\..\..\..\components\softdevice\common\nrf_sdh.c: 1 warning, 0 errors
compiling aes.c...
compiling ctr_drbg.c...
assembling arm_startup_nrf52.s...
compiling nrf_sdh_soc.c...
compiling nrf_sdh_ble.c...
compiling system_nrf52.c...
linking...
Program Size: Code=69392 RO-data=19856 RW-data=708 ZI-data=16500  
FromELF: creating hex file...
".\_build\nrf52832_xxaa.axf" - 0 Error(s), 34 Warning(s).

<h2>Software Packages used:</h2>

Package Vendor: ARM
                http://www.keil.com/pack/ARM.CMSIS.4.5.0.pack
                ARM.CMSIS.4.5.0
                CMSIS (Cortex Microcontroller Software Interface Standard)
   * Component: CORE Version: 4.3.0

Package Vendor: NordicSemiconductor
                http://developer.nordicsemi.com/nRF5_SDK/pieces/nRF_DeviceFamilyPack/NordicSemiconductor.nRF_DeviceFamilyPack.8.24.1.pack
                NordicSemiconductor.nRF_DeviceFamilyPack.8.24.1
                Nordic Semiconductor nRF ARM devices Device Family Pack.
   * Component: Startup Version: 8.24.1

<h2>Collection of Component include folders:</h2>
  .\RTE\_nrf52832_xxaa
  C:\Users\64408\AppData\Local\Arm\Packs\ARM\CMSIS\4.5.0\CMSIS\Include
  C:\Users\64408\AppData\Local\Arm\Packs\NordicSemiconductor\nRF_DeviceFamilyPack\8.24.1\Device\Include

<h2>Collection of Component Files used:</h2>

   * Component: ARM::CMSIS:CORE:4.3.0

   * Component: NordicSemiconductor::Device:Startup:8.24.1
      Source file:   Device\Source\arm\arm_startup_nrf52.s
      Source file:   Device\Source\system_nrf52.c
      Include file:  Device\Include\system_nrf52.h
Build Time Elapsed:  00:01:16
</pre>
</body>
</html>
