<html>
<body>
<pre>
<h1>礦ision Build Log</h1>
<h2>Tool Versions:</h2>
IDE-Version: μVision V5.27.1.0
Copyright (C) 2019 ARM Ltd and ARM Germany GmbH. All rights reserved.
License Information: Ironman 6440885, HP Inc., LIC=HF82M-X0TSD-YDRK5-GJ2NX-U6XJ9-MTQGF
 
Tool Versions:
Toolchain:       MDK-ARM Professional  Version: 5.27.1.0
Toolchain Path:  C:\Keil_v5\ARM\ARMCC\Bin
C Compiler:      Armcc.exe V5.06 update 6 (build 750)
Assembler:       Armasm.exe V5.06 update 6 (build 750)
Linker/Locator:  ArmLink.exe V5.06 update 6 (build 750)
Library Manager: ArmAr.exe V5.06 update 6 (build 750)
Hex Converter:   FromElf.exe V5.06 update 6 (build 750)
CPU DLL:         
Dialog DLL:      
Target DLL:      Segger\JL2CM3.dll V2.99.35.0
Dialog DLL:      TCM.DLL V1.36.1.0
 
<h2>Project:</h2>
C:\Users\64408\Desktop\IK-52832-V2DK开发板配套资料-B盘\6：SDK和试验说明\nRF5_SDK_16.0.0_98a08e2\examples\ble_peripheral\ble_app_blinky\pca10040\s132\arm5_no_packs\ble_app_blinky_pca10040_s132.uvprojx
Project File Date:  04/06/2020

<h2>Output:</h2>
*** Using Compiler 'V5.06 update 6 (build 750)', folder: 'C:\Keil_v5\ARM\ARMCC\Bin'
Rebuild target 'nrf52832_xxaa'
compiling utf.c...
compiling ble_advdata.c...
compiling boards.c...
compiling ble_conn_params.c...
compiling main.c...
compiling ble_srv_common.c...
compiling ble_conn_state.c...
compiling nrf_ble_gatt.c...
compiling nrf_ble_qwr.c...
compiling ble_lbs.c...
compiling nrf_drv_uart.c...
compiling nrfx_atomic.c...
compiling nrf_drv_clock.c...
compiling nrfx_clock.c...
compiling nrfx_prs.c...
compiling nrfx_uart.c...
compiling nrfx_gpiote.c...
compiling app_error.c...
compiling app_error_handler_keil.c...
compiling nrfx_uarte.c...
compiling app_button.c...
compiling app_error_weak.c...
compiling app_scheduler.c...
compiling app_util_platform.c...
compiling app_timer2.c...
compiling hardfault_implementation.c...
compiling nrf_assert.c...
compiling nrf_atfifo.c...
compiling drv_rtc.c...
compiling nrf_atomic.c...
compiling nrf_atflags.c...
compiling nrf_fprintf.c...
compiling nrf_balloc.c...
compiling nrf_fprintf_format.c...
compiling nrf_memobj.c...
compiling nrf_ringbuf.c...
compiling nrf_section_iter.c...
compiling nrf_sortlist.c...
compiling nrf_pwr_mgmt.c...
compiling nrf_log_backend_rtt.c...
compiling nrf_strerror.c...
compiling nrf_log_backend_serial.c...
compiling nrf_log_backend_uart.c...
compiling nrf_log_default_backends.c...
compiling nrf_log_frontend.c...
compiling nrf_log_str_formatter.c...
compiling SEGGER_RTT.c...
compiling SEGGER_RTT_Syscalls_KEIL.c...
compiling SEGGER_RTT_printf.c...
assembling arm_startup_nrf52.s...
compiling nrf_sdh.c...
compiling nrf_sdh_soc.c...
compiling nrf_sdh_ble.c...
compiling system_nrf52.c...
linking...
Program Size: Code=19888 RO-data=3436 RW-data=264 ZI-data=10360  
FromELF: creating hex file...
".\_build\nrf52832_xxaa.axf" - 0 Error(s), 0 Warning(s).

<h2>Software Packages used:</h2>

Package Vendor: ARM
                http://www.keil.com/pack/ARM.CMSIS.4.5.0.pack
                ARM.CMSIS.4.5.0
                CMSIS (Cortex Microcontroller Software Interface Standard)
   * Component: CORE Version: 4.3.0

Package Vendor: NordicSemiconductor
                http://developer.nordicsemi.com/nRF5_SDK/pieces/nRF_DeviceFamilyPack/NordicSemiconductor.nRF_DeviceFamilyPack.8.27.1.pack
                NordicSemiconductor.nRF_DeviceFamilyPack.8.27.1
                Nordic Semiconductor nRF ARM devices Device Family Pack with BSD license.
   * Component: Startup Version: 8.27.1

<h2>Collection of Component include folders:</h2>
  .\RTE\_nrf52832_xxaa
  C:\Users\64408\AppData\Local\Arm\Packs\ARM\CMSIS\4.5.0\CMSIS\Include
  C:\Users\64408\AppData\Local\Arm\Packs\NordicSemiconductor\nRF_DeviceFamilyPack\8.27.1\Device\Include

<h2>Collection of Component Files used:</h2>

   * Component: ARM::CMSIS:CORE:4.3.0

   * Component: NordicSemiconductor::Device:Startup:8.27.1
      Source file:   Device\Source\arm\arm_startup_nrf52.s
      Include file:  Device\Include\system_nrf52.h
      Include file:  Device\Include\system_nrf.h
      Source file:   Device\Source\system_nrf52.c
Build Time Elapsed:  00:00:33
</pre>
</body>
</html>
