<html>
<body>
<pre>
<h1>µVision Build Log</h1>
<h2>Tool Versions:</h2>
IDE-Version: µVision V5.27.1.0
Copyright (C) 2019 ARM Ltd and ARM Germany GmbH. All rights reserved.
License Information: Rio Santiago, Mid Pacific, LIC=KIVNB-24ID9-LVA1I-TCWAA-GF98M-LXI9Y
 
Tool Versions:
Toolchain:       MDK-ARM Professional  Version: 5.27.1.0
Toolchain Path:  C:\Keil_v5\ARM\ARMCC\Bin
C Compiler:      Armcc.exe V5.06 update 6 (build 750)
Assembler:       Armasm.exe V5.06 update 6 (build 750)
Linker/Locator:  ArmLink.exe V5.06 update 6 (build 750)
Library Manager: ArmAr.exe V5.06 update 6 (build 750)
Hex Converter:   FromElf.exe V5.06 update 6 (build 750)
CPU DLL:         
Dialog DLL:      
Target DLL:      Segger\JL2CM3.dll V2.99.35.0
Dialog DLL:      TCM.DLL V1.36.1.0
 
<h2>Project:</h2>
C:\Users\Rogers Group\Desktop\Wei Ouyang\nRF5_SDK_16.0.0_98a08e2\examples\ble_peripheral\ble_app_hrs\pca10040\s132\arm5_no_packs\ble_app_hrs_pca10040_s132.uvprojx
Project File Date:  04/07/2020

<h2>Output:</h2>
*** Using Compiler 'V5.06 update 6 (build 750)', folder: 'C:\Keil_v5\ARM\ARMCC\Bin'
Build target 'nrf52832_xxaa'
compiling boards.c...
compiling bsp.c...
compiling utf.c...
compiling main.c...
..\..\..\main.c(704): warning:  #223-D: function "SEGGER_RTT_printf" declared implicitly
              SEGGER_RTT_printf(0,"Disconnected, reason %d.",
..\..\..\main.c: 1 warning, 0 errors
compiling auth_status_tracker.c...
compiling bsp_btn_ble.c...
compiling ble_advdata.c...
compiling ble_conn_params.c...
compiling ble_advertising.c...
compiling ble_conn_state.c...
compiling ble_srv_common.c...
compiling gatts_cache_manager.c...
compiling gatt_cache_manager.c...
compiling id_manager.c...
compiling nrf_ble_gatt.c...
compiling nrf_ble_lesc.c...
compiling nrf_ble_qwr.c...
compiling peer_data_storage.c...
compiling peer_id.c...
compiling peer_database.c...
compiling peer_manager.c...
compiling pm_buffer.c...
compiling peer_manager_handler.c...
compiling security_dispatcher.c...
compiling security_manager.c...
compiling ble_bas.c...
compiling ble_dis.c...
compiling nrf_crypto_aes.c...
compiling nrf_crypto_aead.c...
compiling ble_hrs.c...
..\..\..\..\..\..\components\ble\ble_services\ble_hrs\ble_hrs.c(301): warning:  #223-D: function "SEGGER_RTT_printf" declared implicitly
          SEGGER_RTT_printf(0,"len: %d\r\n",len);
..\..\..\..\..\..\components\ble\ble_services\ble_hrs\ble_hrs.c(389): warning:  #223-D: function "SEGGER_RTT_printf" declared implicitly
          SEGGER_RTT_printf(0, "MTU changed to %d, %d \r\n", p_hrs->max_hrm_len, p_gatt_evt->params.att_mtu_effective);
..\..\..\..\..\..\components\ble\ble_services\ble_hrs\ble_hrs.c: 2 warnings, 0 errors
compiling nrf_crypto_aes_shared.c...
compiling nrf_crypto_ecdh.c...
compiling nrf_crypto_ecc.c...
compiling nrf_crypto_error.c...
compiling nrf_crypto_eddsa.c...
compiling nrf_crypto_ecdsa.c...
compiling nrf_crypto_hash.c...
compiling nrf_crypto_hkdf.c...
compiling nrf_crypto_hmac.c...
compiling nrf_crypto_init.c...
compiling nrf_crypto_shared.c...
compiling nrf_crypto_rng.c...
compiling oberon_backend_chacha_poly_aead.c...
compiling oberon_backend_ecdh.c...
compiling oberon_backend_ecc.c...
compiling oberon_backend_hash.c...
compiling oberon_backend_eddsa.c...
compiling oberon_backend_ecdsa.c...
compiling nrf_hw_backend_rng.c...
compiling nrf_hw_backend_init.c...
compiling oberon_backend_hmac.c...
compiling nrf_hw_backend_rng_mbedtls.c...
compiling nrf_drv_clock.c...
compiling nrf_drv_rng.c...
compiling nrfx_atomic.c...
compiling nrfx_clock.c...
compiling nrf_drv_uart.c...
compiling nrfx_prs.c...
compiling nrfx_rng.c...
compiling nrfx_gpiote.c...
compiling nrfx_uart.c...
compiling nrfx_uarte.c...
compiling app_button.c...
compiling app_error.c...
compiling app_error_handler_keil.c...
compiling app_error_weak.c...
compiling app_scheduler.c...
compiling app_util_platform.c...
compiling app_timer2.c...
compiling crc16.c...
compiling drv_rtc.c...
compiling hardfault_implementation.c...
compiling fds.c...
compiling mem_manager.c...
compiling nrf_assert.c...
compiling nrf_atfifo.c...
compiling nrf_atflags.c...
compiling nrf_atomic.c...
compiling nrf_fprintf.c...
compiling nrf_fprintf_format.c...
compiling nrf_balloc.c...
compiling nrf_fstorage.c...
compiling nrf_fstorage_sd.c...
compiling nrf_memobj.c...
compiling nrf_ringbuf.c...
compiling nrf_queue.c...
compiling nrf_pwr_mgmt.c...
compiling nrf_section_iter.c...
compiling nrf_sortlist.c...
compiling sensorsim.c...
compiling nrf_strerror.c...
compiling nrf_log_backend_rtt.c...
compiling nrf_log_backend_serial.c...
compiling nrf_log_backend_uart.c...
compiling nrf_log_default_backends.c...
compiling nrf_log_frontend.c...
compiling nrf_log_str_formatter.c...
compiling SEGGER_RTT.c...
compiling SEGGER_RTT_Syscalls_KEIL.c...
compiling SEGGER_RTT_printf.c...
compiling nrf_sdh.c...
compiling nrf_sdh_soc.c...
compiling ctr_drbg.c...
compiling aes.c...
compiling nrf_sdh_ble.c...
assembling arm_startup_nrf52.s...
compiling system_nrf52.c...
linking...
Program Size: Code=68488 RO-data=19800 RW-data=692 ZI-data=14492  
FromELF: creating hex file...
".\_build\nrf52832_xxaa.axf" - 0 Error(s), 3 Warning(s).

<h2>Software Packages used:</h2>

Package Vendor: ARM
                http://www.keil.com/pack/ARM.CMSIS.4.5.0.pack
                ARM.CMSIS.4.5.0
                CMSIS (Cortex Microcontroller Software Interface Standard)
   * Component: CORE Version: 4.3.0

Package Vendor: NordicSemiconductor
                http://developer.nordicsemi.com/nRF5_SDK/pieces/nRF_DeviceFamilyPack/NordicSemiconductor.nRF_DeviceFamilyPack.8.27.1.pack
                NordicSemiconductor.nRF_DeviceFamilyPack.8.27.1
                Nordic Semiconductor nRF ARM devices Device Family Pack with BSD license.
   * Component: Startup Version: 8.27.1

<h2>Collection of Component include folders:</h2>
  .\RTE\_nrf52832_xxaa
  C:\Users\Rogers Group\AppData\Local\Arm\Packs\ARM\CMSIS\4.5.0\CMSIS\Include
  C:\Users\Rogers Group\AppData\Local\Arm\Packs\NordicSemiconductor\nRF_DeviceFamilyPack\8.27.1\Device\Include

<h2>Collection of Component Files used:</h2>

   * Component: ARM::CMSIS:CORE:4.3.0

   * Component: NordicSemiconductor::Device:Startup:8.27.1
      Source file:   Device\Source\arm\arm_startup_nrf52.s
      Include file:  Device\Include\system_nrf52.h
      Source file:   Device\Source\system_nrf52.c
      Include file:  Device\Include\system_nrf.h
Build Time Elapsed:  00:01:42
</pre>
</body>
</html>
